Archive member included to satisfy reference by file (symbol)

/Applications/STM32CubeIDE.app/Contents/Eclipse/plugins/com.st.stm32cube.ide.mcu.externaltools.gnu-tools-for-stm32.10.3-2021.10.macos64_1.0.200.202301161003/tools/bin/../lib/gcc/arm-none-eabi/10.3.1/../../../../arm-none-eabi/lib/thumb/v7e-m+fp/hard/libc_nano.a(lib_a-errno.o)
                              ./Core/Src/syscalls.o (__errno)
/Applications/STM32CubeIDE.app/Contents/Eclipse/plugins/com.st.stm32cube.ide.mcu.externaltools.gnu-tools-for-stm32.10.3-2021.10.macos64_1.0.200.202301161003/tools/bin/../lib/gcc/arm-none-eabi/10.3.1/../../../../arm-none-eabi/lib/thumb/v7e-m+fp/hard/libc_nano.a(lib_a-exit.o)
                              /Applications/STM32CubeIDE.app/Contents/Eclipse/plugins/com.st.stm32cube.ide.mcu.externaltools.gnu-tools-for-stm32.10.3-2021.10.macos64_1.0.200.202301161003/tools/bin/../lib/gcc/arm-none-eabi/10.3.1/../../../../arm-none-eabi/lib/thumb/v7e-m+fp/hard/crt0.o (exit)
/Applications/STM32CubeIDE.app/Contents/Eclipse/plugins/com.st.stm32cube.ide.mcu.externaltools.gnu-tools-for-stm32.10.3-2021.10.macos64_1.0.200.202301161003/tools/bin/../lib/gcc/arm-none-eabi/10.3.1/../../../../arm-none-eabi/lib/thumb/v7e-m+fp/hard/libc_nano.a(lib_a-impure.o)
                              /Applications/STM32CubeIDE.app/Contents/Eclipse/plugins/com.st.stm32cube.ide.mcu.externaltools.gnu-tools-for-stm32.10.3-2021.10.macos64_1.0.200.202301161003/tools/bin/../lib/gcc/arm-none-eabi/10.3.1/../../../../arm-none-eabi/lib/thumb/v7e-m+fp/hard/libc_nano.a(lib_a-exit.o) (_global_impure_ptr)
/Applications/STM32CubeIDE.app/Contents/Eclipse/plugins/com.st.stm32cube.ide.mcu.externaltools.gnu-tools-for-stm32.10.3-2021.10.macos64_1.0.200.202301161003/tools/bin/../lib/gcc/arm-none-eabi/10.3.1/../../../../arm-none-eabi/lib/thumb/v7e-m+fp/hard/libc_nano.a(lib_a-init.o)
                              /Applications/STM32CubeIDE.app/Contents/Eclipse/plugins/com.st.stm32cube.ide.mcu.externaltools.gnu-tools-for-stm32.10.3-2021.10.macos64_1.0.200.202301161003/tools/bin/../lib/gcc/arm-none-eabi/10.3.1/../../../../arm-none-eabi/lib/thumb/v7e-m+fp/hard/crt0.o (__libc_init_array)
/Applications/STM32CubeIDE.app/Contents/Eclipse/plugins/com.st.stm32cube.ide.mcu.externaltools.gnu-tools-for-stm32.10.3-2021.10.macos64_1.0.200.202301161003/tools/bin/../lib/gcc/arm-none-eabi/10.3.1/../../../../arm-none-eabi/lib/thumb/v7e-m+fp/hard/libc_nano.a(lib_a-memcpy-stub.o)
                              ./Core/Src/main.o (memcpy)
/Applications/STM32CubeIDE.app/Contents/Eclipse/plugins/com.st.stm32cube.ide.mcu.externaltools.gnu-tools-for-stm32.10.3-2021.10.macos64_1.0.200.202301161003/tools/bin/../lib/gcc/arm-none-eabi/10.3.1/../../../../arm-none-eabi/lib/thumb/v7e-m+fp/hard/libc_nano.a(lib_a-memset.o)
                              /Applications/STM32CubeIDE.app/Contents/Eclipse/plugins/com.st.stm32cube.ide.mcu.externaltools.gnu-tools-for-stm32.10.3-2021.10.macos64_1.0.200.202301161003/tools/bin/../lib/gcc/arm-none-eabi/10.3.1/../../../../arm-none-eabi/lib/thumb/v7e-m+fp/hard/crt0.o (memset)
/Applications/STM32CubeIDE.app/Contents/Eclipse/plugins/com.st.stm32cube.ide.mcu.externaltools.gnu-tools-for-stm32.10.3-2021.10.macos64_1.0.200.202301161003/tools/bin/../lib/gcc/arm-none-eabi/10.3.1/../../../../arm-none-eabi/lib/thumb/v7e-m+fp/hard/libc_nano.a(lib_a-sprintf.o)
                              ./Core/Src/main.o (sprintf)
/Applications/STM32CubeIDE.app/Contents/Eclipse/plugins/com.st.stm32cube.ide.mcu.externaltools.gnu-tools-for-stm32.10.3-2021.10.macos64_1.0.200.202301161003/tools/bin/../lib/gcc/arm-none-eabi/10.3.1/../../../../arm-none-eabi/lib/thumb/v7e-m+fp/hard/libc_nano.a(lib_a-nano-svfprintf.o)
                              /Applications/STM32CubeIDE.app/Contents/Eclipse/plugins/com.st.stm32cube.ide.mcu.externaltools.gnu-tools-for-stm32.10.3-2021.10.macos64_1.0.200.202301161003/tools/bin/../lib/gcc/arm-none-eabi/10.3.1/../../../../arm-none-eabi/lib/thumb/v7e-m+fp/hard/libc_nano.a(lib_a-sprintf.o) (_svfprintf_r)
/Applications/STM32CubeIDE.app/Contents/Eclipse/plugins/com.st.stm32cube.ide.mcu.externaltools.gnu-tools-for-stm32.10.3-2021.10.macos64_1.0.200.202301161003/tools/bin/../lib/gcc/arm-none-eabi/10.3.1/../../../../arm-none-eabi/lib/thumb/v7e-m+fp/hard/libc_nano.a(lib_a-nano-vfprintf_i.o)
                              /Applications/STM32CubeIDE.app/Contents/Eclipse/plugins/com.st.stm32cube.ide.mcu.externaltools.gnu-tools-for-stm32.10.3-2021.10.macos64_1.0.200.202301161003/tools/bin/../lib/gcc/arm-none-eabi/10.3.1/../../../../arm-none-eabi/lib/thumb/v7e-m+fp/hard/libc_nano.a(lib_a-nano-svfprintf.o) (_printf_i)
/Applications/STM32CubeIDE.app/Contents/Eclipse/plugins/com.st.stm32cube.ide.mcu.externaltools.gnu-tools-for-stm32.10.3-2021.10.macos64_1.0.200.202301161003/tools/bin/../lib/gcc/arm-none-eabi/10.3.1/../../../../arm-none-eabi/lib/thumb/v7e-m+fp/hard/libc_nano.a(lib_a-memchr.o)
[...]
Memory Configuration

Name             Origin             Length             Attributes
RAM              0x0000000020000000 0x0000000000050000 xrw
FLASH            0x0000000008000000 0x0000000000010000 xr
*default*        0x0000000000000000 0xffffffffffffffff

Linker script and memory map

LOAD /Applications/STM32CubeIDE.app/Contents/Eclipse/plugins/com.st.stm32cube.ide.mcu.externaltools.gnu-tools-for-stm32.10.3-2021.10.macos64_1.0.200.202301161003/tools/bin/../lib/gcc/arm-none-eabi/10.3.1/thumb/v7e-m+fp/hard/crti.o
LOAD /Applications/STM32CubeIDE.app/Contents/Eclipse/plugins/com.st.stm32cube.ide.mcu.externaltools.gnu-tools-for-stm32.10.3-2021.10.macos64_1.0.200.202301161003/tools/bin/../lib/gcc/arm-none-eabi/10.3.1/thumb/v7e-m+fp/hard/crtbegin.o
LOAD /Applications/STM32CubeIDE.app/Contents/Eclipse/plugins/com.st.stm32cube.ide.mcu.externaltools.gnu-tools-for-stm32.10.3-2021.10.macos64_1.0.200.202301161003/tools/bin/../lib/gcc/arm-none-eabi/10.3.1/../../../../arm-none-eabi/lib/thumb/v7e-m+fp/hard/crt0.o
LOAD ./Core/Src/main.o
LOAD ./Core/Src/stm32f7xx_hal_msp.o
LOAD ./Core/Src/stm32f7xx_it.o
LOAD ./Core/Src/syscalls.o
LOAD ./Core/Src/sysmem.o
LOAD ./Core/Src/system_stm32f7xx.o
LOAD ./Core/Startup/startup_stm32f750n8hx.o
LOAD ./Drivers/BSP/stm32f7508_discovery.o
LOAD ./Drivers/BSP/stm32f7508_discovery_eeprom.o
LOAD ./Drivers/BSP/stm32f7508_discovery_lcd.o
LOAD ./Drivers/BSP/stm32f7508_discovery_qspi.o
LOAD ./Drivers/BSP/stm32f7508_discovery_sd.o
LOAD ./Drivers/BSP/stm32f7508_discovery_sdram.o
LOAD ./Drivers/Components/ft5336/ft5336.o
LOAD ./Drivers/Components/ft5336/ft5336_reg.o
LOAD ./Drivers/STM32F7xx_HAL_Driver/Src/stm32f7xx_hal.o
LOAD ./Drivers/STM32F7xx_HAL_Driver/Src/stm32f7xx_hal_cortex.o
LOAD ./Drivers/STM32F7xx_HAL_Driver/Src/stm32f7xx_hal_crc.o
LOAD ./Drivers/STM32F7xx_HAL_Driver/Src/stm32f7xx_hal_crc_ex.o
LOAD ./Drivers/STM32F7xx_HAL_Driver/Src/stm32f7xx_hal_dma.o
LOAD ./Drivers/STM32F7xx_HAL_Driver/Src/stm32f7xx_hal_dma2d.o
LOAD ./Drivers/STM32F7xx_HAL_Driver/Src/stm32f7xx_hal_dma_ex.o
LOAD ./Drivers/STM32F7xx_HAL_Driver/Src/stm32f7xx_hal_dsi.o
LOAD ./Drivers/STM32F7xx_HAL_Driver/Src/stm32f7xx_hal_exti.o
LOAD ./Drivers/STM32F7xx_HAL_Driver/Src/stm32f7xx_hal_flash.o
LOAD ./Drivers/STM32F7xx_HAL_Driver/Src/stm32f7xx_hal_flash_ex.o
LOAD ./Drivers/STM32F7xx_HAL_Driver/Src/stm32f7xx_hal_gpio.o
LOAD ./Drivers/STM32F7xx_HAL_Driver/Src/stm32f7xx_hal_i2c.o
LOAD ./Drivers/STM32F7xx_HAL_Driver/Src/stm32f7xx_hal_i2c_ex.o
LOAD ./Drivers/STM32F7xx_HAL_Driver/Src/stm32f7xx_hal_ltdc.o
LOAD ./Drivers/STM32F7xx_HAL_Driver/Src/stm32f7xx_hal_ltdc_ex.o
LOAD ./Drivers/STM32F7xx_HAL_Driver/Src/stm32f7xx_hal_pwr.o
LOAD ./Drivers/STM32F7xx_HAL_Driver/Src/stm32f7xx_hal_pwr_ex.o
LOAD ./Drivers/STM32F7xx_HAL_Driver/Src/stm32f7xx_hal_qspi.o
LOAD ./Drivers/STM32F7xx_HAL_Driver/Src/stm32f7xx_hal_rcc.o
LOAD ./Drivers/STM32F7xx_HAL_Driver/Src/stm32f7xx_hal_rcc_ex.o
LOAD ./Drivers/STM32F7xx_HAL_Driver/Src/stm32f7xx_hal_sd.o
LOAD ./Drivers/STM32F7xx_HAL_Driver/Src/stm32f7xx_hal_sdram.o
LOAD ./Drivers/STM32F7xx_HAL_Driver/Src/stm32f7xx_hal_tim.o
LOAD ./Drivers/STM32F7xx_HAL_Driver/Src/stm32f7xx_hal_tim_ex.o
LOAD ./Drivers/STM32F7xx_HAL_Driver/Src/stm32f7xx_hal_uart.o
LOAD ./Drivers/STM32F7xx_HAL_Driver/Src/stm32f7xx_hal_uart_ex.o
LOAD ./Drivers/STM32F7xx_HAL_Driver/Src/stm32f7xx_ll_fmc.o
LOAD ./Drivers/STM32F7xx_HAL_Driver/Src/stm32f7xx_ll_sdmmc.o
START GROUP
LOAD /Applications/STM32CubeIDE.app/Contents/Eclipse/plugins/com.st.stm32cube.ide.mcu.externaltools.gnu-tools-for-stm32.10.3-2021.10.macos64_1.0.200.202301161003/tools/bin/../lib/gcc/arm-none-eabi/10.3.1/../../../../arm-none-eabi/lib/thumb/v7e-m+fp/hard/libc_nano.a
LOAD /Applications/STM32CubeIDE.app/Contents/Eclipse/plugins/com.st.stm32cube.ide.mcu.externaltools.gnu-tools-for-stm32.10.3-2021.10.macos64_1.0.200.202301161003/tools/bin/../lib/gcc/arm-none-eabi/10.3.1/../../../../arm-none-eabi/lib/thumb/v7e-m+fp/hard/libm.a
END GROUP
START GROUP
LOAD /Applications/STM32CubeIDE.app/Contents/Eclipse/plugins/com.st.stm32cube.ide.mcu.externaltools.gnu-tools-for-stm32.10.3-2021.10.macos64_1.0.200.202301161003/tools/bin/../lib/gcc/arm-none-eabi/10.3.1/thumb/v7e-m+fp/hard/libgcc.a
LOAD /Applications/STM32CubeIDE.app/Contents/Eclipse/plugins/com.st.stm32cube.ide.mcu.externaltools.gnu-tools-for-stm32.10.3-2021.10.macos64_1.0.200.202301161003/tools/bin/../lib/gcc/arm-none-eabi/10.3.1/../../../../arm-none-eabi/lib/thumb/v7e-m+fp/hard/libc_nano.a
END GROUP
START GROUP
LOAD /Applications/STM32CubeIDE.app/Contents/Eclipse/plugins/com.st.stm32cube.ide.mcu.externaltools.gnu-tools-for-stm32.10.3-2021.10.macos64_1.0.200.202301161003/tools/bin/../lib/gcc/arm-none-eabi/10.3.1/thumb/v7e-m+fp/hard/libgcc.a
LOAD /Applications/STM32CubeIDE.app/Contents/Eclipse/plugins/com.st.stm32cube.ide.mcu.externaltools.gnu-tools-for-stm32.10.3-2021.10.macos64_1.0.200.202301161003/tools/bin/../lib/gcc/arm-none-eabi/10.3.1/../../../../arm-none-eabi/lib/thumb/v7e-m+fp/hard/libc_nano.a
LOAD /Applications/STM32CubeIDE.app/Contents/Eclipse/plugins/com.st.stm32cube.ide.mcu.externaltools.gnu-tools-for-stm32.10.3-2021.10.macos64_1.0.200.202301161003/tools/bin/../lib/gcc/arm-none-eabi/10.3.1/../../../../arm-none-eabi/lib/thumb/v7e-m+fp/hard/libnosys.a
END GROUP
START GROUP
LOAD /Applications/STM32CubeIDE.app/Contents/Eclipse/plugins/com.st.stm32cube.ide.mcu.externaltools.gnu-tools-for-stm32.10.3-2021.10.macos64_1.0.200.202301161003/tools/bin/../lib/gcc/arm-none-eabi/10.3.1/thumb/v7e-m+fp/hard/libgcc.a
LOAD /Applications/STM32CubeIDE.app/Contents/Eclipse/plugins/com.st.stm32cube.ide.mcu.externaltools.gnu-tools-for-stm32.10.3-2021.10.macos64_1.0.200.202301161003/tools/bin/../lib/gcc/arm-none-eabi/10.3.1/../../../../arm-none-eabi/lib/thumb/v7e-m+fp/hard/libc_nano.a
LOAD /Applications/STM32CubeIDE.app/Contents/Eclipse/plugins/com.st.stm32cube.ide.mcu.externaltools.gnu-tools-for-stm32.10.3-2021.10.macos64_1.0.200.202301161003/tools/bin/../lib/gcc/arm-none-eabi/10.3.1/../../../../arm-none-eabi/lib/thumb/v7e-m+fp/hard/libnosys.a
END GROUP
LOAD /Applications/STM32CubeIDE.app/Contents/Eclipse/plugins/com.st.stm32cube.ide.mcu.externaltools.gnu-tools-for-stm32.10.3-2021.10.macos64_1.0.200.202301161003/tools/bin/../lib/gcc/arm-none-eabi/10.3.1/thumb/v7e-m+fp/hard/crtend.o
LOAD /Applications/STM32CubeIDE.app/Contents/Eclipse/plugins/com.st.stm32cube.ide.mcu.externaltools.gnu-tools-for-stm32.10.3-2021.10.macos64_1.0.200.202301161003/tools/bin/../lib/gcc/arm-none-eabi/10.3.1/thumb/v7e-m+fp/hard/crtn.o
                0x0000000020050000                _estack = (ORIGIN (RAM) + LENGTH (RAM))
                0x0000000000000200                _Min_Heap_Size = 0x200
                0x0000000000000400                _Min_Stack_Size = 0x400

.isr_vector     0x0000000008000000      0x1c8
                0x0000000008000000                . = ALIGN (0x4)
 *(.isr_vector)
 .isr_vector    0x0000000008000000      0x1c8 ./Core/Startup/startup_stm32f750n8hx.o
                0x0000000008000000                g_pfnVectors
                0x00000000080001c8                . = ALIGN (0x4)

.text           0x00000000080001d0     0x67a8
                0x00000000080001d0                . = ALIGN (0x4)
 *(.text)
 .text          0x00000000080001d0       0x40 /Applications/STM32CubeIDE.app/Contents/Eclipse/plugins/com.st.stm32cube.ide.mcu.externaltools.gnu-tools-for-stm32.10.3-2021.10.macos64_1.0.200.202301161003/tools/bin/../lib/gcc/arm-none-eabi/10.3.1/thumb/v7e-m+fp/hard/crtbegin.o
 .text          0x0000000008000210       0xa0 /Applications/STM32CubeIDE.app/Contents/Eclipse/plugins/com.st.stm32cube.ide.mcu.externaltools.gnu-tools-for-stm32.10.3-2021.10.macos64_1.0.200.202301161003/tools/bin/../lib/gcc/arm-none-eabi/10.3.1/../../../../arm-none-eabi/lib/thumb/v7e-m+fp/hard/libc_nano.a(lib_a-memchr.o)
                0x0000000008000210                memchr
 .text          0x00000000080002b0       0x30 /Applications/STM32CubeIDE.app/Contents/Eclipse/plugins/com.st.stm32cube.ide.mcu.externaltools.gnu-tools-for-stm32.10.3-2021.10.macos64_1.0.200.202301161003/tools/bin/../lib/gcc/arm-none-eabi/10.3.1/thumb/v7e-m+fp/hard/libgcc.a(_aeabi_uldivmod.o)
                0x00000000080002b0                __aeabi_uldivmod
 .text          0x00000000080002e0      0x2d0 /Applications/STM32CubeIDE.app/Contents/Eclipse/plugins/com.st.stm32cube.ide.mcu.externaltools.gnu-tools-for-stm32.10.3-2021.10.macos64_1.0.200.202301161003/tools/bin/../lib/gcc/arm-none-eabi/10.3.1/thumb/v7e-m+fp/hard/libgcc.a(_udivmoddi4.o)
                0x00000000080002e0                __udivmoddi4
 .text          0x00000000080005b0        0x4 /Applications/STM32CubeIDE.app/Contents/Eclipse/plugins/com.st.stm32cube.ide.mcu.externaltools.gnu-tools-for-stm32.10.3-2021.10.macos64_1.0.200.202301161003/tools/bin/../lib/gcc/arm-none-eabi/10.3.1/thumb/v7e-m+fp/hard/libgcc.a(_dvmd_tls.o)
                0x00000000080005b0                __aeabi_ldiv0
                0x00000000080005b0                __aeabi_idiv0
 *(.text*)
 .text.main     0x00000000080005b4      0x150 ./Core/Src/main.o
                0x00000000080005b4                main
 .text.SystemClock_Config
                0x0000000008000704       0xd8 ./Core/Src/main.o
                0x0000000008000704                SystemClock_Config
 .text.MX_CRC_Init
                0x00000000080007dc       0x44 ./Core/Src/main.o
 .text.MX_DMA2D_Init
                0x0000000008000820       0x64 ./Core/Src/main.o
 .text.MX_QUADSPI_Init
                0x0000000008000884       0x58 ./Core/Src/main.o
 .text.MX_UART4_Init
                0x00000000080008dc       0x60 ./Core/Src/main.o
 .text.MX_USART3_UART_Init
                0x000000000800093c       0x60 ./Core/Src/main.o
 .text.MX_USART6_UART_Init
                0x000000000800099c       0x60 ./Core/Src/main.o
 .text.MX_GPIO_Init
                0x00000000080009fc       0xe0 ./Core/Src/main.o
 .text.LCD_Config
                0x0000000008000adc       0x28 ./Core/Src/main.o
 .text.Draw_Line
                0x0000000008000b04       0x58 ./Core/Src/main.o
 .text.add_product
                0x0000000008000b5c       0xe8 ./Core/Src/main.o
 .text.convert_menu_string
                0x0000000008000c44       0xa0 ./Core/Src/main.o
 .text.HAL_GPIO_EXTI_Callback
                0x0000000008000ce4       0x24 ./Core/Src/main.o
                0x0000000008000ce4                HAL_GPIO_EXTI_Callback
 .text.Error_Handler
                0x0000000008000d08        0xa ./Core/Src/main.o
                0x0000000008000d08                Error_Handler
 *fill*         0x0000000008000d12        0x2 
 .text.HAL_MspInit
                0x0000000008000d14       0x50 ./Core/Src/stm32f7xx_hal_msp.o
                0x0000000008000d14                HAL_MspInit
 .text.HAL_CRC_MspInit
                0x0000000008000d64       0x40 ./Core/Src/stm32f7xx_hal_msp.o
                0x0000000008000d64                HAL_CRC_MspInit
 .text.HAL_DMA2D_MspInit
                0x0000000008000da4       0x40 ./Core/Src/stm32f7xx_hal_msp.o
                0x0000000008000da4                HAL_DMA2D_MspInit
 .text.HAL_QSPI_MspInit
                0x0000000008000de4      0x100 ./Core/Src/stm32f7xx_hal_msp.o
                0x0000000008000de4                HAL_QSPI_MspInit
 .text.HAL_UART_MspInit
                0x0000000008000ee4      0x22c ./Core/Src/stm32f7xx_hal_msp.o
                0x0000000008000ee4                HAL_UART_MspInit
 .text.NMI_Handler
                0x0000000008001110        0x6 ./Core/Src/stm32f7xx_it.o
                0x0000000008001110                NMI_Handler
 .text.HardFault_Handler
                0x0000000008001116        0x6 ./Core/Src/stm32f7xx_it.o
                0x0000000008001116                HardFault_Handler
 .text.MemManage_Handler
                0x000000000800111c        0x6 ./Core/Src/stm32f7xx_it.o
                0x000000000800111c                MemManage_Handler
 .text.BusFault_Handler
                0x0000000008001122        0x6 ./Core/Src/stm32f7xx_it.o
                0x0000000008001122                BusFault_Handler
 .text.UsageFault_Handler
                0x0000000008001128        0x6 ./Core/Src/stm32f7xx_it.o
                0x0000000008001128                UsageFault_Handler
 .text.SVC_Handler
                0x000000000800112e        0xe ./Core/Src/stm32f7xx_it.o
                0x000000000800112e                SVC_Handler
 .text.DebugMon_Handler
                0x000000000800113c        0xe ./Core/Src/stm32f7xx_it.o
                0x000000000800113c                DebugMon_Handler
 .text.PendSV_Handler
                0x000000000800114a        0xe ./Core/Src/stm32f7xx_it.o
                0x000000000800114a                PendSV_Handler
 .text.SysTick_Handler
                0x0000000008001158        0xc ./Core/Src/stm32f7xx_it.o
                0x0000000008001158                SysTick_Handler
 .text.EXTI9_5_IRQHandler
                0x0000000008001164        0xe ./Core/Src/stm32f7xx_it.o
                0x0000000008001164                EXTI9_5_IRQHandler
 *fill*         0x0000000008001172        0x2 
 .text.USART6_IRQHandler
                0x0000000008001174       0x14 ./Core/Src/stm32f7xx_it.o
                0x0000000008001174                USART6_IRQHandler
 .text._sbrk    0x0000000008001188       0x6c ./Core/Src/sysmem.o
                0x0000000008001188                _sbrk
 .text.SystemInit
                0x00000000080011f4       0x24 ./Core/Src/system_stm32f7xx.o
                0x00000000080011f4                SystemInit
 .text.Reset_Handler
                0x0000000008001218       0x48 ./Core/Startup/startup_stm32f750n8hx.o
                0x0000000008001218                Reset_Handler
 .text.Default_Handler
                0x0000000008001260        0x2 ./Core/Startup/startup_stm32f750n8hx.o
                0x0000000008001260                DMA1_Stream3_IRQHandler
                0x0000000008001260                HASH_RNG_IRQHandler
                0x0000000008001260                EXTI2_IRQHandler
                0x0000000008001260                TIM8_CC_IRQHandler
                0x0000000008001260                UART8_IRQHandler
                0x0000000008001260                SPI4_IRQHandler
                0x0000000008001260                TIM1_CC_IRQHandler
                0x0000000008001260                DMA2_Stream5_IRQHandler
                0x0000000008001260                DMA1_Stream5_IRQHandler
                0x0000000008001260                PVD_IRQHandler
                0x0000000008001260                TAMP_STAMP_IRQHandler
                0x0000000008001260                CAN2_RX1_IRQHandler
                0x0000000008001260                EXTI3_IRQHandler
                0x0000000008001260                TIM8_TRG_COM_TIM14_IRQHandler
                0x0000000008001260                TIM1_UP_TIM10_IRQHandler
                0x0000000008001260                TIM8_UP_TIM13_IRQHandler
                0x0000000008001260                I2C3_ER_IRQHandler
                0x0000000008001260                EXTI0_IRQHandler
                0x0000000008001260                I2C2_EV_IRQHandler
                0x0000000008001260                DMA1_Stream2_IRQHandler
                0x0000000008001260                CAN1_RX0_IRQHandler
                0x0000000008001260                FPU_IRQHandler
                0x0000000008001260                OTG_HS_WKUP_IRQHandler
                0x0000000008001260                LTDC_ER_IRQHandler
                0x0000000008001260                CAN2_SCE_IRQHandler
                0x0000000008001260                DMA2_Stream2_IRQHandler
                0x0000000008001260                SPI1_IRQHandler
                0x0000000008001260                TIM6_DAC_IRQHandler
                0x0000000008001260                TIM1_BRK_TIM9_IRQHandler
                0x0000000008001260                DCMI_IRQHandler
                0x0000000008001260                CAN2_RX0_IRQHandler
                0x0000000008001260                DMA2_Stream3_IRQHandler
                0x0000000008001260                SAI2_IRQHandler
                0x0000000008001260                USART3_IRQHandler
                0x0000000008001260                CRYP_IRQHandler
                0x0000000008001260                CAN1_RX1_IRQHandler
                0x0000000008001260                UART5_IRQHandler
                0x0000000008001260                DMA2_Stream0_IRQHandler
                0x0000000008001260                TIM4_IRQHandler
                0x0000000008001260                QUADSPI_IRQHandler
                0x0000000008001260                I2C1_EV_IRQHandler
                0x0000000008001260                DMA1_Stream6_IRQHandler
                0x0000000008001260                DMA1_Stream1_IRQHandler
                0x0000000008001260                UART4_IRQHandler
                0x0000000008001260                TIM3_IRQHandler
                0x0000000008001260                RCC_IRQHandler
                0x0000000008001260                TIM8_BRK_TIM12_IRQHandler
                0x0000000008001260                Default_Handler
                0x0000000008001260                CEC_IRQHandler
                0x0000000008001260                EXTI15_10_IRQHandler
                0x0000000008001260                ADC_IRQHandler
                0x0000000008001260                DMA1_Stream7_IRQHandler
                0x0000000008001260                SPI5_IRQHandler
                0x0000000008001260                TIM7_IRQHandler
                0x0000000008001260                SDMMC1_IRQHandler
                0x0000000008001260                CAN2_TX_IRQHandler
                0x0000000008001260                TIM5_IRQHandler
                0x0000000008001260                DMA2_Stream7_IRQHandler
                0x0000000008001260                I2C3_EV_IRQHandler
                0x0000000008001260                RTC_WKUP_IRQHandler
                0x0000000008001260                LTDC_IRQHandler
                0x0000000008001260                ETH_WKUP_IRQHandler
                0x0000000008001260                SPDIF_RX_IRQHandler
                0x0000000008001260                SPI2_IRQHandler
                0x0000000008001260                OTG_HS_EP1_IN_IRQHandler
                0x0000000008001260                DMA1_Stream0_IRQHandler
                0x0000000008001260                CAN1_TX_IRQHandler
                0x0000000008001260                EXTI4_IRQHandler
                0x0000000008001260                ETH_IRQHandler
                0x0000000008001260                OTG_HS_EP1_OUT_IRQHandler
                0x0000000008001260                WWDG_IRQHandler
                0x0000000008001260                SPI6_IRQHandler
                0x0000000008001260                I2C4_EV_IRQHandler
                0x0000000008001260                TIM2_IRQHandler
                0x0000000008001260                OTG_FS_WKUP_IRQHandler
                0x0000000008001260                TIM1_TRG_COM_TIM11_IRQHandler
                0x0000000008001260                OTG_HS_IRQHandler
                0x0000000008001260                DMA2D_IRQHandler
                0x0000000008001260                EXTI1_IRQHandler
                0x0000000008001260                UART7_IRQHandler
                0x0000000008001260                USART2_IRQHandler
                0x0000000008001260                I2C2_ER_IRQHandler
                0x0000000008001260                DMA2_Stream1_IRQHandler
                0x0000000008001260                CAN1_SCE_IRQHandler
                0x0000000008001260                FLASH_IRQHandler
                0x0000000008001260                DMA2_Stream4_IRQHandler
                0x0000000008001260                USART1_IRQHandler
                0x0000000008001260                OTG_FS_IRQHandler
                0x0000000008001260                SPI3_IRQHandler
                0x0000000008001260                DMA1_Stream4_IRQHandler
                0x0000000008001260                I2C1_ER_IRQHandler
                0x0000000008001260                FMC_IRQHandler
                0x0000000008001260                LPTIM1_IRQHandler
                0x0000000008001260                I2C4_ER_IRQHandler
                0x0000000008001260                DMA2_Stream6_IRQHandler
                0x0000000008001260                SAI1_IRQHandler
                0x0000000008001260                RTC_Alarm_IRQHandler
 *fill*         0x0000000008001262        0x2 
 .text.BSP_LCD_Init
                0x0000000008001264       0xe0 ./Drivers/BSP/stm32f7508_discovery_lcd.o
                0x0000000008001264                BSP_LCD_Init
 .text.BSP_LCD_GetXSize
                0x0000000008001344       0x28 ./Drivers/BSP/stm32f7508_discovery_lcd.o
                0x0000000008001344                BSP_LCD_GetXSize
 .text.BSP_LCD_GetYSize
                0x000000000800136c       0x28 ./Drivers/BSP/stm32f7508_discovery_lcd.o
                0x000000000800136c                BSP_LCD_GetYSize
 .text.BSP_LCD_LayerDefaultInit
                0x0000000008001394       0xc0 ./Drivers/BSP/stm32f7508_discovery_lcd.o
                0x0000000008001394                BSP_LCD_LayerDefaultInit
 .text.BSP_LCD_SelectLayer
                0x0000000008001454       0x20 ./Drivers/BSP/stm32f7508_discovery_lcd.o
                0x0000000008001454                BSP_LCD_SelectLayer
 .text.BSP_LCD_SetTextColor
                0x0000000008001474       0x30 ./Drivers/BSP/stm32f7508_discovery_lcd.o
                0x0000000008001474                BSP_LCD_SetTextColor
 .text.BSP_LCD_SetBackColor
                0x00000000080014a4       0x34 ./Drivers/BSP/stm32f7508_discovery_lcd.o
                0x00000000080014a4                BSP_LCD_SetBackColor
 .text.BSP_LCD_SetFont
                0x00000000080014d8       0x34 ./Drivers/BSP/stm32f7508_discovery_lcd.o
                0x00000000080014d8                BSP_LCD_SetFont
 .text.BSP_LCD_GetFont
                0x000000000800150c       0x2c ./Drivers/BSP/stm32f7508_discovery_lcd.o
                0x000000000800150c                BSP_LCD_GetFont
 .text.BSP_LCD_Clear
                0x0000000008001538       0x50 ./Drivers/BSP/stm32f7508_discovery_lcd.o
                0x0000000008001538                BSP_LCD_Clear
 .text.BSP_LCD_DisplayChar
                0x0000000008001588       0x88 ./Drivers/BSP/stm32f7508_discovery_lcd.o
                0x0000000008001588                BSP_LCD_DisplayChar
 .text.BSP_LCD_DisplayStringAt
                0x0000000008001610      0x190 ./Drivers/BSP/stm32f7508_discovery_lcd.o
                0x0000000008001610                BSP_LCD_DisplayStringAt
 .text.BSP_LCD_DisplayStringAtLine
                0x00000000080017a0       0x2e ./Drivers/BSP/stm32f7508_discovery_lcd.o
                0x00000000080017a0                BSP_LCD_DisplayStringAtLine
 *fill*         0x00000000080017ce        0x2 
 .text.BSP_LCD_DrawLine
                0x00000000080017d0      0x198 ./Drivers/BSP/stm32f7508_discovery_lcd.o
                0x00000000080017d0                BSP_LCD_DrawLine
 .text.BSP_LCD_DrawPixel
                0x0000000008001968       0x90 ./Drivers/BSP/stm32f7508_discovery_lcd.o
                0x0000000008001968                BSP_LCD_DrawPixel
 .text.BSP_LCD_DisplayOn
                0x00000000080019f8       0x3c ./Drivers/BSP/stm32f7508_discovery_lcd.o
                0x00000000080019f8                BSP_LCD_DisplayOn
 .text.BSP_LCD_MspInit
                0x0000000008001a34      0x1b4 ./Drivers/BSP/stm32f7508_discovery_lcd.o
                0x0000000008001a34                BSP_LCD_MspInit
 .text.BSP_LCD_ClockConfig
                0x0000000008001be8       0x38 ./Drivers/BSP/stm32f7508_discovery_lcd.o
                0x0000000008001be8                BSP_LCD_ClockConfig
 .text.DrawChar
                0x0000000008001c20      0x170 ./Drivers/BSP/stm32f7508_discovery_lcd.o
 .text.LL_FillBuffer
                0x0000000008001d90       0x98 ./Drivers/BSP/stm32f7508_discovery_lcd.o
 .text.BSP_SDRAM_Init
                0x0000000008001e28       0xbc ./Drivers/BSP/stm32f7508_discovery_sdram.o
                0x0000000008001e28                BSP_SDRAM_Init
 .text.BSP_SDRAM_Initialization_sequence
                0x0000000008001ee4       0xc0 ./Drivers/BSP/stm32f7508_discovery_sdram.o
                0x0000000008001ee4                BSP_SDRAM_Initialization_sequence
 .text.BSP_SDRAM_MspInit
                0x0000000008001fa4      0x1f0 ./Drivers/BSP/stm32f7508_discovery_sdram.o
                0x0000000008001fa4                BSP_SDRAM_MspInit
 .text.HAL_Init
                0x0000000008002194       0x1a ./Drivers/STM32F7xx_HAL_Driver/Src/stm32f7xx_hal.o
                0x0000000008002194                HAL_Init
 *fill*         0x00000000080021ae        0x2 
 .text.HAL_InitTick
                0x00000000080021b0       0x60 ./Drivers/STM32F7xx_HAL_Driver/Src/stm32f7xx_hal.o
                0x00000000080021b0                HAL_InitTick
 .text.HAL_IncTick
                0x0000000008002210       0x28 ./Drivers/STM32F7xx_HAL_Driver/Src/stm32f7xx_hal.o
                0x0000000008002210                HAL_IncTick
 .text.HAL_GetTick
                0x0000000008002238       0x18 ./Drivers/STM32F7xx_HAL_Driver/Src/stm32f7xx_hal.o
                0x0000000008002238                HAL_GetTick
 .text.HAL_Delay
                0x0000000008002250       0x48 ./Drivers/STM32F7xx_HAL_Driver/Src/stm32f7xx_hal.o
                0x0000000008002250                HAL_Delay
 .text.__NVIC_SetPriorityGrouping
                0x0000000008002298       0x48 ./Drivers/STM32F7xx_HAL_Driver/Src/stm32f7xx_hal_cortex.o
 .text.__NVIC_GetPriorityGrouping
                0x00000000080022e0       0x1c ./Drivers/STM32F7xx_HAL_Driver/Src/stm32f7xx_hal_cortex.o
 .text.__NVIC_EnableIRQ
                0x00000000080022fc       0x3c ./Drivers/STM32F7xx_HAL_Driver/Src/stm32f7xx_hal_cortex.o
 .text.__NVIC_SetPriority
                0x0000000008002338       0x54 ./Drivers/STM32F7xx_HAL_Driver/Src/stm32f7xx_hal_cortex.o
 .text.NVIC_EncodePriority
                0x000000000800238c       0x66 ./Drivers/STM32F7xx_HAL_Driver/Src/stm32f7xx_hal_cortex.o
 *fill*         0x00000000080023f2        0x2 
 .text.SysTick_Config
                0x00000000080023f4       0x44 ./Drivers/STM32F7xx_HAL_Driver/Src/stm32f7xx_hal_cortex.o
 .text.HAL_NVIC_SetPriorityGrouping
                0x0000000008002438       0x16 ./Drivers/STM32F7xx_HAL_Driver/Src/stm32f7xx_hal_cortex.o
                0x0000000008002438                HAL_NVIC_SetPriorityGrouping
 .text.HAL_NVIC_SetPriority
                0x000000000800244e       0x38 ./Drivers/STM32F7xx_HAL_Driver/Src/stm32f7xx_hal_cortex.o
                0x000000000800244e                HAL_NVIC_SetPriority
 .text.HAL_NVIC_EnableIRQ
                0x0000000008002486       0x1c ./Drivers/STM32F7xx_HAL_Driver/Src/stm32f7xx_hal_cortex.o
                0x0000000008002486                HAL_NVIC_EnableIRQ
 .text.HAL_SYSTICK_Config
                0x00000000080024a2       0x18 ./Drivers/STM32F7xx_HAL_Driver/Src/stm32f7xx_hal_cortex.o
                0x00000000080024a2                HAL_SYSTICK_Config
 *fill*         0x00000000080024ba        0x2 
 .text.HAL_CRC_Init
                0x00000000080024bc       0xc8 ./Drivers/STM32F7xx_HAL_Driver/Src/stm32f7xx_hal_crc.o
                0x00000000080024bc                HAL_CRC_Init
 .text.HAL_CRCEx_Polynomial_Set
                0x0000000008002584      0x10c ./Drivers/STM32F7xx_HAL_Driver/Src/stm32f7xx_hal_crc_ex.o
                0x0000000008002584                HAL_CRCEx_Polynomial_Set
 .text.HAL_DMA_Init
                0x0000000008002690      0x15c ./Drivers/STM32F7xx_HAL_Driver/Src/stm32f7xx_hal_dma.o
                0x0000000008002690                HAL_DMA_Init
 .text.HAL_DMA_DeInit
                0x00000000080027ec       0xbc ./Drivers/STM32F7xx_HAL_Driver/Src/stm32f7xx_hal_dma.o
                0x00000000080027ec                HAL_DMA_DeInit
 .text.HAL_DMA_Abort
                0x00000000080028a8       0xe0 ./Drivers/STM32F7xx_HAL_Driver/Src/stm32f7xx_hal_dma.o
                0x00000000080028a8                HAL_DMA_Abort
 .text.HAL_DMA_Abort_IT
                0x0000000008002988       0x44 ./Drivers/STM32F7xx_HAL_Driver/Src/stm32f7xx_hal_dma.o
                0x0000000008002988                HAL_DMA_Abort_IT
 .text.DMA_CalcBaseAndBitshift
                0x00000000080029cc       0x6c ./Drivers/STM32F7xx_HAL_Driver/Src/stm32f7xx_hal_dma.o
 .text.DMA_CheckFifoParam
                0x0000000008002a38       0xf8 ./Drivers/STM32F7xx_HAL_Driver/Src/stm32f7xx_hal_dma.o
 .text.HAL_DMA2D_Init
                0x0000000008002b30       0x94 ./Drivers/STM32F7xx_HAL_Driver/Src/stm32f7xx_hal_dma2d.o
                0x0000000008002b30                HAL_DMA2D_Init
 .text.HAL_DMA2D_Start
                0x0000000008002bc4       0x56 ./Drivers/STM32F7xx_HAL_Driver/Src/stm32f7xx_hal_dma2d.o
                0x0000000008002bc4                HAL_DMA2D_Start
 .text.HAL_DMA2D_PollForTransfer
                0x0000000008002c1a      0x1d2 ./Drivers/STM32F7xx_HAL_Driver/Src/stm32f7xx_hal_dma2d.o
                0x0000000008002c1a                HAL_DMA2D_PollForTransfer
 .text.HAL_DMA2D_ConfigLayer
                0x0000000008002dec      0x124 ./Drivers/STM32F7xx_HAL_Driver/Src/stm32f7xx_hal_dma2d.o
                0x0000000008002dec                HAL_DMA2D_ConfigLayer
 .text.DMA2D_SetConfig
                0x0000000008002f10      0x138 ./Drivers/STM32F7xx_HAL_Driver/Src/stm32f7xx_hal_dma2d.o
 .text.HAL_GPIO_Init
                0x0000000008003048      0x358 ./Drivers/STM32F7xx_HAL_Driver/Src/stm32f7xx_hal_gpio.o
                0x0000000008003048                HAL_GPIO_Init
 .text.HAL_GPIO_ReadPin
                0x00000000080033a0       0x30 ./Drivers/STM32F7xx_HAL_Driver/Src/stm32f7xx_hal_gpio.o
                0x00000000080033a0                HAL_GPIO_ReadPin
 .text.HAL_GPIO_WritePin
                0x00000000080033d0       0x32 ./Drivers/STM32F7xx_HAL_Driver/Src/stm32f7xx_hal_gpio.o
                0x00000000080033d0                HAL_GPIO_WritePin
 *fill*         0x0000000008003402        0x2 
 .text.HAL_GPIO_EXTI_IRQHandler
                0x0000000008003404       0x30 ./Drivers/STM32F7xx_HAL_Driver/Src/stm32f7xx_hal_gpio.o
                0x0000000008003404                HAL_GPIO_EXTI_IRQHandler
 .text.HAL_LTDC_Init
                0x0000000008003434      0x1b8 ./Drivers/STM32F7xx_HAL_Driver/Src/stm32f7xx_hal_ltdc.o
                0x0000000008003434                HAL_LTDC_Init
 .text.HAL_LTDC_MspInit
                0x00000000080035ec       0x14 ./Drivers/STM32F7xx_HAL_Driver/Src/stm32f7xx_hal_ltdc.o
                0x00000000080035ec                HAL_LTDC_MspInit
 .text.HAL_LTDC_ConfigLayer
                0x0000000008003600       0x7c ./Drivers/STM32F7xx_HAL_Driver/Src/stm32f7xx_hal_ltdc.o
                0x0000000008003600                HAL_LTDC_ConfigLayer
 .text.HAL_LTDC_GetState
                0x000000000800367c       0x1c ./Drivers/STM32F7xx_HAL_Driver/Src/stm32f7xx_hal_ltdc.o
                0x000000000800367c                HAL_LTDC_GetState
 .text.LTDC_SetConfig
                0x0000000008003698      0x340 ./Drivers/STM32F7xx_HAL_Driver/Src/stm32f7xx_hal_ltdc.o
 .text.HAL_PWREx_EnableOverDrive
                0x00000000080039d8       0xa0 ./Drivers/STM32F7xx_HAL_Driver/Src/stm32f7xx_hal_pwr_ex.o
                0x00000000080039d8                HAL_PWREx_EnableOverDrive
 .text.HAL_QSPI_Init
                0x0000000008003a78       0xf8 ./Drivers/STM32F7xx_HAL_Driver/Src/stm32f7xx_hal_qspi.o
                0x0000000008003a78                HAL_QSPI_Init
 .text.HAL_QSPI_SetTimeout
                0x0000000008003b70       0x1c ./Drivers/STM32F7xx_HAL_Driver/Src/stm32f7xx_hal_qspi.o
                0x0000000008003b70                HAL_QSPI_SetTimeout
 .text.QSPI_WaitFlagStateUntilTimeout
                0x0000000008003b8c       0x6e ./Drivers/STM32F7xx_HAL_Driver/Src/stm32f7xx_hal_qspi.o
 *fill*         0x0000000008003bfa        0x2 
 .text.HAL_RCC_OscConfig
                0x0000000008003bfc      0x548 ./Drivers/STM32F7xx_HAL_Driver/Src/stm32f7xx_hal_rcc.o
                0x0000000008003bfc                HAL_RCC_OscConfig
 .text.HAL_RCC_ClockConfig
                0x0000000008004144      0x1d8 ./Drivers/STM32F7xx_HAL_Driver/Src/stm32f7xx_hal_rcc.o
                0x0000000008004144                HAL_RCC_ClockConfig
 .text.HAL_RCC_GetSysClockFreq
                0x000000000800431c      0x18c ./Drivers/STM32F7xx_HAL_Driver/Src/stm32f7xx_hal_rcc.o
                0x000000000800431c                HAL_RCC_GetSysClockFreq
 .text.HAL_RCC_GetHCLKFreq
                0x00000000080044a8       0x18 ./Drivers/STM32F7xx_HAL_Driver/Src/stm32f7xx_hal_rcc.o
                0x00000000080044a8                HAL_RCC_GetHCLKFreq
 .text.HAL_RCC_GetPCLK1Freq
                0x00000000080044c0       0x28 ./Drivers/STM32F7xx_HAL_Driver/Src/stm32f7xx_hal_rcc.o
                0x00000000080044c0                HAL_RCC_GetPCLK1Freq
 .text.HAL_RCC_GetPCLK2Freq
                0x00000000080044e8       0x28 ./Drivers/STM32F7xx_HAL_Driver/Src/stm32f7xx_hal_rcc.o
                0x00000000080044e8                HAL_RCC_GetPCLK2Freq
 .text.HAL_RCCEx_PeriphCLKConfig
                0x0000000008004510      0x7e0 ./Drivers/STM32F7xx_HAL_Driver/Src/stm32f7xx_hal_rcc_ex.o
                0x0000000008004510                HAL_RCCEx_PeriphCLKConfig
 .text.HAL_SDRAM_Init
                0x0000000008004cf0       0x68 ./Drivers/STM32F7xx_HAL_Driver/Src/stm32f7xx_hal_sdram.o
                0x0000000008004cf0                HAL_SDRAM_Init
 .text.HAL_SDRAM_MspInit
                0x0000000008004d58       0x14 ./Drivers/STM32F7xx_HAL_Driver/Src/stm32f7xx_hal_sdram.o
                0x0000000008004d58                HAL_SDRAM_MspInit
 .text.HAL_SDRAM_SendCommand
                0x0000000008004d6c       0x56 ./Drivers/STM32F7xx_HAL_Driver/Src/stm32f7xx_hal_sdram.o
                0x0000000008004d6c                HAL_SDRAM_SendCommand
 .text.HAL_SDRAM_ProgramRefreshRate
                0x0000000008004dc2       0x40 ./Drivers/STM32F7xx_HAL_Driver/Src/stm32f7xx_hal_sdram.o
                0x0000000008004dc2                HAL_SDRAM_ProgramRefreshRate
 .text.HAL_UART_Init
                0x0000000008004e02       0x9c ./Drivers/STM32F7xx_HAL_Driver/Src/stm32f7xx_hal_uart.o
                0x0000000008004e02                HAL_UART_Init
 *fill*         0x0000000008004e9e        0x2 
 .text.HAL_UART_IRQHandler
                0x0000000008004ea0      0x5a4 ./Drivers/STM32F7xx_HAL_Driver/Src/stm32f7xx_hal_uart.o
                0x0000000008004ea0                HAL_UART_IRQHandler
 .text.HAL_UART_TxCpltCallback
                0x0000000008005444       0x14 ./Drivers/STM32F7xx_HAL_Driver/Src/stm32f7xx_hal_uart.o
                0x0000000008005444                HAL_UART_TxCpltCallback
 .text.HAL_UART_ErrorCallback
                0x0000000008005458       0x14 ./Drivers/STM32F7xx_HAL_Driver/Src/stm32f7xx_hal_uart.o
                0x0000000008005458                HAL_UART_ErrorCallback
 .text.HAL_UARTEx_RxEventCallback
                0x000000000800546c       0x18 ./Drivers/STM32F7xx_HAL_Driver/Src/stm32f7xx_hal_uart.o
                0x000000000800546c                HAL_UARTEx_RxEventCallback
 .text.UART_SetConfig
                0x0000000008005484      0x4c8 ./Drivers/STM32F7xx_HAL_Driver/Src/stm32f7xx_hal_uart.o
                0x0000000008005484                UART_SetConfig
 .text.UART_AdvFeatureConfig
                0x000000000800594c      0x144 ./Drivers/STM32F7xx_HAL_Driver/Src/stm32f7xx_hal_uart.o
                0x000000000800594c                UART_AdvFeatureConfig
 .text.UART_CheckIdleState
                0x0000000008005a90       0x6e ./Drivers/STM32F7xx_HAL_Driver/Src/stm32f7xx_hal_uart.o
                0x0000000008005a90                UART_CheckIdleState
 .text.UART_WaitOnFlagUntilTimeout
                0x0000000008005afe      0x18c ./Drivers/STM32F7xx_HAL_Driver/Src/stm32f7xx_hal_uart.o
                0x0000000008005afe                UART_WaitOnFlagUntilTimeout
 .text.UART_EndRxTransfer
                0x0000000008005c8a       0xc8 ./Drivers/STM32F7xx_HAL_Driver/Src/stm32f7xx_hal_uart.o
 .text.UART_DMAAbortOnError
                0x0000000008005d52       0x2c ./Drivers/STM32F7xx_HAL_Driver/Src/stm32f7xx_hal_uart.o
 .text.UART_EndTransmit_IT
                0x0000000008005d7e       0x54 ./Drivers/STM32F7xx_HAL_Driver/Src/stm32f7xx_hal_uart.o
 *fill*         0x0000000008005dd2        0x2 
 .text.FMC_SDRAM_Init
                0x0000000008005dd4       0xe4 ./Drivers/STM32F7xx_HAL_Driver/Src/stm32f7xx_ll_fmc.o
                0x0000000008005dd4                FMC_SDRAM_Init
 .text.FMC_SDRAM_Timing_Init
                0x0000000008005eb8      0x100 ./Drivers/STM32F7xx_HAL_Driver/Src/stm32f7xx_ll_fmc.o
                0x0000000008005eb8                FMC_SDRAM_Timing_Init
 .text.FMC_SDRAM_SendCommand
                0x0000000008005fb8       0x42 ./Drivers/STM32F7xx_HAL_Driver/Src/stm32f7xx_ll_fmc.o
                0x0000000008005fb8                FMC_SDRAM_SendCommand
 .text.FMC_SDRAM_ProgramRefreshRate
                0x0000000008005ffa       0x26 ./Drivers/STM32F7xx_HAL_Driver/Src/stm32f7xx_ll_fmc.o
                0x0000000008005ffa                FMC_SDRAM_ProgramRefreshRate
 .text.__errno  0x0000000008006020        0xc /Applications/STM32CubeIDE.app/Contents/Eclipse/plugins/com.st.stm32cube.ide.mcu.externaltools.gnu-tools-for-stm32.10.3-2021.10.macos64_1.0.200.202301161003/tools/bin/../lib/gcc/arm-none-eabi/10.3.1/../../../../arm-none-eabi/lib/thumb/v7e-m+fp/hard/libc_nano.a(lib_a-errno.o)
                0x0000000008006020                __errno
 .text.__libc_init_array
                0x000000000800602c       0x48 /Applications/STM32CubeIDE.app/Contents/Eclipse/plugins/com.st.stm32cube.ide.mcu.externaltools.gnu-tools-for-stm32.10.3-2021.10.macos64_1.0.200.202301161003/tools/bin/../lib/gcc/arm-none-eabi/10.3.1/../../../../arm-none-eabi/lib/thumb/v7e-m+fp/hard/libc_nano.a(lib_a-init.o)
                0x000000000800602c                __libc_init_array
 .text.memcpy   0x0000000008006074       0x1c /Applications/STM32CubeIDE.app/Contents/Eclipse/plugins/com.st.stm32cube.ide.mcu.externaltools.gnu-tools-for-stm32.10.3-2021.10.macos64_1.0.200.202301161003/tools/bin/../lib/gcc/arm-none-eabi/10.3.1/../../../../arm-none-eabi/lib/thumb/v7e-m+fp/hard/libc_nano.a(lib_a-memcpy-stub.o)
                0x0000000008006074                memcpy
 .text.memset   0x0000000008006090       0x10 /Applications/STM32CubeIDE.app/Contents/Eclipse/plugins/com.st.stm32cube.ide.mcu.externaltools.gnu-tools-for-stm32.10.3-2021.10.macos64_1.0.200.202301161003/tools/bin/../lib/gcc/arm-none-eabi/10.3.1/../../../../arm-none-eabi/lib/thumb/v7e-m+fp/hard/libc_nano.a(lib_a-memset.o)
                0x0000000008006090                memset
 .text.sprintf  0x00000000080060a0       0x40 /Applications/STM32CubeIDE.app/Contents/Eclipse/plugins/com.st.stm32cube.ide.mcu.externaltools.gnu-tools-for-stm32.10.3-2021.10.macos64_1.0.200.202301161003/tools/bin/../lib/gcc/arm-none-eabi/10.3.1/../../../../arm-none-eabi/lib/thumb/v7e-m+fp/hard/libc_nano.a(lib_a-sprintf.o)
                0x00000000080060a0                sprintf
                0x00000000080060a0                siprintf
 .text.__ssputs_r
                0x00000000080060e0       0xb6 /Applications/STM32CubeIDE.app/Contents/Eclipse/plugins/com.st.stm32cube.ide.mcu.externaltools.gnu-tools-for-stm32.10.3-2021.10.macos64_1.0.200.202301161003/tools/bin/../lib/gcc/arm-none-eabi/10.3.1/../../../../arm-none-eabi/lib/thumb/v7e-m+fp/hard/libc_nano.a(lib_a-nano-svfprintf.o)
                0x00000000080060e0                __ssputs_r
 *fill*         0x0000000008006196        0x2 
 .text._svfprintf_r
                0x0000000008006198      0x200 /Applications/STM32CubeIDE.app/Contents/Eclipse/plugins/com.st.stm32cube.ide.mcu.externaltools.gnu-tools-for-stm32.10.3-2021.10.macos64_1.0.200.202301161003/tools/bin/../lib/gcc/arm-none-eabi/10.3.1/../../../../arm-none-eabi/lib/thumb/v7e-m+fp/hard/libc_nano.a(lib_a-nano-svfprintf.o)
                0x0000000008006198                _svfprintf_r
                0x0000000008006198                _svfiprintf_r
 .text._printf_common
                0x0000000008006398       0xda /Applications/STM32CubeIDE.app/Contents/Eclipse/plugins/com.st.stm32cube.ide.mcu.externaltools.gnu-tools-for-stm32.10.3-2021.10.macos64_1.0.200.202301161003/tools/bin/../lib/gcc/arm-none-eabi/10.3.1/../../../../arm-none-eabi/lib/thumb/v7e-m+fp/hard/libc_nano.a(lib_a-nano-vfprintf_i.o)
                0x0000000008006398                _printf_common
 *fill*         0x0000000008006472        0x2 
 .text._printf_i
                0x0000000008006474      0x24c /Applications/STM32CubeIDE.app/Contents/Eclipse/plugins/com.st.stm32cube.ide.mcu.externaltools.gnu-tools-for-stm32.10.3-2021.10.macos64_1.0.200.202301161003/tools/bin/../lib/gcc/arm-none-eabi/10.3.1/../../../../arm-none-eabi/lib/thumb/v7e-m+fp/hard/libc_nano.a(lib_a-nano-vfprintf_i.o)
                0x0000000008006474                _printf_i
 .text.memmove  0x00000000080066c0       0x34 /Applications/STM32CubeIDE.app/Contents/Eclipse/plugins/com.st.stm32cube.ide.mcu.externaltools.gnu-tools-for-stm32.10.3-2021.10.macos64_1.0.200.202301161003/tools/bin/../lib/gcc/arm-none-eabi/10.3.1/../../../../arm-none-eabi/lib/thumb/v7e-m+fp/hard/libc_nano.a(lib_a-memmove.o)
                0x00000000080066c0                memmove
 .text._free_r  0x00000000080066f4       0x98 /Applications/STM32CubeIDE.app/Contents/Eclipse/plugins/com.st.stm32cube.ide.mcu.externaltools.gnu-tools-for-stm32.10.3-2021.10.macos64_1.0.200.202301161003/tools/bin/../lib/gcc/arm-none-eabi/10.3.1/../../../../arm-none-eabi/lib/thumb/v7e-m+fp/hard/libc_nano.a(lib_a-nano-freer.o)
                0x00000000080066f4                _free_r
 .text.sbrk_aligned
                0x000000000800678c       0x40 /Applications/STM32CubeIDE.app/Contents/Eclipse/plugins/com.st.stm32cube.ide.mcu.externaltools.gnu-tools-for-stm32.10.3-2021.10.macos64_1.0.200.202301161003/tools/bin/../lib/gcc/arm-none-eabi/10.3.1/../../../../arm-none-eabi/lib/thumb/v7e-m+fp/hard/libc_nano.a(lib_a-nano-mallocr.o)
 .text._malloc_r
                0x00000000080067cc       0xe8 /Applications/STM32CubeIDE.app/Contents/Eclipse/plugins/com.st.stm32cube.ide.mcu.externaltools.gnu-tools-for-stm32.10.3-2021.10.macos64_1.0.200.202301161003/tools/bin/../lib/gcc/arm-none-eabi/10.3.1/../../../../arm-none-eabi/lib/thumb/v7e-m+fp/hard/libc_nano.a(lib_a-nano-mallocr.o)
                0x00000000080067cc                _malloc_r
 .text._realloc_r
                0x00000000080068b4       0x5e /Applications/STM32CubeIDE.app/Contents/Eclipse/plugins/com.st.stm32cube.ide.mcu.externaltools.gnu-tools-for-stm32.10.3-2021.10.macos64_1.0.200.202301161003/tools/bin/../lib/gcc/arm-none-eabi/10.3.1/../../../../arm-none-eabi/lib/thumb/v7e-m+fp/hard/libc_nano.a(lib_a-nano-reallocr.o)
                0x00000000080068b4                _realloc_r
 *fill*         0x0000000008006912        0x2 
 .text._sbrk_r  0x0000000008006914       0x20 /Applications/STM32CubeIDE.app/Contents/Eclipse/plugins/com.st.stm32cube.ide.mcu.externaltools.gnu-tools-for-stm32.10.3-2021.10.macos64_1.0.200.202301161003/tools/bin/../lib/gcc/arm-none-eabi/10.3.1/../../../../arm-none-eabi/lib/thumb/v7e-m+fp/hard/libc_nano.a(lib_a-sbrkr.o)
                0x0000000008006914                _sbrk_r
 .text.__malloc_lock
                0x0000000008006934        0xc /Applications/STM32CubeIDE.app/Contents/Eclipse/plugins/com.st.stm32cube.ide.mcu.externaltools.gnu-tools-for-stm32.10.3-2021.10.macos64_1.0.200.202301161003/tools/bin/../lib/gcc/arm-none-eabi/10.3.1/../../../../arm-none-eabi/lib/thumb/v7e-m+fp/hard/libc_nano.a(lib_a-mlock.o)
                0x0000000008006934                __malloc_lock
 .text.__malloc_unlock
                0x0000000008006940        0xc /Applications/STM32CubeIDE.app/Contents/Eclipse/plugins/com.st.stm32cube.ide.mcu.externaltools.gnu-tools-for-stm32.10.3-2021.10.macos64_1.0.200.202301161003/tools/bin/../lib/gcc/arm-none-eabi/10.3.1/../../../../arm-none-eabi/lib/thumb/v7e-m+fp/hard/libc_nano.a(lib_a-mlock.o)
                0x0000000008006940                __malloc_unlock
 .text._malloc_usable_size_r
                0x000000000800694c       0x10 /Applications/STM32CubeIDE.app/Contents/Eclipse/plugins/com.st.stm32cube.ide.mcu.externaltools.gnu-tools-for-stm32.10.3-2021.10.macos64_1.0.200.202301161003/tools/bin/../lib/gcc/arm-none-eabi/10.3.1/../../../../arm-none-eabi/lib/thumb/v7e-m+fp/hard/libc_nano.a(lib_a-nano-msizer.o)
                0x000000000800694c                _malloc_usable_size_r
 .text.__retarget_lock_acquire_recursive
                0x000000000800695c        0x2 /Applications/STM32CubeIDE.app/Contents/Eclipse/plugins/com.st.stm32cube.ide.mcu.externaltools.gnu-tools-for-stm32.10.3-2021.10.macos64_1.0.200.202301161003/tools/bin/../lib/gcc/arm-none-eabi/10.3.1/../../../../arm-none-eabi/lib/thumb/v7e-m+fp/hard/libc_nano.a(lib_a-lock.o)
                0x000000000800695c                __retarget_lock_acquire_recursive
 .text.__retarget_lock_release_recursive
                0x000000000800695e        0x2 /Applications/STM32CubeIDE.app/Contents/Eclipse/plugins/com.st.stm32cube.ide.mcu.externaltools.gnu-tools-for-stm32.10.3-2021.10.macos64_1.0.200.202301161003/tools/bin/../lib/gcc/arm-none-eabi/10.3.1/../../../../arm-none-eabi/lib/thumb/v7e-m+fp/hard/libc_nano.a(lib_a-lock.o)
                0x000000000800695e                __retarget_lock_release_recursive
 *(.glue_7)
 .glue_7        0x0000000008006960        0x0 linker stubs
 *(.glue_7t)
 .glue_7t       0x0000000008006960        0x0 linker stubs
 *(.eh_frame)
 .eh_frame      0x0000000008006960        0x0 /Applications/STM32CubeIDE.app/Contents/Eclipse/plugins/com.st.stm32cube.ide.mcu.externaltools.gnu-tools-for-stm32.10.3-2021.10.macos64_1.0.200.202301161003/tools/bin/../lib/gcc/arm-none-eabi/10.3.1/thumb/v7e-m+fp/hard/crtbegin.o
 *(.init)
 .init          0x0000000008006960        0x4 /Applications/STM32CubeIDE.app/Contents/Eclipse/plugins/com.st.stm32cube.ide.mcu.externaltools.gnu-tools-for-stm32.10.3-2021.10.macos64_1.0.200.202301161003/tools/bin/../lib/gcc/arm-none-eabi/10.3.1/thumb/v7e-m+fp/hard/crti.o
                0x0000000008006960                _init
 .init          0x0000000008006964        0x8 /Applications/STM32CubeIDE.app/Contents/Eclipse/plugins/com.st.stm32cube.ide.mcu.externaltools.gnu-tools-for-stm32.10.3-2021.10.macos64_1.0.200.202301161003/tools/bin/../lib/gcc/arm-none-eabi/10.3.1/thumb/v7e-m+fp/hard/crtn.o
 *(.fini)
 .fini          0x000000000800696c        0x4 /Applications/STM32CubeIDE.app/Contents/Eclipse/plugins/com.st.stm32cube.ide.mcu.externaltools.gnu-tools-for-stm32.10.3-2021.10.macos64_1.0.200.202301161003/tools/bin/../lib/gcc/arm-none-eabi/10.3.1/thumb/v7e-m+fp/hard/crti.o
                0x000000000800696c                _fini
 .fini          0x0000000008006970        0x8 /Applications/STM32CubeIDE.app/Contents/Eclipse/plugins/com.st.stm32cube.ide.mcu.externaltools.gnu-tools-for-stm32.10.3-2021.10.macos64_1.0.200.202301161003/tools/bin/../lib/gcc/arm-none-eabi/10.3.1/thumb/v7e-m+fp/hard/crtn.o
                0x0000000008006978                . = ALIGN (0x4)
                0x0000000008006978                _etext = .

.vfp11_veneer   0x0000000008006978        0x0
 .vfp11_veneer  0x0000000008006978        0x0 linker stubs

.v4_bx          0x0000000008006978        0x0
 .v4_bx         0x0000000008006978        0x0 linker stubs

.iplt           0x0000000008006978        0x0
 .iplt          0x0000000008006978        0x0 /Applications/STM32CubeIDE.app/Contents/Eclipse/plugins/com.st.stm32cube.ide.mcu.externaltools.gnu-tools-for-stm32.10.3-2021.10.macos64_1.0.200.202301161003/tools/bin/../lib/gcc/arm-none-eabi/10.3.1/thumb/v7e-m+fp/hard/crtbegin.o

.rodata         0x0000000008006978     0x1b4c
                0x0000000008006978                . = ALIGN (0x4)
 *(.rodata)
 .rodata        0x0000000008006978       0x3d ./Core/Src/main.o
 *(.rodata*)
 *fill*         0x00000000080069b5        0x3 
 .rodata.AHBPrescTable
                0x00000000080069b8       0x10 ./Core/Src/system_stm32f7xx.o
                0x00000000080069b8                AHBPrescTable
 .rodata.APBPrescTable
                0x00000000080069c8        0x8 ./Core/Src/system_stm32f7xx.o
                0x00000000080069c8                APBPrescTable
 .rodata.Font24_Table
                0x00000000080069d0     0x1ab8 ./Drivers/BSP/stm32f7508_discovery_lcd.o
                0x00000000080069d0                Font24_Table
 .rodata.flagBitshiftOffset.0
                0x0000000008008488        0x8 ./Drivers/STM32F7xx_HAL_Driver/Src/stm32f7xx_hal_dma.o
 .rodata._svfprintf_r.str1.1
                0x0000000008008490       0x11 /Applications/STM32CubeIDE.app/Contents/Eclipse/plugins/com.st.stm32cube.ide.mcu.externaltools.gnu-tools-for-stm32.10.3-2021.10.macos64_1.0.200.202301161003/tools/bin/../lib/gcc/arm-none-eabi/10.3.1/../../../../arm-none-eabi/lib/thumb/v7e-m+fp/hard/libc_nano.a(lib_a-nano-svfprintf.o)
 .rodata._printf_i.str1.1
                0x00000000080084a1       0x22 /Applications/STM32CubeIDE.app/Contents/Eclipse/plugins/com.st.stm32cube.ide.mcu.externaltools.gnu-tools-for-stm32.10.3-2021.10.macos64_1.0.200.202301161003/tools/bin/../lib/gcc/arm-none-eabi/10.3.1/../../../../arm-none-eabi/lib/thumb/v7e-m+fp/hard/libc_nano.a(lib_a-nano-vfprintf_i.o)
                0x00000000080084c4                . = ALIGN (0x4)
 *fill*         0x00000000080084c3        0x1 

.ARM.extab      0x00000000080084c4        0x0
                0x00000000080084c4                . = ALIGN (0x4)
 *(.ARM.extab* .gnu.linkonce.armextab.*)
                0x00000000080084c4                . = ALIGN (0x4)

.ARM            0x00000000080084c4        0x8
                0x00000000080084c4                . = ALIGN (0x4)
                0x00000000080084c4                __exidx_start = .
 *(.ARM.exidx*)
 .ARM.exidx     0x00000000080084c4        0x8 /Applications/STM32CubeIDE.app/Contents/Eclipse/plugins/com.st.stm32cube.ide.mcu.externaltools.gnu-tools-for-stm32.10.3-2021.10.macos64_1.0.200.202301161003/tools/bin/../lib/gcc/arm-none-eabi/10.3.1/thumb/v7e-m+fp/hard/libgcc.a(_udivmoddi4.o)
                0x00000000080084cc                __exidx_end = .
                0x00000000080084cc                . = ALIGN (0x4)

.rel.dyn        0x00000000080084cc        0x0
 .rel.iplt      0x00000000080084cc        0x0 /Applications/STM32CubeIDE.app/Contents/Eclipse/plugins/com.st.stm32cube.ide.mcu.externaltools.gnu-tools-for-stm32.10.3-2021.10.macos64_1.0.200.202301161003/tools/bin/../lib/gcc/arm-none-eabi/10.3.1/thumb/v7e-m+fp/hard/crtbegin.o

.preinit_array  0x00000000080084cc        0x0
                0x00000000080084cc                . = ALIGN (0x4)
                0x00000000080084cc                PROVIDE (__preinit_array_start = .)
 *(.preinit_array*)
                0x00000000080084cc                PROVIDE (__preinit_array_end = .)
                0x00000000080084cc                . = ALIGN (0x4)

.init_array     0x00000000080084cc        0x4
                0x00000000080084cc                . = ALIGN (0x4)
                0x00000000080084cc                PROVIDE (__init_array_start = .)
 *(SORT_BY_NAME(.init_array.*))
 *(.init_array*)
 .init_array    0x00000000080084cc        0x4 /Applications/STM32CubeIDE.app/Contents/Eclipse/plugins/com.st.stm32cube.ide.mcu.externaltools.gnu-tools-for-stm32.10.3-2021.10.macos64_1.0.200.202301161003/tools/bin/../lib/gcc/arm-none-eabi/10.3.1/thumb/v7e-m+fp/hard/crtbegin.o
                0x00000000080084d0                PROVIDE (__init_array_end = .)
                0x00000000080084d0                . = ALIGN (0x4)

.fini_array     0x00000000080084d0        0x4
                0x00000000080084d0                . = ALIGN (0x4)
                [!provide]                        PROVIDE (__fini_array_start = .)
 *(SORT_BY_NAME(.fini_array.*))
 *(.fini_array*)
 .fini_array    0x00000000080084d0        0x4 /Applications/STM32CubeIDE.app/Contents/Eclipse/plugins/com.st.stm32cube.ide.mcu.externaltools.gnu-tools-for-stm32.10.3-2021.10.macos64_1.0.200.202301161003/tools/bin/../lib/gcc/arm-none-eabi/10.3.1/thumb/v7e-m+fp/hard/crtbegin.o
                [!provide]                        PROVIDE (__fini_array_end = .)
                0x00000000080084d4                . = ALIGN (0x4)
                0x00000000080084d4                _sidata = LOADADDR (.data)

.data           0x0000000020000000       0x7c load address 0x00000000080084d4
                0x0000000020000000                . = ALIGN (0x4)
                0x0000000020000000                _sdata = .
 *(.data)
 *(.data*)
 .data.SystemCoreClock
                0x0000000020000000        0x4 ./Core/Src/system_stm32f7xx.o
                0x0000000020000000                SystemCoreClock
 .data.Font24   0x0000000020000004        0x8 ./Drivers/BSP/stm32f7508_discovery_lcd.o
                0x0000000020000004                Font24
 .data.sdramstatus.3
                0x000000002000000c        0x1 ./Drivers/BSP/stm32f7508_discovery_sdram.o
 *fill*         0x000000002000000d        0x3 
 .data.uwTickPrio
                0x0000000020000010        0x4 ./Drivers/STM32F7xx_HAL_Driver/Src/stm32f7xx_hal.o
                0x0000000020000010                uwTickPrio
 .data.uwTickFreq
                0x0000000020000014        0x1 ./Drivers/STM32F7xx_HAL_Driver/Src/stm32f7xx_hal.o
                0x0000000020000014                uwTickFreq
 *fill*         0x0000000020000015        0x3 
 .data._impure_ptr
                0x0000000020000018        0x4 /Applications/STM32CubeIDE.app/Contents/Eclipse/plugins/com.st.stm32cube.ide.mcu.externaltools.gnu-tools-for-stm32.10.3-2021.10.macos64_1.0.200.202301161003/tools/bin/../lib/gcc/arm-none-eabi/10.3.1/../../../../arm-none-eabi/lib/thumb/v7e-m+fp/hard/libc_nano.a(lib_a-impure.o)
                0x0000000020000018                _impure_ptr
 .data.impure_data
                0x000000002000001c       0x60 /Applications/STM32CubeIDE.app/Contents/Eclipse/plugins/com.st.stm32cube.ide.mcu.externaltools.gnu-tools-for-stm32.10.3-2021.10.macos64_1.0.200.202301161003/tools/bin/../lib/gcc/arm-none-eabi/10.3.1/../../../../arm-none-eabi/lib/thumb/v7e-m+fp/hard/libc_nano.a(lib_a-impure.o)
 *(.RamFunc)
 *(.RamFunc*)
                0x000000002000007c                . = ALIGN (0x4)
                0x000000002000007c                _edata = .

.igot.plt       0x000000002000007c        0x0 load address 0x0000000008008550
 .igot.plt      0x000000002000007c        0x0 /Applications/STM32CubeIDE.app/Contents/Eclipse/plugins/com.st.stm32cube.ide.mcu.externaltools.gnu-tools-for-stm32.10.3-2021.10.macos64_1.0.200.202301161003/tools/bin/../lib/gcc/arm-none-eabi/10.3.1/thumb/v7e-m+fp/hard/crtbegin.o
                0x000000002000007c                . = ALIGN (0x4)

.bss            0x000000002000007c      0x4c4 load address 0x0000000008008550
                0x000000002000007c                _sbss = .
                0x000000002000007c                __bss_start__ = _sbss
 *(.bss)
 .bss           0x000000002000007c       0x1c /Applications/STM32CubeIDE.app/Contents/Eclipse/plugins/com.st.stm32cube.ide.mcu.externaltools.gnu-tools-for-stm32.10.3-2021.10.macos64_1.0.200.202301161003/tools/bin/../lib/gcc/arm-none-eabi/10.3.1/thumb/v7e-m+fp/hard/crtbegin.o
 *(.bss*)
 .bss.hcrc      0x0000000020000098       0x24 ./Core/Src/main.o
                0x0000000020000098                hcrc
 .bss.hdma2d    0x00000000200000bc       0x40 ./Core/Src/main.o
                0x00000000200000bc                hdma2d
 .bss.hqspi     0x00000000200000fc       0x4c ./Core/Src/main.o
                0x00000000200000fc                hqspi
 .bss.huart4    0x0000000020000148       0x88 ./Core/Src/main.o
                0x0000000020000148                huart4
 .bss.huart3    0x00000000200001d0       0x88 ./Core/Src/main.o
                0x00000000200001d0                huart3
 .bss.huart6    0x0000000020000258       0x88 ./Core/Src/main.o
                0x0000000020000258                huart6
 .bss.__sbrk_heap_end
                0x00000000200002e0        0x4 ./Core/Src/sysmem.o
 .bss.hLtdcHandler
                0x00000000200002e4       0xa8 ./Drivers/BSP/stm32f7508_discovery_lcd.o
                0x00000000200002e4                hLtdcHandler
 .bss.hDma2dHandler
                0x000000002000038c       0x40 ./Drivers/BSP/stm32f7508_discovery_lcd.o
 .bss.ActiveLayer
                0x00000000200003cc        0x4 ./Drivers/BSP/stm32f7508_discovery_lcd.o
 .bss.DrawProp  0x00000000200003d0       0x18 ./Drivers/BSP/stm32f7508_discovery_lcd.o
 .bss.periph_clk_init_struct.0
                0x00000000200003e8       0x84 ./Drivers/BSP/stm32f7508_discovery_lcd.o
 .bss.sdramHandle
                0x000000002000046c       0x34 ./Drivers/BSP/stm32f7508_discovery_sdram.o
                0x000000002000046c                sdramHandle
 .bss.Timing    0x00000000200004a0       0x1c ./Drivers/BSP/stm32f7508_discovery_sdram.o
 .bss.Command   0x00000000200004bc       0x10 ./Drivers/BSP/stm32f7508_discovery_sdram.o
 .bss.dma_handle.1
                0x00000000200004cc       0x60 ./Drivers/BSP/stm32f7508_discovery_sdram.o
 .bss.uwTick    0x000000002000052c        0x4 ./Drivers/STM32F7xx_HAL_Driver/Src/stm32f7xx_hal.o
                0x000000002000052c                uwTick
 .bss.__malloc_free_list
                0x0000000020000530        0x4 /Applications/STM32CubeIDE.app/Contents/Eclipse/plugins/com.st.stm32cube.ide.mcu.externaltools.gnu-tools-for-stm32.10.3-2021.10.macos64_1.0.200.202301161003/tools/bin/../lib/gcc/arm-none-eabi/10.3.1/../../../../arm-none-eabi/lib/thumb/v7e-m+fp/hard/libc_nano.a(lib_a-nano-mallocr.o)
                0x0000000020000530                __malloc_free_list
 .bss.__malloc_sbrk_start
                0x0000000020000534        0x4 /Applications/STM32CubeIDE.app/Contents/Eclipse/plugins/com.st.stm32cube.ide.mcu.externaltools.gnu-tools-for-stm32.10.3-2021.10.macos64_1.0.200.202301161003/tools/bin/../lib/gcc/arm-none-eabi/10.3.1/../../../../arm-none-eabi/lib/thumb/v7e-m+fp/hard/libc_nano.a(lib_a-nano-mallocr.o)
                0x0000000020000534                __malloc_sbrk_start
 .bss.errno     0x0000000020000538        0x4 /Applications/STM32CubeIDE.app/Contents/Eclipse/plugins/com.st.stm32cube.ide.mcu.externaltools.gnu-tools-for-stm32.10.3-2021.10.macos64_1.0.200.202301161003/tools/bin/../lib/gcc/arm-none-eabi/10.3.1/../../../../arm-none-eabi/lib/thumb/v7e-m+fp/hard/libc_nano.a(lib_a-reent.o)
                0x0000000020000538                errno
 .bss.__lock___malloc_recursive_mutex
                0x000000002000053c        0x1 /Applications/STM32CubeIDE.app/Contents/Eclipse/plugins/com.st.stm32cube.ide.mcu.externaltools.gnu-tools-for-stm32.10.3-2021.10.macos64_1.0.200.202301161003/tools/bin/../lib/gcc/arm-none-eabi/10.3.1/../../../../arm-none-eabi/lib/thumb/v7e-m+fp/hard/libc_nano.a(lib_a-lock.o)
                0x000000002000053c                __lock___malloc_recursive_mutex
 *(COMMON)
                0x0000000020000540                . = ALIGN (0x4)
 *fill*         0x000000002000053d        0x3 
                0x0000000020000540                _ebss = .
                0x0000000020000540                __bss_end__ = _ebss

._user_heap_stack
                0x0000000020000540      0x600 load address 0x0000000008008550
                0x0000000020000540                . = ALIGN (0x8)
                [!provide]                        PROVIDE (end = .)
                0x0000000020000540                PROVIDE (_end = .)
                0x0000000020000740                . = (. + _Min_Heap_Size)
 *fill*         0x0000000020000540      0x200 
                0x0000000020000b40                . = (. + _Min_Stack_Size)
 *fill*         0x0000000020000740      0x400 
                0x0000000020000b40                . = ALIGN (0x8)

/DISCARD/
 libc.a(*)
 libm.a(*)
 libgcc.a(*)

.ARM.attributes
                0x0000000000000000       0x30
 *(.ARM.attributes)
 .ARM.attributes
                0x0000000000000000       0x1e /Applications/STM32CubeIDE.app/Contents/Eclipse/plugins/com.st.stm32cube.ide.mcu.externaltools.gnu-tools-for-stm32.10.3-2021.10.macos64_1.0.200.202301161003/tools/bin/../lib/gcc/arm-none-eabi/10.3.1/thumb/v7e-m+fp/hard/crti.o
 .ARM.attributes
                0x000000000000001e       0x34 /Applications/STM32CubeIDE.app/Contents/Eclipse/plugins/com.st.stm32cube.ide.mcu.externaltools.gnu-tools-for-stm32.10.3-2021.10.macos64_1.0.200.202301161003/tools/bin/../lib/gcc/arm-none-eabi/10.3.1/thumb/v7e-m+fp/hard/crtbegin.o
 .ARM.attributes
                0x0000000000000052       0x34 ./Core/Src/main.o
 .ARM.attributes
                0x0000000000000086       0x34 ./Core/Src/stm32f7xx_hal_msp.o
 .ARM.attributes
                0x00000000000000ba       0x34 ./Core/Src/stm32f7xx_it.o
 .ARM.attributes
                0x00000000000000ee       0x34 ./Core/Src/sysmem.o
 .ARM.attributes
                0x0000000000000122       0x34 ./Core/Src/system_stm32f7xx.o
 .ARM.attributes
                0x0000000000000156       0x21 ./Core/Startup/startup_stm32f750n8hx.o
 .ARM.attributes
                0x0000000000000177       0x34 ./Drivers/BSP/stm32f7508_discovery_lcd.o
 .ARM.attributes
                0x00000000000001ab       0x34 ./Drivers/BSP/stm32f7508_discovery_sdram.o
 .ARM.attributes
                0x00000000000001df       0x34 ./Drivers/STM32F7xx_HAL_Driver/Src/stm32f7xx_hal.o
 .ARM.attributes
                0x0000000000000213       0x34 ./Drivers/STM32F7xx_HAL_Driver/Src/stm32f7xx_hal_cortex.o
 .ARM.attributes
                0x0000000000000247       0x34 ./Drivers/STM32F7xx_HAL_Driver/Src/stm32f7xx_hal_crc.o
 .ARM.attributes
                0x000000000000027b       0x34 ./Drivers/STM32F7xx_HAL_Driver/Src/stm32f7xx_hal_crc_ex.o
 .ARM.attributes
                0x00000000000002af       0x34 ./Drivers/STM32F7xx_HAL_Driver/Src/stm32f7xx_hal_dma.o
 .ARM.attributes
                0x00000000000002e3       0x34 ./Drivers/STM32F7xx_HAL_Driver/Src/stm32f7xx_hal_dma2d.o
 .ARM.attributes
                0x0000000000000317       0x34 ./Drivers/STM32F7xx_HAL_Driver/Src/stm32f7xx_hal_gpio.o
 .ARM.attributes
                0x000000000000034b       0x34 ./Drivers/STM32F7xx_HAL_Driver/Src/stm32f7xx_hal_ltdc.o
 .ARM.attributes
                0x000000000000037f       0x34 ./Drivers/STM32F7xx_HAL_Driver/Src/stm32f7xx_hal_pwr_ex.o
 .ARM.attributes
                0x00000000000003b3       0x34 ./Drivers/STM32F7xx_HAL_Driver/Src/stm32f7xx_hal_qspi.o
 .ARM.attributes
                0x00000000000003e7       0x34 ./Drivers/STM32F7xx_HAL_Driver/Src/stm32f7xx_hal_rcc.o
 .ARM.attributes
                0x000000000000041b       0x34 ./Drivers/STM32F7xx_HAL_Driver/Src/stm32f7xx_hal_rcc_ex.o
 .ARM.attributes
                0x000000000000044f       0x34 ./Drivers/STM32F7xx_HAL_Driver/Src/stm32f7xx_hal_sdram.o
 .ARM.attributes
                0x0000000000000483       0x34 ./Drivers/STM32F7xx_HAL_Driver/Src/stm32f7xx_hal_uart.o
 .ARM.attributes
                0x00000000000004b7       0x34 ./Drivers/STM32F7xx_HAL_Driver/Src/stm32f7xx_ll_fmc.o
 .ARM.attributes
                0x00000000000004eb       0x34 /Applications/STM32CubeIDE.app/Contents/Eclipse/plugins/com.st.stm32cube.ide.mcu.externaltools.gnu-tools-for-stm32.10.3-2021.10.macos64_1.0.200.202301161003/tools/bin/../lib/gcc/arm-none-eabi/10.3.1/../../../../arm-none-eabi/lib/thumb/v7e-m+fp/hard/libc_nano.a(lib_a-errno.o)
 .ARM.attributes
                0x000000000000051f       0x34 /Applications/STM32CubeIDE.app/Contents/Eclipse/plugins/com.st.stm32cube.ide.mcu.externaltools.gnu-tools-for-stm32.10.3-2021.10.macos64_1.0.200.202301161003/tools/bin/../lib/gcc/arm-none-eabi/10.3.1/../../../../arm-none-eabi/lib/thumb/v7e-m+fp/hard/libc_nano.a(lib_a-impure.o)
 .ARM.attributes
                0x0000000000000553       0x34 /Applications/STM32CubeIDE.app/Contents/Eclipse/plugins/com.st.stm32cube.ide.mcu.externaltools.gnu-tools-for-stm32.10.3-2021.10.macos64_1.0.200.202301161003/tools/bin/../lib/gcc/arm-none-eabi/10.3.1/../../../../arm-none-eabi/lib/thumb/v7e-m+fp/hard/libc_nano.a(lib_a-init.o)
 .ARM.attributes
                0x0000000000000587       0x34 /Applications/STM32CubeIDE.app/Contents/Eclipse/plugins/com.st.stm32cube.ide.mcu.externaltools.gnu-tools-for-stm32.10.3-2021.10.macos64_1.0.200.202301161003/tools/bin/../lib/gcc/arm-none-eabi/10.3.1/../../../../arm-none-eabi/lib/thumb/v7e-m+fp/hard/libc_nano.a(lib_a-memcpy-stub.o)
 .ARM.attributes
                0x00000000000005bb       0x34 /Applications/STM32CubeIDE.app/Contents/Eclipse/plugins/com.st.stm32cube.ide.mcu.externaltools.gnu-tools-for-stm32.10.3-2021.10.macos64_1.0.200.202301161003/tools/bin/../lib/gcc/arm-none-eabi/10.3.1/../../../../arm-none-eabi/lib/thumb/v7e-m+fp/hard/libc_nano.a(lib_a-memset.o)
 .ARM.attributes
                0x00000000000005ef       0x34 /Applications/STM32CubeIDE.app/Contents/Eclipse/plugins/com.st.stm32cube.ide.mcu.externaltools.gnu-tools-for-stm32.10.3-2021.10.macos64_1.0.200.202301161003/tools/bin/../lib/gcc/arm-none-eabi/10.3.1/../../../../arm-none-eabi/lib/thumb/v7e-m+fp/hard/libc_nano.a(lib_a-sprintf.o)
 .ARM.attributes
                0x0000000000000623       0x34 /Applications/STM32CubeIDE.app/Contents/Eclipse/plugins/com.st.stm32cube.ide.mcu.externaltools.gnu-tools-for-stm32.10.3-2021.10.macos64_1.0.200.202301161003/tools/bin/../lib/gcc/arm-none-eabi/10.3.1/../../../../arm-none-eabi/lib/thumb/v7e-m+fp/hard/libc_nano.a(lib_a-nano-svfprintf.o)
 .ARM.attributes
                0x0000000000000657       0x34 /Applications/STM32CubeIDE.app/Contents/Eclipse/plugins/com.st.stm32cube.ide.mcu.externaltools.gnu-tools-for-stm32.10.3-2021.10.macos64_1.0.200.202301161003/tools/bin/../lib/gcc/arm-none-eabi/10.3.1/../../../../arm-none-eabi/lib/thumb/v7e-m+fp/hard/libc_nano.a(lib_a-nano-vfprintf_i.o)
 .ARM.attributes
                0x000000000000068b       0x1c /Applications/STM32CubeIDE.app/Contents/Eclipse/plugins/com.st.stm32cube.ide.mcu.externaltools.gnu-tools-for-stm32.10.3-2021.10.macos64_1.0.200.202301161003/tools/bin/../lib/gcc/arm-none-eabi/10.3.1/../../../../arm-none-eabi/lib/thumb/v7e-m+fp/hard/libc_nano.a(lib_a-memchr.o)
 .ARM.attributes
                0x00000000000006a7       0x34 /Applications/STM32CubeIDE.app/Contents/Eclipse/plugins/com.st.stm32cube.ide.mcu.externaltools.gnu-tools-for-stm32.10.3-2021.10.macos64_1.0.200.202301161003/tools/bin/../lib/gcc/arm-none-eabi/10.3.1/../../../../arm-none-eabi/lib/thumb/v7e-m+fp/hard/libc_nano.a(lib_a-memmove.o)
 .ARM.attributes
                0x00000000000006db       0x34 /Applications/STM32CubeIDE.app/Contents/Eclipse/plugins/com.st.stm32cube.ide.mcu.externaltools.gnu-tools-for-stm32.10.3-2021.10.macos64_1.0.200.202301161003/tools/bin/../lib/gcc/arm-none-eabi/10.3.1/../../../../arm-none-eabi/lib/thumb/v7e-m+fp/hard/libc_nano.a(lib_a-nano-freer.o)
 .ARM.attributes
                0x000000000000070f       0x34 /Applications/STM32CubeIDE.app/Contents/Eclipse/plugins/com.st.stm32cube.ide.mcu.externaltools.gnu-tools-for-stm32.10.3-2021.10.macos64_1.0.200.202301161003/tools/bin/../lib/gcc/arm-none-eabi/10.3.1/../../../../arm-none-eabi/lib/thumb/v7e-m+fp/hard/libc_nano.a(lib_a-nano-mallocr.o)
 .ARM.attributes
                0x0000000000000743       0x34 /Applications/STM32CubeIDE.app/Contents/Eclipse/plugins/com.st.stm32cube.ide.mcu.externaltools.gnu-tools-for-stm32.10.3-2021.10.macos64_1.0.200.202301161003/tools/bin/../lib/gcc/arm-none-eabi/10.3.1/../../../../arm-none-eabi/lib/thumb/v7e-m+fp/hard/libc_nano.a(lib_a-nano-reallocr.o)
 .ARM.attributes
                0x0000000000000777       0x34 /Applications/STM32CubeIDE.app/Contents/Eclipse/plugins/com.st.stm32cube.ide.mcu.externaltools.gnu-tools-for-stm32.10.3-2021.10.macos64_1.0.200.202301161003/tools/bin/../lib/gcc/arm-none-eabi/10.3.1/../../../../arm-none-eabi/lib/thumb/v7e-m+fp/hard/libc_nano.a(lib_a-sbrkr.o)
 .ARM.attributes
                0x00000000000007ab       0x34 /Applications/STM32CubeIDE.app/Contents/Eclipse/plugins/com.st.stm32cube.ide.mcu.externaltools.gnu-tools-for-stm32.10.3-2021.10.macos64_1.0.200.202301161003/tools/bin/../lib/gcc/arm-none-eabi/10.3.1/../../../../arm-none-eabi/lib/thumb/v7e-m+fp/hard/libc_nano.a(lib_a-mlock.o)
 .ARM.attributes
                0x00000000000007df       0x34 /Applications/STM32CubeIDE.app/Contents/Eclipse/plugins/com.st.stm32cube.ide.mcu.externaltools.gnu-tools-for-stm32.10.3-2021.10.macos64_1.0.200.202301161003/tools/bin/../lib/gcc/arm-none-eabi/10.3.1/../../../../arm-none-eabi/lib/thumb/v7e-m+fp/hard/libc_nano.a(lib_a-nano-msizer.o)
 .ARM.attributes
                0x0000000000000813       0x34 /Applications/STM32CubeIDE.app/Contents/Eclipse/plugins/com.st.stm32cube.ide.mcu.externaltools.gnu-tools-for-stm32.10.3-2021.10.macos64_1.0.200.202301161003/tools/bin/../lib/gcc/arm-none-eabi/10.3.1/../../../../arm-none-eabi/lib/thumb/v7e-m+fp/hard/libc_nano.a(lib_a-reent.o)
 .ARM.attributes
                0x0000000000000847       0x34 /Applications/STM32CubeIDE.app/Contents/Eclipse/plugins/com.st.stm32cube.ide.mcu.externaltools.gnu-tools-for-stm32.10.3-2021.10.macos64_1.0.200.202301161003/tools/bin/../lib/gcc/arm-none-eabi/10.3.1/../../../../arm-none-eabi/lib/thumb/v7e-m+fp/hard/libc_nano.a(lib_a-lock.o)
 .ARM.attributes
                0x000000000000087b       0x1e /Applications/STM32CubeIDE.app/Contents/Eclipse/plugins/com.st.stm32cube.ide.mcu.externaltools.gnu-tools-for-stm32.10.3-2021.10.macos64_1.0.200.202301161003/tools/bin/../lib/gcc/arm-none-eabi/10.3.1/thumb/v7e-m+fp/hard/libgcc.a(_aeabi_uldivmod.o)
 .ARM.attributes
                0x0000000000000899       0x34 /Applications/STM32CubeIDE.app/Contents/Eclipse/plugins/com.st.stm32cube.ide.mcu.externaltools.gnu-tools-for-stm32.10.3-2021.10.macos64_1.0.200.202301161003/tools/bin/../lib/gcc/arm-none-eabi/10.3.1/thumb/v7e-m+fp/hard/libgcc.a(_udivmoddi4.o)
 .ARM.attributes
                0x00000000000008cd       0x1e /Applications/STM32CubeIDE.app/Contents/Eclipse/plugins/com.st.stm32cube.ide.mcu.externaltools.gnu-tools-for-stm32.10.3-2021.10.macos64_1.0.200.202301161003/tools/bin/../lib/gcc/arm-none-eabi/10.3.1/thumb/v7e-m+fp/hard/libgcc.a(_dvmd_tls.o)
 .ARM.attributes
                0x00000000000008eb       0x1e /Applications/STM32CubeIDE.app/Contents/Eclipse/plugins/com.st.stm32cube.ide.mcu.externaltools.gnu-tools-for-stm32.10.3-2021.10.macos64_1.0.200.202301161003/tools/bin/../lib/gcc/arm-none-eabi/10.3.1/thumb/v7e-m+fp/hard/crtn.o
OUTPUT(test5.elf elf32-littlearm)
LOAD linker stubs
LOAD /Applications/STM32CubeIDE.app/Contents/Eclipse/plugins/com.st.stm32cube.ide.mcu.externaltools.gnu-tools-for-stm32.10.3-2021.10.macos64_1.0.200.202301161003/tools/bin/../lib/gcc/arm-none-eabi/10.3.1/../../../../arm-none-eabi/lib/thumb/v7e-m+fp/hard/libc.a
LOAD /Applications/STM32CubeIDE.app/Contents/Eclipse/plugins/com.st.stm32cube.ide.mcu.externaltools.gnu-tools-for-stm32.10.3-2021.10.macos64_1.0.200.202301161003/tools/bin/../lib/gcc/arm-none-eabi/10.3.1/../../../../arm-none-eabi/lib/thumb/v7e-m+fp/hard/libm.a
LOAD /Applications/STM32CubeIDE.app/Contents/Eclipse/plugins/com.st.stm32cube.ide.mcu.externaltools.gnu-tools-for-stm32.10.3-2021.10.macos64_1.0.200.202301161003/tools/bin/../lib/gcc/arm-none-eabi/10.3.1/thumb/v7e-m+fp/hard/libgcc.a

.debug_info     0x0000000000000000    0x1579b
 .debug_info    0x0000000000000000     0x1c0b ./Core/Src/main.o
 .debug_info    0x0000000000001c0b     0x1931 ./Core/Src/stm32f7xx_hal_msp.o
 .debug_info    0x000000000000353c      0x793 ./Core/Src/stm32f7xx_it.o
 .debug_info    0x0000000000003ccf      0x171 ./Core/Src/sysmem.o
 .debug_info    0x0000000000003e40      0x72c ./Core/Src/system_stm32f7xx.o
 .debug_info    0x000000000000456c       0x22 ./Core/Startup/startup_stm32f750n8hx.o
 .debug_info    0x000000000000458e     0x2745 ./Drivers/BSP/stm32f7508_discovery_lcd.o
 .debug_info    0x0000000000006cd3     0x10de ./Drivers/BSP/stm32f7508_discovery_sdram.o
 .debug_info    0x0000000000007db1      0xa12 ./Drivers/STM32F7xx_HAL_Driver/Src/stm32f7xx_hal.o
 .debug_info    0x00000000000087c3     0x1060 ./Drivers/STM32F7xx_HAL_Driver/Src/stm32f7xx_hal_cortex.o
 .debug_info    0x0000000000009823      0x57c ./Drivers/STM32F7xx_HAL_Driver/Src/stm32f7xx_hal_crc.o
 .debug_info    0x0000000000009d9f      0x38f ./Drivers/STM32F7xx_HAL_Driver/Src/stm32f7xx_hal_crc_ex.o
 .debug_info    0x000000000000a12e      0x94f ./Drivers/STM32F7xx_HAL_Driver/Src/stm32f7xx_hal_dma.o
 .debug_info    0x000000000000aa7d      0xf9f ./Drivers/STM32F7xx_HAL_Driver/Src/stm32f7xx_hal_dma2d.o
 .debug_info    0x000000000000ba1c      0x794 ./Drivers/STM32F7xx_HAL_Driver/Src/stm32f7xx_hal_gpio.o
 .debug_info    0x000000000000c1b0     0x112a ./Drivers/STM32F7xx_HAL_Driver/Src/stm32f7xx_hal_ltdc.o
 .debug_info    0x000000000000d2da      0x92e ./Drivers/STM32F7xx_HAL_Driver/Src/stm32f7xx_hal_pwr_ex.o
 .debug_info    0x000000000000dc08     0x135e ./Drivers/STM32F7xx_HAL_Driver/Src/stm32f7xx_hal_qspi.o
 .debug_info    0x000000000000ef66      0x99c ./Drivers/STM32F7xx_HAL_Driver/Src/stm32f7xx_hal_rcc.o
 .debug_info    0x000000000000f902      0x764 ./Drivers/STM32F7xx_HAL_Driver/Src/stm32f7xx_hal_rcc_ex.o
 .debug_info    0x0000000000010066      0xdb3 ./Drivers/STM32F7xx_HAL_Driver/Src/stm32f7xx_hal_sdram.o
 .debug_info    0x0000000000010e19     0x3ccc ./Drivers/STM32F7xx_HAL_Driver/Src/stm32f7xx_hal_uart.o
 .debug_info    0x0000000000014ae5      0xcb6 ./Drivers/STM32F7xx_HAL_Driver/Src/stm32f7xx_ll_fmc.o

.debug_abbrev   0x0000000000000000     0x2e3c
 .debug_abbrev  0x0000000000000000      0x333 ./Core/Src/main.o
 .debug_abbrev  0x0000000000000333      0x25d ./Core/Src/stm32f7xx_hal_msp.o
 .debug_abbrev  0x0000000000000590      0x17b ./Core/Src/stm32f7xx_it.o
 .debug_abbrev  0x000000000000070b       0xbb ./Core/Src/sysmem.o
 .debug_abbrev  0x00000000000007c6      0x136 ./Core/Src/system_stm32f7xx.o
 .debug_abbrev  0x00000000000008fc       0x12 ./Core/Startup/startup_stm32f750n8hx.o
 .debug_abbrev  0x000000000000090e      0x32d ./Drivers/BSP/stm32f7508_discovery_lcd.o
 .debug_abbrev  0x0000000000000c3b      0x26f ./Drivers/BSP/stm32f7508_discovery_sdram.o
 .debug_abbrev  0x0000000000000eaa      0x20d ./Drivers/STM32F7xx_HAL_Driver/Src/stm32f7xx_hal.o
 .debug_abbrev  0x00000000000010b7      0x316 ./Drivers/STM32F7xx_HAL_Driver/Src/stm32f7xx_hal_cortex.o
 .debug_abbrev  0x00000000000013cd      0x1d8 ./Drivers/STM32F7xx_HAL_Driver/Src/stm32f7xx_hal_crc.o
 .debug_abbrev  0x00000000000015a5      0x146 ./Drivers/STM32F7xx_HAL_Driver/Src/stm32f7xx_hal_crc_ex.o
 .debug_abbrev  0x00000000000016eb      0x25b ./Drivers/STM32F7xx_HAL_Driver/Src/stm32f7xx_hal_dma.o
 .debug_abbrev  0x0000000000001946      0x22e ./Drivers/STM32F7xx_HAL_Driver/Src/stm32f7xx_hal_dma2d.o
 .debug_abbrev  0x0000000000001b74      0x1c4 ./Drivers/STM32F7xx_HAL_Driver/Src/stm32f7xx_hal_gpio.o
 .debug_abbrev  0x0000000000001d38      0x233 ./Drivers/STM32F7xx_HAL_Driver/Src/stm32f7xx_hal_ltdc.o
 .debug_abbrev  0x0000000000001f6b      0x1cb ./Drivers/STM32F7xx_HAL_Driver/Src/stm32f7xx_hal_pwr_ex.o
 .debug_abbrev  0x0000000000002136      0x267 ./Drivers/STM32F7xx_HAL_Driver/Src/stm32f7xx_hal_qspi.o
 .debug_abbrev  0x000000000000239d      0x27b ./Drivers/STM32F7xx_HAL_Driver/Src/stm32f7xx_hal_rcc.o
 .debug_abbrev  0x0000000000002618      0x1b9 ./Drivers/STM32F7xx_HAL_Driver/Src/stm32f7xx_hal_rcc_ex.o
 .debug_abbrev  0x00000000000027d1      0x227 ./Drivers/STM32F7xx_HAL_Driver/Src/stm32f7xx_hal_sdram.o
 .debug_abbrev  0x00000000000029f8      0x2ce ./Drivers/STM32F7xx_HAL_Driver/Src/stm32f7xx_hal_uart.o
 .debug_abbrev  0x0000000000002cc6      0x176 ./Drivers/STM32F7xx_HAL_Driver/Src/stm32f7xx_ll_fmc.o

.debug_aranges  0x0000000000000000     0x1098
 .debug_aranges
                0x0000000000000000       0x90 ./Core/Src/main.o
 .debug_aranges
                0x0000000000000090       0x60 ./Core/Src/stm32f7xx_hal_msp.o
 .debug_aranges
                0x00000000000000f0       0x70 ./Core/Src/stm32f7xx_it.o
 .debug_aranges
                0x0000000000000160       0x20 ./Core/Src/sysmem.o
 .debug_aranges
                0x0000000000000180       0x28 ./Core/Src/system_stm32f7xx.o
 .debug_aranges
                0x00000000000001a8       0x28 ./Core/Startup/startup_stm32f750n8hx.o
 .debug_aranges
                0x00000000000001d0      0x1d8 ./Drivers/BSP/stm32f7508_discovery_lcd.o
 .debug_aranges
                0x00000000000003a8       0x68 ./Drivers/BSP/stm32f7508_discovery_sdram.o
 .debug_aranges
                0x0000000000000410      0x100 ./Drivers/STM32F7xx_HAL_Driver/Src/stm32f7xx_hal.o
 .debug_aranges
                0x0000000000000510      0x118 ./Drivers/STM32F7xx_HAL_Driver/Src/stm32f7xx_hal_cortex.o
 .debug_aranges
                0x0000000000000628       0x60 ./Drivers/STM32F7xx_HAL_Driver/Src/stm32f7xx_hal_crc.o
 .debug_aranges
                0x0000000000000688       0x30 ./Drivers/STM32F7xx_HAL_Driver/Src/stm32f7xx_hal_crc_ex.o
 .debug_aranges
                0x00000000000006b8       0x90 ./Drivers/STM32F7xx_HAL_Driver/Src/stm32f7xx_hal_dma.o
 .debug_aranges
                0x0000000000000748      0x118 ./Drivers/STM32F7xx_HAL_Driver/Src/stm32f7xx_hal_dma2d.o
 .debug_aranges
                0x0000000000000860       0x58 ./Drivers/STM32F7xx_HAL_Driver/Src/stm32f7xx_hal_gpio.o
 .debug_aranges
                0x00000000000008b8      0x158 ./Drivers/STM32F7xx_HAL_Driver/Src/stm32f7xx_hal_ltdc.o
 .debug_aranges
                0x0000000000000a10       0x80 ./Drivers/STM32F7xx_HAL_Driver/Src/stm32f7xx_hal_pwr_ex.o
 .debug_aranges
                0x0000000000000a90      0x170 ./Drivers/STM32F7xx_HAL_Driver/Src/stm32f7xx_hal_qspi.o
 .debug_aranges
                0x0000000000000c00       0x88 ./Drivers/STM32F7xx_HAL_Driver/Src/stm32f7xx_hal_rcc.o
 .debug_aranges
                0x0000000000000c88       0x50 ./Drivers/STM32F7xx_HAL_Driver/Src/stm32f7xx_hal_rcc_ex.o
 .debug_aranges
                0x0000000000000cd8       0xd0 ./Drivers/STM32F7xx_HAL_Driver/Src/stm32f7xx_hal_sdram.o
 .debug_aranges
                0x0000000000000da8      0x228 ./Drivers/STM32F7xx_HAL_Driver/Src/stm32f7xx_hal_uart.o
 .debug_aranges
                0x0000000000000fd0       0xc8 ./Drivers/STM32F7xx_HAL_Driver/Src/stm32f7xx_ll_fmc.o

.debug_ranges   0x0000000000000000      0xf60
 .debug_ranges  0x0000000000000000       0x80 ./Core/Src/main.o
 .debug_ranges  0x0000000000000080       0x50 ./Core/Src/stm32f7xx_hal_msp.o
 .debug_ranges  0x00000000000000d0       0x60 ./Core/Src/stm32f7xx_it.o
 .debug_ranges  0x0000000000000130       0x10 ./Core/Src/sysmem.o
 .debug_ranges  0x0000000000000140       0x18 ./Core/Src/system_stm32f7xx.o
 .debug_ranges  0x0000000000000158       0x20 ./Core/Startup/startup_stm32f750n8hx.o
 .debug_ranges  0x0000000000000178      0x1c8 ./Drivers/BSP/stm32f7508_discovery_lcd.o
 .debug_ranges  0x0000000000000340       0x58 ./Drivers/BSP/stm32f7508_discovery_sdram.o
 .debug_ranges  0x0000000000000398       0xf0 ./Drivers/STM32F7xx_HAL_Driver/Src/stm32f7xx_hal.o
 .debug_ranges  0x0000000000000488      0x108 ./Drivers/STM32F7xx_HAL_Driver/Src/stm32f7xx_hal_cortex.o
 .debug_ranges  0x0000000000000590       0x50 ./Drivers/STM32F7xx_HAL_Driver/Src/stm32f7xx_hal_crc.o
 .debug_ranges  0x00000000000005e0       0x20 ./Drivers/STM32F7xx_HAL_Driver/Src/stm32f7xx_hal_crc_ex.o
 .debug_ranges  0x0000000000000600       0x80 ./Drivers/STM32F7xx_HAL_Driver/Src/stm32f7xx_hal_dma.o
 .debug_ranges  0x0000000000000680      0x108 ./Drivers/STM32F7xx_HAL_Driver/Src/stm32f7xx_hal_dma2d.o
 .debug_ranges  0x0000000000000788       0x48 ./Drivers/STM32F7xx_HAL_Driver/Src/stm32f7xx_hal_gpio.o
 .debug_ranges  0x00000000000007d0      0x148 ./Drivers/STM32F7xx_HAL_Driver/Src/stm32f7xx_hal_ltdc.o
 .debug_ranges  0x0000000000000918       0x70 ./Drivers/STM32F7xx_HAL_Driver/Src/stm32f7xx_hal_pwr_ex.o
 .debug_ranges  0x0000000000000988      0x160 ./Drivers/STM32F7xx_HAL_Driver/Src/stm32f7xx_hal_qspi.o
 .debug_ranges  0x0000000000000ae8       0x78 ./Drivers/STM32F7xx_HAL_Driver/Src/stm32f7xx_hal_rcc.o
 .debug_ranges  0x0000000000000b60       0x40 ./Drivers/STM32F7xx_HAL_Driver/Src/stm32f7xx_hal_rcc_ex.o
 .debug_ranges  0x0000000000000ba0       0xc0 ./Drivers/STM32F7xx_HAL_Driver/Src/stm32f7xx_hal_sdram.o
 .debug_ranges  0x0000000000000c60      0x248 ./Drivers/STM32F7xx_HAL_Driver/Src/stm32f7xx_hal_uart.o
 .debug_ranges  0x0000000000000ea8       0xb8 ./Drivers/STM32F7xx_HAL_Driver/Src/stm32f7xx_ll_fmc.o

.debug_macro    0x0000000000000000    0x28e42
 .debug_macro   0x0000000000000000      0x3e5 ./Core/Src/main.o
 .debug_macro   0x00000000000003e5      0xa78 ./Core/Src/main.o
 .debug_macro   0x0000000000000e5d      0x2b1 ./Core/Src/main.o
 .debug_macro   0x000000000000110e       0x2e ./Core/Src/main.o
 .debug_macro   0x000000000000113c       0x3b ./Core/Src/main.o
 .debug_macro   0x0000000000001177       0x22 ./Core/Src/main.o
 .debug_macro   0x0000000000001199       0x8e ./Core/Src/main.o
 .debug_macro   0x0000000000001227       0x51 ./Core/Src/main.o
 .debug_macro   0x0000000000001278      0x103 ./Core/Src/main.o
 .debug_macro   0x000000000000137b       0x6a ./Core/Src/main.o
 .debug_macro   0x00000000000013e5      0x1df ./Core/Src/main.o
 .debug_macro   0x00000000000015c4       0x1c ./Core/Src/main.o
 .debug_macro   0x00000000000015e0       0x22 ./Core/Src/main.o
 .debug_macro   0x0000000000001602       0xd9 ./Core/Src/main.o
 .debug_macro   0x00000000000016db     0x12cd ./Core/Src/main.o
 .debug_macro   0x00000000000029a8      0x11f ./Core/Src/main.o
 .debug_macro   0x0000000000002ac7       0x19 ./Core/Src/main.o
 .debug_macro   0x0000000000002ae0    0x19864 ./Core/Src/main.o
 .debug_macro   0x000000000001c344       0x6d ./Core/Src/main.o
 .debug_macro   0x000000000001c3b1     0x3749 ./Core/Src/main.o
 .debug_macro   0x000000000001fafa      0x174 ./Core/Src/main.o
 .debug_macro   0x000000000001fc6e       0x63 ./Core/Src/main.o
 .debug_macro   0x000000000001fcd1     0x1939 ./Core/Src/main.o
 .debug_macro   0x000000000002160a      0x6c4 ./Core/Src/main.o
 .debug_macro   0x0000000000021cce      0x185 ./Core/Src/main.o
 .debug_macro   0x0000000000021e53      0x115 ./Core/Src/main.o
 .debug_macro   0x0000000000021f68      0x1fd ./Core/Src/main.o
 .debug_macro   0x0000000000022165       0xa5 ./Core/Src/main.o
 .debug_macro   0x000000000002220a      0x24f ./Core/Src/main.o
 .debug_macro   0x0000000000022459       0x41 ./Core/Src/main.o
 .debug_macro   0x000000000002249a       0x58 ./Core/Src/main.o
 .debug_macro   0x00000000000224f2      0x236 ./Core/Src/main.o
 .debug_macro   0x0000000000022728       0xc7 ./Core/Src/main.o
 .debug_macro   0x00000000000227ef       0x4c ./Core/Src/main.o
 .debug_macro   0x000000000002283b      0x208 ./Core/Src/main.o
 .debug_macro   0x0000000000022a43      0x124 ./Core/Src/main.o
 .debug_macro   0x0000000000022b67      0x230 ./Core/Src/main.o
 .debug_macro   0x0000000000022d97       0x12 ./Core/Src/main.o
 .debug_macro   0x0000000000022da9      0x516 ./Core/Src/main.o
 .debug_macro   0x00000000000232bf      0x22c ./Core/Src/main.o
 .debug_macro   0x00000000000234eb       0x61 ./Core/Src/main.o
 .debug_macro   0x000000000002354c       0xa5 ./Core/Src/main.o
 .debug_macro   0x00000000000235f1      0x255 ./Core/Src/main.o
 .debug_macro   0x0000000000023846      0x12e ./Core/Src/main.o
 .debug_macro   0x0000000000023974      0x108 ./Core/Src/main.o
 .debug_macro   0x0000000000023a7c       0x35 ./Core/Src/main.o
 .debug_macro   0x0000000000023ab1      0x2d4 ./Core/Src/main.o
 .debug_macro   0x0000000000023d85      0x757 ./Core/Src/main.o
 .debug_macro   0x00000000000244dc      0x19f ./Core/Src/main.o
 .debug_macro   0x000000000002467b      0x56d ./Core/Src/main.o
 .debug_macro   0x0000000000024be8       0x44 ./Core/Src/main.o
 .debug_macro   0x0000000000024c2c      0x15b ./Core/Src/main.o
 .debug_macro   0x0000000000024d87       0x16 ./Core/Src/main.o
 .debug_macro   0x0000000000024d9d       0x40 ./Core/Src/main.o
 .debug_macro   0x0000000000024ddd       0xa0 ./Core/Src/main.o
 .debug_macro   0x0000000000024e7d      0x25f ./Core/Src/main.o
 .debug_macro   0x00000000000250dc       0x10 ./Core/Src/main.o
 .debug_macro   0x00000000000250ec      0x119 ./Core/Src/main.o
 .debug_macro   0x0000000000025205       0x52 ./Core/Src/main.o
 .debug_macro   0x0000000000025257       0x1e ./Core/Src/main.o
 .debug_macro   0x0000000000025275       0x3c ./Core/Src/main.o
 .debug_macro   0x00000000000252b1       0x34 ./Core/Src/main.o
 .debug_macro   0x00000000000252e5       0x16 ./Core/Src/main.o
 .debug_macro   0x00000000000252fb       0x35 ./Core/Src/main.o
 .debug_macro   0x0000000000025330      0x341 ./Core/Src/main.o
 .debug_macro   0x0000000000025671       0x10 ./Core/Src/main.o
 .debug_macro   0x0000000000025681       0x16 ./Core/Src/main.o
 .debug_macro   0x0000000000025697       0x43 ./Core/Src/main.o
 .debug_macro   0x00000000000256da       0x34 ./Core/Src/main.o
 .debug_macro   0x000000000002570e       0x10 ./Core/Src/main.o
 .debug_macro   0x000000000002571e       0x58 ./Core/Src/main.o
 .debug_macro   0x0000000000025776       0x71 ./Core/Src/main.o
 .debug_macro   0x00000000000257e7       0x1c ./Core/Src/main.o
 .debug_macro   0x0000000000025803      0x12a ./Core/Src/main.o
 .debug_macro   0x000000000002592d       0x10 ./Core/Src/main.o
 .debug_macro   0x000000000002593d       0x1c ./Core/Src/main.o
 .debug_macro   0x0000000000025959       0x52 ./Core/Src/main.o
 .debug_macro   0x00000000000259ab       0x22 ./Core/Src/main.o
 .debug_macro   0x00000000000259cd       0x10 ./Core/Src/main.o
 .debug_macro   0x00000000000259dd       0x52 ./Core/Src/main.o
 .debug_macro   0x0000000000025a2f       0xd5 ./Core/Src/main.o
 .debug_macro   0x0000000000025b04       0x1c ./Core/Src/main.o
 .debug_macro   0x0000000000025b20       0x3d ./Core/Src/main.o
 .debug_macro   0x0000000000025b5d       0x16 ./Core/Src/main.o
 .debug_macro   0x0000000000025b73      0x145 ./Core/Src/main.o
 .debug_macro   0x0000000000025cb8      0x247 ./Core/Src/stm32f7xx_hal_msp.o
 .debug_macro   0x0000000000025eff      0x251 ./Core/Src/stm32f7xx_it.o
 .debug_macro   0x0000000000026150       0xff ./Core/Src/sysmem.o
 .debug_macro   0x000000000002624f      0x23b ./Core/Src/sysmem.o
 .debug_macro   0x000000000002648a      0x238 ./Core/Src/system_stm32f7xx.o
 .debug_macro   0x00000000000266c2      0x29b ./Drivers/BSP/stm32f7508_discovery_lcd.o
 .debug_macro   0x000000000002695d       0x9a ./Drivers/BSP/stm32f7508_discovery_lcd.o
 .debug_macro   0x00000000000269f7      0x247 ./Drivers/BSP/stm32f7508_discovery_sdram.o
 .debug_macro   0x0000000000026c3e      0x25c ./Drivers/STM32F7xx_HAL_Driver/Src/stm32f7xx_hal.o
 .debug_macro   0x0000000000026e9a      0x238 ./Drivers/STM32F7xx_HAL_Driver/Src/stm32f7xx_hal_cortex.o
 .debug_macro   0x00000000000270d2      0x238 ./Drivers/STM32F7xx_HAL_Driver/Src/stm32f7xx_hal_crc.o
 .debug_macro   0x000000000002730a      0x238 ./Drivers/STM32F7xx_HAL_Driver/Src/stm32f7xx_hal_crc_ex.o
 .debug_macro   0x0000000000027542      0x23e ./Drivers/STM32F7xx_HAL_Driver/Src/stm32f7xx_hal_dma.o
 .debug_macro   0x0000000000027780      0x247 ./Drivers/STM32F7xx_HAL_Driver/Src/stm32f7xx_hal_dma2d.o
 .debug_macro   0x00000000000279c7      0x23e ./Drivers/STM32F7xx_HAL_Driver/Src/stm32f7xx_hal_gpio.o
 .debug_macro   0x0000000000027c05      0x238 ./Drivers/STM32F7xx_HAL_Driver/Src/stm32f7xx_hal_ltdc.o
 .debug_macro   0x0000000000027e3d      0x250 ./Drivers/STM32F7xx_HAL_Driver/Src/stm32f7xx_hal_pwr_ex.o
 .debug_macro   0x000000000002808d      0x25c ./Drivers/STM32F7xx_HAL_Driver/Src/stm32f7xx_hal_qspi.o
 .debug_macro   0x00000000000282e9      0x25c ./Drivers/STM32F7xx_HAL_Driver/Src/stm32f7xx_hal_rcc.o
 .debug_macro   0x0000000000028545      0x238 ./Drivers/STM32F7xx_HAL_Driver/Src/stm32f7xx_hal_rcc_ex.o
 .debug_macro   0x000000000002877d      0x238 ./Drivers/STM32F7xx_HAL_Driver/Src/stm32f7xx_hal_sdram.o
 .debug_macro   0x00000000000289b5      0x255 ./Drivers/STM32F7xx_HAL_Driver/Src/stm32f7xx_hal_uart.o
 .debug_macro   0x0000000000028c0a      0x238 ./Drivers/STM32F7xx_HAL_Driver/Src/stm32f7xx_ll_fmc.o

.debug_line     0x0000000000000000    0x14b03
 .debug_line    0x0000000000000000      0xdf6 ./Core/Src/main.o
 .debug_line    0x0000000000000df6      0x998 ./Core/Src/stm32f7xx_hal_msp.o
 .debug_line    0x000000000000178e      0x8b3 ./Core/Src/stm32f7xx_it.o
 .debug_line    0x0000000000002041      0x52b ./Core/Src/sysmem.o
 .debug_line    0x000000000000256c      0x840 ./Core/Src/system_stm32f7xx.o
 .debug_line    0x0000000000002dac       0x86 ./Core/Startup/startup_stm32f750n8hx.o
 .debug_line    0x0000000000002e32     0x17aa ./Drivers/BSP/stm32f7508_discovery_lcd.o
 .debug_line    0x00000000000045dc      0x98d ./Drivers/BSP/stm32f7508_discovery_sdram.o
 .debug_line    0x0000000000004f69      0xad1 ./Drivers/STM32F7xx_HAL_Driver/Src/stm32f7xx_hal.o
 .debug_line    0x0000000000005a3a      0xd57 ./Drivers/STM32F7xx_HAL_Driver/Src/stm32f7xx_hal_cortex.o
 .debug_line    0x0000000000006791      0xb01 ./Drivers/STM32F7xx_HAL_Driver/Src/stm32f7xx_hal_crc.o
 .debug_line    0x0000000000007292      0x876 ./Drivers/STM32F7xx_HAL_Driver/Src/stm32f7xx_hal_crc_ex.o
 .debug_line    0x0000000000007b08     0x1020 ./Drivers/STM32F7xx_HAL_Driver/Src/stm32f7xx_hal_dma.o
 .debug_line    0x0000000000008b28     0x125d ./Drivers/STM32F7xx_HAL_Driver/Src/stm32f7xx_hal_dma2d.o
 .debug_line    0x0000000000009d85      0xc45 ./Drivers/STM32F7xx_HAL_Driver/Src/stm32f7xx_hal_gpio.o
 .debug_line    0x000000000000a9ca     0x17bb ./Drivers/STM32F7xx_HAL_Driver/Src/stm32f7xx_hal_ltdc.o
 .debug_line    0x000000000000c185      0xa46 ./Drivers/STM32F7xx_HAL_Driver/Src/stm32f7xx_hal_pwr_ex.o
 .debug_line    0x000000000000cbcb     0x152e ./Drivers/STM32F7xx_HAL_Driver/Src/stm32f7xx_hal_qspi.o
 .debug_line    0x000000000000e0f9      0xf12 ./Drivers/STM32F7xx_HAL_Driver/Src/stm32f7xx_hal_rcc.o
 .debug_line    0x000000000000f00b      0xecd ./Drivers/STM32F7xx_HAL_Driver/Src/stm32f7xx_hal_rcc_ex.o
 .debug_line    0x000000000000fed8      0xd0c ./Drivers/STM32F7xx_HAL_Driver/Src/stm32f7xx_hal_sdram.o
 .debug_line    0x0000000000010be4     0x3185 ./Drivers/STM32F7xx_HAL_Driver/Src/stm32f7xx_hal_uart.o
 .debug_line    0x0000000000013d69      0xd9a ./Drivers/STM32F7xx_HAL_Driver/Src/stm32f7xx_ll_fmc.o

.debug_str      0x0000000000000000    0xf957c
 .debug_str     0x0000000000000000    0xf4d3f ./Core/Src/main.o
                                      0xf5596 (size before relaxing)
 .debug_str     0x00000000000f4d3f      0x345 ./Core/Src/stm32f7xx_hal_msp.o
                                      0xef8b0 (size before relaxing)
 .debug_str     0x00000000000f5084      0x11b ./Core/Src/stm32f7xx_it.o
                                      0xee9d1 (size before relaxing)
 .debug_str     0x00000000000f519f      0x4da ./Core/Src/sysmem.o
                                       0x5dca (size before relaxing)
 .debug_str     0x00000000000f5679      0x1a4 ./Core/Src/system_stm32f7xx.o
                                      0xee68e (size before relaxing)
 .debug_str     0x00000000000f581d       0x36 ./Core/Startup/startup_stm32f750n8hx.o
                                         0x72 (size before relaxing)
 .debug_str     0x00000000000f5853      0xbfe ./Drivers/BSP/stm32f7508_discovery_lcd.o
                                      0xf16e9 (size before relaxing)
 .debug_str     0x00000000000f6451      0x45a ./Drivers/BSP/stm32f7508_discovery_sdram.o
                                      0xef70c (size before relaxing)
 .debug_str     0x00000000000f68ab      0x40c ./Drivers/STM32F7xx_HAL_Driver/Src/stm32f7xx_hal.o
                                      0xef006 (size before relaxing)
 .debug_str     0x00000000000f6cb7      0x312 ./Drivers/STM32F7xx_HAL_Driver/Src/stm32f7xx_hal_cortex.o
                                      0xeeff1 (size before relaxing)
 .debug_str     0x00000000000f6fc9       0xc6 ./Drivers/STM32F7xx_HAL_Driver/Src/stm32f7xx_hal_crc.o
                                      0xee6c9 (size before relaxing)
 .debug_str     0x00000000000f708f       0x69 ./Drivers/STM32F7xx_HAL_Driver/Src/stm32f7xx_hal_crc_ex.o
                                      0xee683 (size before relaxing)
 .debug_str     0x00000000000f70f8      0x30d ./Drivers/STM32F7xx_HAL_Driver/Src/stm32f7xx_hal_dma.o
                                      0xee9cd (size before relaxing)
 .debug_str     0x00000000000f7405      0x361 ./Drivers/STM32F7xx_HAL_Driver/Src/stm32f7xx_hal_dma2d.o
                                      0xeeba1 (size before relaxing)
 .debug_str     0x00000000000f7766       0xbb ./Drivers/STM32F7xx_HAL_Driver/Src/stm32f7xx_hal_gpio.o
                                      0xee74c (size before relaxing)
 .debug_str     0x00000000000f7821      0x251 ./Drivers/STM32F7xx_HAL_Driver/Src/stm32f7xx_hal_ltdc.o
                                      0xeebd7 (size before relaxing)
 .debug_str     0x00000000000f7a72      0x1d1 ./Drivers/STM32F7xx_HAL_Driver/Src/stm32f7xx_hal_pwr_ex.o
                                      0xee8fd (size before relaxing)
 .debug_str     0x00000000000f7c43      0x70c ./Drivers/STM32F7xx_HAL_Driver/Src/stm32f7xx_hal_qspi.o
                                      0xef029 (size before relaxing)
 .debug_str     0x00000000000f834f      0x247 ./Drivers/STM32F7xx_HAL_Driver/Src/stm32f7xx_hal_rcc.o
                                      0xee9f0 (size before relaxing)
 .debug_str     0x00000000000f8596      0x147 ./Drivers/STM32F7xx_HAL_Driver/Src/stm32f7xx_hal_rcc_ex.o
                                      0xee928 (size before relaxing)
 .debug_str     0x00000000000f86dd      0x2c7 ./Drivers/STM32F7xx_HAL_Driver/Src/stm32f7xx_hal_sdram.o
                                      0xeec79 (size before relaxing)
 .debug_str     0x00000000000f89a4      0x844 ./Drivers/STM32F7xx_HAL_Driver/Src/stm32f7xx_hal_uart.o
                                      0xef33d (size before relaxing)
 .debug_str     0x00000000000f91e8      0x394 ./Drivers/STM32F7xx_HAL_Driver/Src/stm32f7xx_ll_fmc.o
                                      0xeeacf (size before relaxing)

.comment        0x0000000000000000       0x50
 .comment       0x0000000000000000       0x50 ./Core/Src/main.o
                                         0x51 (size before relaxing)
 .comment       0x0000000000000050       0x51 ./Core/Src/stm32f7xx_hal_msp.o
 .comment       0x0000000000000050       0x51 ./Core/Src/stm32f7xx_it.o
 .comment       0x0000000000000050       0x51 ./Core/Src/sysmem.o
 .comment       0x0000000000000050       0x51 ./Core/Src/system_stm32f7xx.o
 .comment       0x0000000000000050       0x51 ./Drivers/BSP/stm32f7508_discovery_lcd.o