Archive member included to satisfy reference by file (symbol)

/Applications/STM32CubeIDE.app/Contents/Eclipse/plugins/com.st.stm32cube.ide.mcu.externaltools.gnu-tools-for-stm32.10.3-2021.10.macos64_1.0.200.202301161003/tools/bin/../lib/gcc/arm-none-eabi/10.3.1/../../../../arm-none-eabi/lib/thumb/v7e-m+fp/hard/libc_nano.a(lib_a-errno.o)
                              ./Core/Src/syscalls.o (__errno)
/Applications/STM32CubeIDE.app/Contents/Eclipse/plugins/com.st.stm32cube.ide.mcu.externaltools.gnu-tools-for-stm32.10.3-2021.10.macos64_1.0.200.202301161003/tools/bin/../lib/gcc/arm-none-eabi/10.3.1/../../../../arm-none-eabi/lib/thumb/v7e-m+fp/hard/libc_nano.a(lib_a-exit.o)
                              /Applications/STM32CubeIDE.app/Contents/Eclipse/plugins/com.st.stm32cube.ide.mcu.externaltools.gnu-tools-for-stm32.10.3-2021.10.macos64_1.0.200.202301161003/tools/bin/../lib/gcc/arm-none-eabi/10.3.1/../../../../arm-none-eabi/lib/thumb/v7e-m+fp/hard/crt0.o (exit)
/Applications/STM32CubeIDE.app/Contents/Eclipse/plugins/com.st.stm32cube.ide.mcu.externaltools.gnu-tools-for-stm32.10.3-2021.10.macos64_1.0.200.202301161003/tools/bin/../lib/gcc/arm-none-eabi/10.3.1/../../../../arm-none-eabi/lib/thumb/v7e-m+fp/hard/libc_nano.a(lib_a-impure.o)
                              /Applications/STM32CubeIDE.app/Contents/Eclipse/plugins/com.st.stm32cube.ide.mcu.externaltools.gnu-tools-for-stm32.10.3-2021.10.macos64_1.0.200.202301161003/tools/bin/../lib/gcc/arm-none-eabi/10.3.1/../../../../arm-none-eabi/lib/thumb/v7e-m+fp/hard/libc_nano.a(lib_a-exit.o) (_global_impure_ptr)
/Applications/STM32CubeIDE.app/Contents/Eclipse/plugins/com.st.stm32cube.ide.mcu.externaltools.gnu-tools-for-stm32.10.3-2021.10.macos64_1.0.200.202301161003/tools/bin/../lib/gcc/arm-none-eabi/10.3.1/../../../../arm-none-eabi/lib/thumb/v7e-m+fp/hard/libc_nano.a(lib_a-init.o)
                              /Applications/STM32CubeIDE.app/Contents/Eclipse/plugins/com.st.stm32cube.ide.mcu.externaltools.gnu-tools-for-stm32.10.3-2021.10.macos64_1.0.200.202301161003/tools/bin/../lib/gcc/arm-none-eabi/10.3.1/../../../../arm-none-eabi/lib/thumb/v7e-m+fp/hard/crt0.o (__libc_init_array)
/Applications/STM32CubeIDE.app/Contents/Eclipse/plugins/com.st.stm32cube.ide.mcu.externaltools.gnu-tools-for-stm32.10.3-2021.10.macos64_1.0.200.202301161003/tools/bin/../lib/gcc/arm-none-eabi/10.3.1/../../../../arm-none-eabi/lib/thumb/v7e-m+fp/hard/libc_nano.a(lib_a-memcpy-stub.o)
                              ./Core/Src/main.o (memcpy)
/Applications/STM32CubeIDE.app/Contents/Eclipse/plugins/com.st.stm32cube.ide.mcu.externaltools.gnu-tools-for-stm32.10.3-2021.10.macos64_1.0.200.202301161003/tools/bin/../lib/gcc/arm-none-eabi/10.3.1/../../../../arm-none-eabi/lib/thumb/v7e-m+fp/hard/libc_nano.a(lib_a-memset.o)
                              /Applications/STM32CubeIDE.app/Contents/Eclipse/plugins/com.st.stm32cube.ide.mcu.externaltools.gnu-tools-for-stm32.10.3-2021.10.macos64_1.0.200.202301161003/tools/bin/../lib/gcc/arm-none-eabi/10.3.1/../../../../arm-none-eabi/lib/thumb/v7e-m+fp/hard/crt0.o (memset)
/Applications/STM32CubeIDE.app/Contents/Eclipse/plugins/com.st.stm32cube.ide.mcu.externaltools.gnu-tools-for-stm32.10.3-2021.10.macos64_1.0.200.202301161003/tools/bin/../lib/gcc/arm-none-eabi/10.3.1/../../../../arm-none-eabi/lib/thumb/v7e-m+fp/hard/libc_nano.a(lib_a-sprintf.o)
                              ./Core/Src/main.o (sprintf)
/Applications/STM32CubeIDE.app/Contents/Eclipse/plugins/com.st.stm32cube.ide.mcu.externaltools.gnu-tools-for-stm32.10.3-2021.10.macos64_1.0.200.202301161003/tools/bin/../lib/gcc/arm-none-eabi/10.3.1/../../../../arm-none-eabi/lib/thumb/v7e-m+fp/hard/libc_nano.a(lib_a-nano-svfprintf.o)
                              /Applications/STM32CubeIDE.app/Contents/Eclipse/plugins/com.st.stm32cube.ide.mcu.externaltools.gnu-tools-for-stm32.10.3-2021.10.macos64_1.0.200.202301161003/tools/bin/../lib/gcc/arm-none-eabi/10.3.1/../../../../arm-none-eabi/lib/thumb/v7e-m+fp/hard/libc_nano.a(lib_a-sprintf.o) (_svfprintf_r)
/Applications/STM32CubeIDE.app/Contents/Eclipse/plugins/com.st.stm32cube.ide.mcu.externaltools.gnu-tools-for-stm32.10.3-2021.10.macos64_1.0.200.202301161003/tools/bin/../lib/gcc/arm-none-eabi/10.3.1/../../../../arm-none-eabi/lib/thumb/v7e-m+fp/hard/libc_nano.a(lib_a-nano-vfprintf_i.o)
                              /Applications/STM32CubeIDE.app/Contents/Eclipse/plugins/com.st.stm32cube.ide.mcu.externaltools.gnu-tools-for-stm32.10.3-2021.10.macos64_1.0.200.202301161003/tools/bin/../lib/gcc/arm-none-eabi/10.3.1/../../../../arm-none-eabi/lib/thumb/v7e-m+fp/hard/libc_nano.a(lib_a-nano-svfprintf.o) (_printf_i)
/Applications/STM32CubeIDE.app/Contents/Eclipse/plugins/com.st.stm32cube.ide.mcu.externaltools.gnu-tools-for-stm32.10.3-2021.10.macos64_1.0.200.202301161003/tools/bin/../lib/gcc/arm-none-eabi/10.3.1/../../../../arm-none-eabi/lib/thumb/v7e-m+fp/hard/libc_nano.a(lib_a-memchr.o)
[...]
Memory Configuration

Name             Origin             Length             Attributes
RAM              0x0000000020000000 0x0000000000050000 xrw
FLASH            0x0000000008000000 0x0000000000010000 xr
*default*        0x0000000000000000 0xffffffffffffffff

Linker script and memory map

LOAD /Applications/STM32CubeIDE.app/Contents/Eclipse/plugins/com.st.stm32cube.ide.mcu.externaltools.gnu-tools-for-stm32.10.3-2021.10.macos64_1.0.200.202301161003/tools/bin/../lib/gcc/arm-none-eabi/10.3.1/thumb/v7e-m+fp/hard/crti.o
LOAD /Applications/STM32CubeIDE.app/Contents/Eclipse/plugins/com.st.stm32cube.ide.mcu.externaltools.gnu-tools-for-stm32.10.3-2021.10.macos64_1.0.200.202301161003/tools/bin/../lib/gcc/arm-none-eabi/10.3.1/thumb/v7e-m+fp/hard/crtbegin.o
LOAD /Applications/STM32CubeIDE.app/Contents/Eclipse/plugins/com.st.stm32cube.ide.mcu.externaltools.gnu-tools-for-stm32.10.3-2021.10.macos64_1.0.200.202301161003/tools/bin/../lib/gcc/arm-none-eabi/10.3.1/../../../../arm-none-eabi/lib/thumb/v7e-m+fp/hard/crt0.o
LOAD ./Core/Src/main.o
LOAD ./Core/Src/stm32f7xx_hal_msp.o
LOAD ./Core/Src/stm32f7xx_it.o
LOAD ./Core/Src/syscalls.o
LOAD ./Core/Src/sysmem.o
LOAD ./Core/Src/system_stm32f7xx.o
LOAD ./Core/Startup/startup_stm32f750n8hx.o
LOAD ./Drivers/BSP/stm32f7508_discovery.o
LOAD ./Drivers/BSP/stm32f7508_discovery_eeprom.o
LOAD ./Drivers/BSP/stm32f7508_discovery_lcd.o
LOAD ./Drivers/BSP/stm32f7508_discovery_qspi.o
LOAD ./Drivers/BSP/stm32f7508_discovery_sd.o
LOAD ./Drivers/BSP/stm32f7508_discovery_sdram.o
LOAD ./Drivers/Components/ft5336/ft5336.o
LOAD ./Drivers/Components/ft5336/ft5336_reg.o
LOAD ./Drivers/STM32F7xx_HAL_Driver/Src/stm32f7xx_hal.o
LOAD ./Drivers/STM32F7xx_HAL_Driver/Src/stm32f7xx_hal_cortex.o
LOAD ./Drivers/STM32F7xx_HAL_Driver/Src/stm32f7xx_hal_crc.o
LOAD ./Drivers/STM32F7xx_HAL_Driver/Src/stm32f7xx_hal_crc_ex.o
LOAD ./Drivers/STM32F7xx_HAL_Driver/Src/stm32f7xx_hal_dma.o
LOAD ./Drivers/STM32F7xx_HAL_Driver/Src/stm32f7xx_hal_dma2d.o
LOAD ./Drivers/STM32F7xx_HAL_Driver/Src/stm32f7xx_hal_dma_ex.o
LOAD ./Drivers/STM32F7xx_HAL_Driver/Src/stm32f7xx_hal_dsi.o
LOAD ./Drivers/STM32F7xx_HAL_Driver/Src/stm32f7xx_hal_exti.o
LOAD ./Drivers/STM32F7xx_HAL_Driver/Src/stm32f7xx_hal_flash.o
LOAD ./Drivers/STM32F7xx_HAL_Driver/Src/stm32f7xx_hal_flash_ex.o
LOAD ./Drivers/STM32F7xx_HAL_Driver/Src/stm32f7xx_hal_gpio.o
LOAD ./Drivers/STM32F7xx_HAL_Driver/Src/stm32f7xx_hal_i2c.o
LOAD ./Drivers/STM32F7xx_HAL_Driver/Src/stm32f7xx_hal_i2c_ex.o
LOAD ./Drivers/STM32F7xx_HAL_Driver/Src/stm32f7xx_hal_ltdc.o
LOAD ./Drivers/STM32F7xx_HAL_Driver/Src/stm32f7xx_hal_ltdc_ex.o
LOAD ./Drivers/STM32F7xx_HAL_Driver/Src/stm32f7xx_hal_pwr.o
LOAD ./Drivers/STM32F7xx_HAL_Driver/Src/stm32f7xx_hal_pwr_ex.o
LOAD ./Drivers/STM32F7xx_HAL_Driver/Src/stm32f7xx_hal_qspi.o
LOAD ./Drivers/STM32F7xx_HAL_Driver/Src/stm32f7xx_hal_rcc.o
LOAD ./Drivers/STM32F7xx_HAL_Driver/Src/stm32f7xx_hal_rcc_ex.o
LOAD ./Drivers/STM32F7xx_HAL_Driver/Src/stm32f7xx_hal_sd.o
LOAD ./Drivers/STM32F7xx_HAL_Driver/Src/stm32f7xx_hal_sdram.o
LOAD ./Drivers/STM32F7xx_HAL_Driver/Src/stm32f7xx_hal_tim.o
LOAD ./Drivers/STM32F7xx_HAL_Driver/Src/stm32f7xx_hal_tim_ex.o
LOAD ./Drivers/STM32F7xx_HAL_Driver/Src/stm32f7xx_hal_uart.o
LOAD ./Drivers/STM32F7xx_HAL_Driver/Src/stm32f7xx_hal_uart_ex.o
LOAD ./Drivers/STM32F7xx_HAL_Driver/Src/stm32f7xx_ll_fmc.o
LOAD ./Drivers/STM32F7xx_HAL_Driver/Src/stm32f7xx_ll_sdmmc.o
START GROUP
LOAD /Applications/STM32CubeIDE.app/Contents/Eclipse/plugins/com.st.stm32cube.ide.mcu.externaltools.gnu-tools-for-stm32.10.3-2021.10.macos64_1.0.200.202301161003/tools/bin/../lib/gcc/arm-none-eabi/10.3.1/../../../../arm-none-eabi/lib/thumb/v7e-m+fp/hard/libc_nano.a
LOAD /Applications/STM32CubeIDE.app/Contents/Eclipse/plugins/com.st.stm32cube.ide.mcu.externaltools.gnu-tools-for-stm32.10.3-2021.10.macos64_1.0.200.202301161003/tools/bin/../lib/gcc/arm-none-eabi/10.3.1/../../../../arm-none-eabi/lib/thumb/v7e-m+fp/hard/libm.a
END GROUP
START GROUP
LOAD /Applications/STM32CubeIDE.app/Contents/Eclipse/plugins/com.st.stm32cube.ide.mcu.externaltools.gnu-tools-for-stm32.10.3-2021.10.macos64_1.0.200.202301161003/tools/bin/../lib/gcc/arm-none-eabi/10.3.1/thumb/v7e-m+fp/hard/libgcc.a
LOAD /Applications/STM32CubeIDE.app/Contents/Eclipse/plugins/com.st.stm32cube.ide.mcu.externaltools.gnu-tools-for-stm32.10.3-2021.10.macos64_1.0.200.202301161003/tools/bin/../lib/gcc/arm-none-eabi/10.3.1/../../../../arm-none-eabi/lib/thumb/v7e-m+fp/hard/libc_nano.a
END GROUP
START GROUP
LOAD /Applications/STM32CubeIDE.app/Contents/Eclipse/plugins/com.st.stm32cube.ide.mcu.externaltools.gnu-tools-for-stm32.10.3-2021.10.macos64_1.0.200.202301161003/tools/bin/../lib/gcc/arm-none-eabi/10.3.1/thumb/v7e-m+fp/hard/libgcc.a
LOAD /Applications/STM32CubeIDE.app/Contents/Eclipse/plugins/com.st.stm32cube.ide.mcu.externaltools.gnu-tools-for-stm32.10.3-2021.10.macos64_1.0.200.202301161003/tools/bin/../lib/gcc/arm-none-eabi/10.3.1/../../../../arm-none-eabi/lib/thumb/v7e-m+fp/hard/libc_nano.a
LOAD /Applications/STM32CubeIDE.app/Contents/Eclipse/plugins/com.st.stm32cube.ide.mcu.externaltools.gnu-tools-for-stm32.10.3-2021.10.macos64_1.0.200.202301161003/tools/bin/../lib/gcc/arm-none-eabi/10.3.1/../../../../arm-none-eabi/lib/thumb/v7e-m+fp/hard/libnosys.a
END GROUP
START GROUP
LOAD /Applications/STM32CubeIDE.app/Contents/Eclipse/plugins/com.st.stm32cube.ide.mcu.externaltools.gnu-tools-for-stm32.10.3-2021.10.macos64_1.0.200.202301161003/tools/bin/../lib/gcc/arm-none-eabi/10.3.1/thumb/v7e-m+fp/hard/libgcc.a
LOAD /Applications/STM32CubeIDE.app/Contents/Eclipse/plugins/com.st.stm32cube.ide.mcu.externaltools.gnu-tools-for-stm32.10.3-2021.10.macos64_1.0.200.202301161003/tools/bin/../lib/gcc/arm-none-eabi/10.3.1/../../../../arm-none-eabi/lib/thumb/v7e-m+fp/hard/libc_nano.a
LOAD /Applications/STM32CubeIDE.app/Contents/Eclipse/plugins/com.st.stm32cube.ide.mcu.externaltools.gnu-tools-for-stm32.10.3-2021.10.macos64_1.0.200.202301161003/tools/bin/../lib/gcc/arm-none-eabi/10.3.1/../../../../arm-none-eabi/lib/thumb/v7e-m+fp/hard/libnosys.a
END GROUP
LOAD /Applications/STM32CubeIDE.app/Contents/Eclipse/plugins/com.st.stm32cube.ide.mcu.externaltools.gnu-tools-for-stm32.10.3-2021.10.macos64_1.0.200.202301161003/tools/bin/../lib/gcc/arm-none-eabi/10.3.1/thumb/v7e-m+fp/hard/crtend.o
LOAD /Applications/STM32CubeIDE.app/Contents/Eclipse/plugins/com.st.stm32cube.ide.mcu.externaltools.gnu-tools-for-stm32.10.3-2021.10.macos64_1.0.200.202301161003/tools/bin/../lib/gcc/arm-none-eabi/10.3.1/thumb/v7e-m+fp/hard/crtn.o
                0x0000000020050000                _estack = (ORIGIN (RAM) + LENGTH (RAM))
                0x0000000000000200                _Min_Heap_Size = 0x200
                0x0000000000000400                _Min_Stack_Size = 0x400

.isr_vector     0x0000000008000000      0x1c8
                0x0000000008000000                . = ALIGN (0x4)
 *(.isr_vector)
 .isr_vector    0x0000000008000000      0x1c8 ./Core/Startup/startup_stm32f750n8hx.o
                0x0000000008000000                g_pfnVectors
                0x00000000080001c8                . = ALIGN (0x4)

.text           0x00000000080001d0     0x6770
                0x00000000080001d0                . = ALIGN (0x4)
 *(.text)
 .text          0x00000000080001d0       0x40 /Applications/STM32CubeIDE.app/Contents/Eclipse/plugins/com.st.stm32cube.ide.mcu.externaltools.gnu-tools-for-stm32.10.3-2021.10.macos64_1.0.200.202301161003/tools/bin/../lib/gcc/arm-none-eabi/10.3.1/thumb/v7e-m+fp/hard/crtbegin.o
 .text          0x0000000008000210       0xa0 /Applications/STM32CubeIDE.app/Contents/Eclipse/plugins/com.st.stm32cube.ide.mcu.externaltools.gnu-tools-for-stm32.10.3-2021.10.macos64_1.0.200.202301161003/tools/bin/../lib/gcc/arm-none-eabi/10.3.1/../../../../arm-none-eabi/lib/thumb/v7e-m+fp/hard/libc_nano.a(lib_a-memchr.o)
                0x0000000008000210                memchr
 .text          0x00000000080002b0       0x30 /Applications/STM32CubeIDE.app/Contents/Eclipse/plugins/com.st.stm32cube.ide.mcu.externaltools.gnu-tools-for-stm32.10.3-2021.10.macos64_1.0.200.202301161003/tools/bin/../lib/gcc/arm-none-eabi/10.3.1/thumb/v7e-m+fp/hard/libgcc.a(_aeabi_uldivmod.o)
                0x00000000080002b0                __aeabi_uldivmod
 .text          0x00000000080002e0      0x2d0 /Applications/STM32CubeIDE.app/Contents/Eclipse/plugins/com.st.stm32cube.ide.mcu.externaltools.gnu-tools-for-stm32.10.3-2021.10.macos64_1.0.200.202301161003/tools/bin/../lib/gcc/arm-none-eabi/10.3.1/thumb/v7e-m+fp/hard/libgcc.a(_udivmoddi4.o)
                0x00000000080002e0                __udivmoddi4
 .text          0x00000000080005b0        0x4 /Applications/STM32CubeIDE.app/Contents/Eclipse/plugins/com.st.stm32cube.ide.mcu.externaltools.gnu-tools-for-stm32.10.3-2021.10.macos64_1.0.200.202301161003/tools/bin/../lib/gcc/arm-none-eabi/10.3.1/thumb/v7e-m+fp/hard/libgcc.a(_dvmd_tls.o)
                0x00000000080005b0                __aeabi_ldiv0
                0x00000000080005b0                __aeabi_idiv0
 *(.text*)
 .text.main     0x00000000080005b4      0x11c ./Core/Src/main.o
                0x00000000080005b4                main
 .text.HAL_GPIO_EXTI_Callback
                0x00000000080006d0       0x28 ./Core/Src/main.o
                0x00000000080006d0                HAL_GPIO_EXTI_Callback
 .text.SystemClock_Config
                0x00000000080006f8       0xd8 ./Core/Src/main.o
                0x00000000080006f8                SystemClock_Config
 .text.MX_CRC_Init
                0x00000000080007d0       0x44 ./Core/Src/main.o
 .text.MX_DMA2D_Init
                0x0000000008000814       0x64 ./Core/Src/main.o
 .text.MX_QUADSPI_Init
                0x0000000008000878       0x58 ./Core/Src/main.o
 .text.MX_UART4_Init
                0x00000000080008d0       0x60 ./Core/Src/main.o
 .text.MX_USART3_UART_Init
                0x0000000008000930       0x60 ./Core/Src/main.o
 .text.MX_USART6_UART_Init
                0x0000000008000990       0x60 ./Core/Src/main.o
 .text.MX_GPIO_Init
                0x00000000080009f0      0x108 ./Core/Src/main.o
 .text.LCD_Config
                0x0000000008000af8       0x28 ./Core/Src/main.o
 .text.Draw_Line
                0x0000000008000b20       0x58 ./Core/Src/main.o
 .text.add_product
                0x0000000008000b78       0xe8 ./Core/Src/main.o
 .text.convert_menu_string
                0x0000000008000c60       0xa0 ./Core/Src/main.o
 .text.Error_Handler
                0x0000000008000d00        0xa ./Core/Src/main.o
                0x0000000008000d00                Error_Handler
 *fill*         0x0000000008000d0a        0x2 
 .text.HAL_MspInit
                0x0000000008000d0c       0x50 ./Core/Src/stm32f7xx_hal_msp.o
                0x0000000008000d0c                HAL_MspInit
 .text.HAL_CRC_MspInit
                0x0000000008000d5c       0x40 ./Core/Src/stm32f7xx_hal_msp.o
                0x0000000008000d5c                HAL_CRC_MspInit
 .text.HAL_DMA2D_MspInit
                0x0000000008000d9c       0x40 ./Core/Src/stm32f7xx_hal_msp.o
                0x0000000008000d9c                HAL_DMA2D_MspInit
 .text.HAL_QSPI_MspInit
                0x0000000008000ddc      0x100 ./Core/Src/stm32f7xx_hal_msp.o
                0x0000000008000ddc                HAL_QSPI_MspInit
 .text.HAL_UART_MspInit
                0x0000000008000edc      0x22c ./Core/Src/stm32f7xx_hal_msp.o
                0x0000000008000edc                HAL_UART_MspInit
 .text.NMI_Handler
                0x0000000008001108        0x6 ./Core/Src/stm32f7xx_it.o
                0x0000000008001108                NMI_Handler
 .text.HardFault_Handler
                0x000000000800110e        0x6 ./Core/Src/stm32f7xx_it.o
                0x000000000800110e                HardFault_Handler
 .text.MemManage_Handler
                0x0000000008001114        0x6 ./Core/Src/stm32f7xx_it.o
                0x0000000008001114                MemManage_Handler
 .text.BusFault_Handler
                0x000000000800111a        0x6 ./Core/Src/stm32f7xx_it.o
                0x000000000800111a                BusFault_Handler
 .text.UsageFault_Handler
                0x0000000008001120        0x6 ./Core/Src/stm32f7xx_it.o
                0x0000000008001120                UsageFault_Handler
 .text.SVC_Handler
                0x0000000008001126        0xe ./Core/Src/stm32f7xx_it.o
                0x0000000008001126                SVC_Handler
 .text.DebugMon_Handler
                0x0000000008001134        0xe ./Core/Src/stm32f7xx_it.o
                0x0000000008001134                DebugMon_Handler
 .text.PendSV_Handler
                0x0000000008001142        0xe ./Core/Src/stm32f7xx_it.o
                0x0000000008001142                PendSV_Handler
 .text.SysTick_Handler
                0x0000000008001150        0xc ./Core/Src/stm32f7xx_it.o
                0x0000000008001150                SysTick_Handler
 .text.EXTI9_5_IRQHandler
                0x000000000800115c        0xe ./Core/Src/stm32f7xx_it.o
                0x000000000800115c                EXTI9_5_IRQHandler
 *fill*         0x000000000800116a        0x2 
 .text.USART6_IRQHandler
                0x000000000800116c       0x14 ./Core/Src/stm32f7xx_it.o
                0x000000000800116c                USART6_IRQHandler
 .text._sbrk    0x0000000008001180       0x6c ./Core/Src/sysmem.o
                0x0000000008001180                _sbrk
 .text.SystemInit
                0x00000000080011ec       0x24 ./Core/Src/system_stm32f7xx.o
                0x00000000080011ec                SystemInit
 .text.Reset_Handler
                0x0000000008001210       0x48 ./Core/Startup/startup_stm32f750n8hx.o
                0x0000000008001210                Reset_Handler
 .text.Default_Handler
                0x0000000008001258        0x2 ./Core/Startup/startup_stm32f750n8hx.o
                0x0000000008001258                DMA1_Stream3_IRQHandler
                0x0000000008001258                HASH_RNG_IRQHandler
                0x0000000008001258                EXTI2_IRQHandler
                0x0000000008001258                TIM8_CC_IRQHandler
                0x0000000008001258                UART8_IRQHandler
                0x0000000008001258                SPI4_IRQHandler
                0x0000000008001258                TIM1_CC_IRQHandler
                0x0000000008001258                DMA2_Stream5_IRQHandler
                0x0000000008001258                DMA1_Stream5_IRQHandler
                0x0000000008001258                PVD_IRQHandler
                0x0000000008001258                TAMP_STAMP_IRQHandler
                0x0000000008001258                CAN2_RX1_IRQHandler
                0x0000000008001258                EXTI3_IRQHandler
                0x0000000008001258                TIM8_TRG_COM_TIM14_IRQHandler
                0x0000000008001258                TIM1_UP_TIM10_IRQHandler
                0x0000000008001258                TIM8_UP_TIM13_IRQHandler
                0x0000000008001258                I2C3_ER_IRQHandler
                0x0000000008001258                EXTI0_IRQHandler
                0x0000000008001258                I2C2_EV_IRQHandler
                0x0000000008001258                DMA1_Stream2_IRQHandler
                0x0000000008001258                CAN1_RX0_IRQHandler
                0x0000000008001258                FPU_IRQHandler
                0x0000000008001258                OTG_HS_WKUP_IRQHandler
                0x0000000008001258                LTDC_ER_IRQHandler
                0x0000000008001258                CAN2_SCE_IRQHandler
                0x0000000008001258                DMA2_Stream2_IRQHandler
                0x0000000008001258                SPI1_IRQHandler
                0x0000000008001258                TIM6_DAC_IRQHandler
                0x0000000008001258                TIM1_BRK_TIM9_IRQHandler
                0x0000000008001258                DCMI_IRQHandler
                0x0000000008001258                CAN2_RX0_IRQHandler
                0x0000000008001258                DMA2_Stream3_IRQHandler
                0x0000000008001258                SAI2_IRQHandler
                0x0000000008001258                USART3_IRQHandler
                0x0000000008001258                CRYP_IRQHandler
                0x0000000008001258                CAN1_RX1_IRQHandler
                0x0000000008001258                UART5_IRQHandler
                0x0000000008001258                DMA2_Stream0_IRQHandler
                0x0000000008001258                TIM4_IRQHandler
                0x0000000008001258                QUADSPI_IRQHandler
                0x0000000008001258                I2C1_EV_IRQHandler
                0x0000000008001258                DMA1_Stream6_IRQHandler
                0x0000000008001258                DMA1_Stream1_IRQHandler
                0x0000000008001258                UART4_IRQHandler
                0x0000000008001258                TIM3_IRQHandler
                0x0000000008001258                RCC_IRQHandler
                0x0000000008001258                TIM8_BRK_TIM12_IRQHandler
                0x0000000008001258                Default_Handler
                0x0000000008001258                CEC_IRQHandler
                0x0000000008001258                EXTI15_10_IRQHandler
                0x0000000008001258                ADC_IRQHandler
                0x0000000008001258                DMA1_Stream7_IRQHandler
                0x0000000008001258                SPI5_IRQHandler
                0x0000000008001258                TIM7_IRQHandler
                0x0000000008001258                SDMMC1_IRQHandler
                0x0000000008001258                CAN2_TX_IRQHandler
                0x0000000008001258                TIM5_IRQHandler
                0x0000000008001258                DMA2_Stream7_IRQHandler
                0x0000000008001258                I2C3_EV_IRQHandler
                0x0000000008001258                RTC_WKUP_IRQHandler
                0x0000000008001258                LTDC_IRQHandler
                0x0000000008001258                ETH_WKUP_IRQHandler
                0x0000000008001258                SPDIF_RX_IRQHandler
                0x0000000008001258                SPI2_IRQHandler
                0x0000000008001258                OTG_HS_EP1_IN_IRQHandler
                0x0000000008001258                DMA1_Stream0_IRQHandler
                0x0000000008001258                CAN1_TX_IRQHandler
                0x0000000008001258                EXTI4_IRQHandler
                0x0000000008001258                ETH_IRQHandler
                0x0000000008001258                OTG_HS_EP1_OUT_IRQHandler
                0x0000000008001258                WWDG_IRQHandler
                0x0000000008001258                SPI6_IRQHandler
                0x0000000008001258                I2C4_EV_IRQHandler
                0x0000000008001258                TIM2_IRQHandler
                0x0000000008001258                OTG_FS_WKUP_IRQHandler
                0x0000000008001258                TIM1_TRG_COM_TIM11_IRQHandler
                0x0000000008001258                OTG_HS_IRQHandler
                0x0000000008001258                DMA2D_IRQHandler
                0x0000000008001258                EXTI1_IRQHandler
                0x0000000008001258                UART7_IRQHandler
                0x0000000008001258                USART2_IRQHandler
                0x0000000008001258                I2C2_ER_IRQHandler
                0x0000000008001258                DMA2_Stream1_IRQHandler
                0x0000000008001258                CAN1_SCE_IRQHandler
                0x0000000008001258                FLASH_IRQHandler
                0x0000000008001258                DMA2_Stream4_IRQHandler
                0x0000000008001258                USART1_IRQHandler
                0x0000000008001258                OTG_FS_IRQHandler
                0x0000000008001258                SPI3_IRQHandler
                0x0000000008001258                DMA1_Stream4_IRQHandler
                0x0000000008001258                I2C1_ER_IRQHandler
                0x0000000008001258                FMC_IRQHandler
                0x0000000008001258                LPTIM1_IRQHandler
                0x0000000008001258                I2C4_ER_IRQHandler
                0x0000000008001258                DMA2_Stream6_IRQHandler
                0x0000000008001258                SAI1_IRQHandler
                0x0000000008001258                RTC_Alarm_IRQHandler
 *fill*         0x000000000800125a        0x2 
 .text.BSP_LCD_Init
                0x000000000800125c       0xe0 ./Drivers/BSP/stm32f7508_discovery_lcd.o
                0x000000000800125c                BSP_LCD_Init
 .text.BSP_LCD_GetXSize
                0x000000000800133c       0x28 ./Drivers/BSP/stm32f7508_discovery_lcd.o
                0x000000000800133c                BSP_LCD_GetXSize
 .text.BSP_LCD_GetYSize
                0x0000000008001364       0x28 ./Drivers/BSP/stm32f7508_discovery_lcd.o
                0x0000000008001364                BSP_LCD_GetYSize
 .text.BSP_LCD_LayerDefaultInit
                0x000000000800138c       0xc0 ./Drivers/BSP/stm32f7508_discovery_lcd.o
                0x000000000800138c                BSP_LCD_LayerDefaultInit
 .text.BSP_LCD_SelectLayer
                0x000000000800144c       0x20 ./Drivers/BSP/stm32f7508_discovery_lcd.o
                0x000000000800144c                BSP_LCD_SelectLayer
 .text.BSP_LCD_SetTextColor
                0x000000000800146c       0x30 ./Drivers/BSP/stm32f7508_discovery_lcd.o
                0x000000000800146c                BSP_LCD_SetTextColor
 .text.BSP_LCD_SetBackColor
                0x000000000800149c       0x34 ./Drivers/BSP/stm32f7508_discovery_lcd.o
                0x000000000800149c                BSP_LCD_SetBackColor
 .text.BSP_LCD_SetFont
                0x00000000080014d0       0x34 ./Drivers/BSP/stm32f7508_discovery_lcd.o
                0x00000000080014d0                BSP_LCD_SetFont
 .text.BSP_LCD_GetFont
                0x0000000008001504       0x2c ./Drivers/BSP/stm32f7508_discovery_lcd.o
                0x0000000008001504                BSP_LCD_GetFont
 .text.BSP_LCD_Clear
                0x0000000008001530       0x50 ./Drivers/BSP/stm32f7508_discovery_lcd.o
                0x0000000008001530                BSP_LCD_Clear
 .text.BSP_LCD_DisplayChar
                0x0000000008001580       0x88 ./Drivers/BSP/stm32f7508_discovery_lcd.o
                0x0000000008001580                BSP_LCD_DisplayChar
 .text.BSP_LCD_DisplayStringAt
                0x0000000008001608      0x190 ./Drivers/BSP/stm32f7508_discovery_lcd.o
                0x0000000008001608                BSP_LCD_DisplayStringAt
 .text.BSP_LCD_DisplayStringAtLine
                0x0000000008001798       0x2e ./Drivers/BSP/stm32f7508_discovery_lcd.o
                0x0000000008001798                BSP_LCD_DisplayStringAtLine
 *fill*         0x00000000080017c6        0x2 
 .text.BSP_LCD_DrawLine
                0x00000000080017c8      0x198 ./Drivers/BSP/stm32f7508_discovery_lcd.o
                0x00000000080017c8                BSP_LCD_DrawLine
 .text.BSP_LCD_DrawPixel
                0x0000000008001960       0x90 ./Drivers/BSP/stm32f7508_discovery_lcd.o
                0x0000000008001960                BSP_LCD_DrawPixel
 .text.BSP_LCD_DisplayOn
                0x00000000080019f0       0x3c ./Drivers/BSP/stm32f7508_discovery_lcd.o
                0x00000000080019f0                BSP_LCD_DisplayOn
 .text.BSP_LCD_MspInit
                0x0000000008001a2c      0x1b4 ./Drivers/BSP/stm32f7508_discovery_lcd.o
                0x0000000008001a2c                BSP_LCD_MspInit
 .text.BSP_LCD_ClockConfig
                0x0000000008001be0       0x38 ./Drivers/BSP/stm32f7508_discovery_lcd.o
                0x0000000008001be0                BSP_LCD_ClockConfig
 .text.DrawChar
                0x0000000008001c18      0x170 ./Drivers/BSP/stm32f7508_discovery_lcd.o
 .text.LL_FillBuffer
                0x0000000008001d88       0x98 ./Drivers/BSP/stm32f7508_discovery_lcd.o
 .text.BSP_SDRAM_Init
                0x0000000008001e20       0xbc ./Drivers/BSP/stm32f7508_discovery_sdram.o
                0x0000000008001e20                BSP_SDRAM_Init
 .text.BSP_SDRAM_Initialization_sequence
                0x0000000008001edc       0xc0 ./Drivers/BSP/stm32f7508_discovery_sdram.o
                0x0000000008001edc                BSP_SDRAM_Initialization_sequence
 .text.BSP_SDRAM_MspInit
                0x0000000008001f9c      0x1f0 ./Drivers/BSP/stm32f7508_discovery_sdram.o
                0x0000000008001f9c                BSP_SDRAM_MspInit
 .text.HAL_Init
                0x000000000800218c       0x1a ./Drivers/STM32F7xx_HAL_Driver/Src/stm32f7xx_hal.o
                0x000000000800218c                HAL_Init
 *fill*         0x00000000080021a6        0x2 
 .text.HAL_InitTick
                0x00000000080021a8       0x60 ./Drivers/STM32F7xx_HAL_Driver/Src/stm32f7xx_hal.o
                0x00000000080021a8                HAL_InitTick
 .text.HAL_IncTick
                0x0000000008002208       0x28 ./Drivers/STM32F7xx_HAL_Driver/Src/stm32f7xx_hal.o
                0x0000000008002208                HAL_IncTick
 .text.HAL_GetTick
                0x0000000008002230       0x18 ./Drivers/STM32F7xx_HAL_Driver/Src/stm32f7xx_hal.o
                0x0000000008002230                HAL_GetTick
 .text.HAL_Delay
                0x0000000008002248       0x48 ./Drivers/STM32F7xx_HAL_Driver/Src/stm32f7xx_hal.o
                0x0000000008002248                HAL_Delay
 .text.__NVIC_SetPriorityGrouping
                0x0000000008002290       0x48 ./Drivers/STM32F7xx_HAL_Driver/Src/stm32f7xx_hal_cortex.o
 .text.__NVIC_GetPriorityGrouping
                0x00000000080022d8       0x1c ./Drivers/STM32F7xx_HAL_Driver/Src/stm32f7xx_hal_cortex.o
 .text.__NVIC_EnableIRQ
                0x00000000080022f4       0x3c ./Drivers/STM32F7xx_HAL_Driver/Src/stm32f7xx_hal_cortex.o
 .text.__NVIC_SetPriority
                0x0000000008002330       0x54 ./Drivers/STM32F7xx_HAL_Driver/Src/stm32f7xx_hal_cortex.o
 .text.NVIC_EncodePriority
                0x0000000008002384       0x66 ./Drivers/STM32F7xx_HAL_Driver/Src/stm32f7xx_hal_cortex.o
 *fill*         0x00000000080023ea        0x2 
 .text.SysTick_Config
                0x00000000080023ec       0x44 ./Drivers/STM32F7xx_HAL_Driver/Src/stm32f7xx_hal_cortex.o
 .text.HAL_NVIC_SetPriorityGrouping
                0x0000000008002430       0x16 ./Drivers/STM32F7xx_HAL_Driver/Src/stm32f7xx_hal_cortex.o
                0x0000000008002430                HAL_NVIC_SetPriorityGrouping
 .text.HAL_NVIC_SetPriority
                0x0000000008002446       0x38 ./Drivers/STM32F7xx_HAL_Driver/Src/stm32f7xx_hal_cortex.o
                0x0000000008002446                HAL_NVIC_SetPriority
 .text.HAL_NVIC_EnableIRQ
                0x000000000800247e       0x1c ./Drivers/STM32F7xx_HAL_Driver/Src/stm32f7xx_hal_cortex.o
                0x000000000800247e                HAL_NVIC_EnableIRQ
 .text.HAL_SYSTICK_Config
                0x000000000800249a       0x18 ./Drivers/STM32F7xx_HAL_Driver/Src/stm32f7xx_hal_cortex.o
                0x000000000800249a                HAL_SYSTICK_Config
 *fill*         0x00000000080024b2        0x2 
 .text.HAL_CRC_Init
                0x00000000080024b4       0xc8 ./Drivers/STM32F7xx_HAL_Driver/Src/stm32f7xx_hal_crc.o
                0x00000000080024b4                HAL_CRC_Init
 .text.HAL_CRCEx_Polynomial_Set
                0x000000000800257c      0x10c ./Drivers/STM32F7xx_HAL_Driver/Src/stm32f7xx_hal_crc_ex.o
                0x000000000800257c                HAL_CRCEx_Polynomial_Set
 .text.HAL_DMA_Init
                0x0000000008002688      0x15c ./Drivers/STM32F7xx_HAL_Driver/Src/stm32f7xx_hal_dma.o
                0x0000000008002688                HAL_DMA_Init
 .text.HAL_DMA_DeInit
                0x00000000080027e4       0xbc ./Drivers/STM32F7xx_HAL_Driver/Src/stm32f7xx_hal_dma.o
                0x00000000080027e4                HAL_DMA_DeInit
 .text.HAL_DMA_Abort
                0x00000000080028a0       0xe0 ./Drivers/STM32F7xx_HAL_Driver/Src/stm32f7xx_hal_dma.o
                0x00000000080028a0                HAL_DMA_Abort
 .text.HAL_DMA_Abort_IT
                0x0000000008002980       0x44 ./Drivers/STM32F7xx_HAL_Driver/Src/stm32f7xx_hal_dma.o
                0x0000000008002980                HAL_DMA_Abort_IT
 .text.DMA_CalcBaseAndBitshift
                0x00000000080029c4       0x6c ./Drivers/STM32F7xx_HAL_Driver/Src/stm32f7xx_hal_dma.o
 .text.DMA_CheckFifoParam
                0x0000000008002a30       0xf8 ./Drivers/STM32F7xx_HAL_Driver/Src/stm32f7xx_hal_dma.o
 .text.HAL_DMA2D_Init
                0x0000000008002b28       0x94 ./Drivers/STM32F7xx_HAL_Driver/Src/stm32f7xx_hal_dma2d.o
                0x0000000008002b28                HAL_DMA2D_Init
 .text.HAL_DMA2D_Start
                0x0000000008002bbc       0x56 ./Drivers/STM32F7xx_HAL_Driver/Src/stm32f7xx_hal_dma2d.o
                0x0000000008002bbc                HAL_DMA2D_Start
 .text.HAL_DMA2D_PollForTransfer
                0x0000000008002c12      0x1d2 ./Drivers/STM32F7xx_HAL_Driver/Src/stm32f7xx_hal_dma2d.o
                0x0000000008002c12                HAL_DMA2D_PollForTransfer
 .text.HAL_DMA2D_ConfigLayer
                0x0000000008002de4      0x124 ./Drivers/STM32F7xx_HAL_Driver/Src/stm32f7xx_hal_dma2d.o
                0x0000000008002de4                HAL_DMA2D_ConfigLayer
 .text.DMA2D_SetConfig
                0x0000000008002f08      0x138 ./Drivers/STM32F7xx_HAL_Driver/Src/stm32f7xx_hal_dma2d.o
 .text.HAL_GPIO_Init
                0x0000000008003040      0x358 ./Drivers/STM32F7xx_HAL_Driver/Src/stm32f7xx_hal_gpio.o
                0x0000000008003040                HAL_GPIO_Init
 .text.HAL_GPIO_WritePin
                0x0000000008003398       0x32 ./Drivers/STM32F7xx_HAL_Driver/Src/stm32f7xx_hal_gpio.o
                0x0000000008003398                HAL_GPIO_WritePin
 *fill*         0x00000000080033ca        0x2 
 .text.HAL_GPIO_EXTI_IRQHandler
                0x00000000080033cc       0x30 ./Drivers/STM32F7xx_HAL_Driver/Src/stm32f7xx_hal_gpio.o
                0x00000000080033cc                HAL_GPIO_EXTI_IRQHandler
 .text.HAL_LTDC_Init
                0x00000000080033fc      0x1b8 ./Drivers/STM32F7xx_HAL_Driver/Src/stm32f7xx_hal_ltdc.o
                0x00000000080033fc                HAL_LTDC_Init
 .text.HAL_LTDC_MspInit
                0x00000000080035b4       0x14 ./Drivers/STM32F7xx_HAL_Driver/Src/stm32f7xx_hal_ltdc.o
                0x00000000080035b4                HAL_LTDC_MspInit
 .text.HAL_LTDC_ConfigLayer
                0x00000000080035c8       0x7c ./Drivers/STM32F7xx_HAL_Driver/Src/stm32f7xx_hal_ltdc.o
                0x00000000080035c8                HAL_LTDC_ConfigLayer
 .text.HAL_LTDC_GetState
                0x0000000008003644       0x1c ./Drivers/STM32F7xx_HAL_Driver/Src/stm32f7xx_hal_ltdc.o
                0x0000000008003644                HAL_LTDC_GetState
 .text.LTDC_SetConfig
                0x0000000008003660      0x340 ./Drivers/STM32F7xx_HAL_Driver/Src/stm32f7xx_hal_ltdc.o
 .text.HAL_PWREx_EnableOverDrive
                0x00000000080039a0       0xa0 ./Drivers/STM32F7xx_HAL_Driver/Src/stm32f7xx_hal_pwr_ex.o
                0x00000000080039a0                HAL_PWREx_EnableOverDrive
 .text.HAL_QSPI_Init
                0x0000000008003a40       0xf8 ./Drivers/STM32F7xx_HAL_Driver/Src/stm32f7xx_hal_qspi.o
                0x0000000008003a40                HAL_QSPI_Init
 .text.HAL_QSPI_SetTimeout
                0x0000000008003b38       0x1c ./Drivers/STM32F7xx_HAL_Driver/Src/stm32f7xx_hal_qspi.o
                0x0000000008003b38                HAL_QSPI_SetTimeout
 .text.QSPI_WaitFlagStateUntilTimeout
                0x0000000008003b54       0x6e ./Drivers/STM32F7xx_HAL_Driver/Src/stm32f7xx_hal_qspi.o
 *fill*         0x0000000008003bc2        0x2 
 .text.HAL_RCC_OscConfig
                0x0000000008003bc4      0x548 ./Drivers/STM32F7xx_HAL_Driver/Src/stm32f7xx_hal_rcc.o
                0x0000000008003bc4                HAL_RCC_OscConfig
 .text.HAL_RCC_ClockConfig
                0x000000000800410c      0x1d8 ./Drivers/STM32F7xx_HAL_Driver/Src/stm32f7xx_hal_rcc.o
                0x000000000800410c                HAL_RCC_ClockConfig
 .text.HAL_RCC_GetSysClockFreq
                0x00000000080042e4      0x18c ./Drivers/STM32F7xx_HAL_Driver/Src/stm32f7xx_hal_rcc.o
                0x00000000080042e4                HAL_RCC_GetSysClockFreq
 .text.HAL_RCC_GetHCLKFreq
                0x0000000008004470       0x18 ./Drivers/STM32F7xx_HAL_Driver/Src/stm32f7xx_hal_rcc.o
                0x0000000008004470                HAL_RCC_GetHCLKFreq
 .text.HAL_RCC_GetPCLK1Freq
                0x0000000008004488       0x28 ./Drivers/STM32F7xx_HAL_Driver/Src/stm32f7xx_hal_rcc.o
                0x0000000008004488                HAL_RCC_GetPCLK1Freq
 .text.HAL_RCC_GetPCLK2Freq
                0x00000000080044b0       0x28 ./Drivers/STM32F7xx_HAL_Driver/Src/stm32f7xx_hal_rcc.o
                0x00000000080044b0                HAL_RCC_GetPCLK2Freq
 .text.HAL_RCCEx_PeriphCLKConfig
                0x00000000080044d8      0x7e0 ./Drivers/STM32F7xx_HAL_Driver/Src/stm32f7xx_hal_rcc_ex.o
                0x00000000080044d8                HAL_RCCEx_PeriphCLKConfig
 .text.HAL_SDRAM_Init
                0x0000000008004cb8       0x68 ./Drivers/STM32F7xx_HAL_Driver/Src/stm32f7xx_hal_sdram.o
                0x0000000008004cb8                HAL_SDRAM_Init
 .text.HAL_SDRAM_MspInit
                0x0000000008004d20       0x14 ./Drivers/STM32F7xx_HAL_Driver/Src/stm32f7xx_hal_sdram.o
                0x0000000008004d20                HAL_SDRAM_MspInit
 .text.HAL_SDRAM_SendCommand
                0x0000000008004d34       0x56 ./Drivers/STM32F7xx_HAL_Driver/Src/stm32f7xx_hal_sdram.o
                0x0000000008004d34                HAL_SDRAM_SendCommand
 .text.HAL_SDRAM_ProgramRefreshRate
                0x0000000008004d8a       0x40 ./Drivers/STM32F7xx_HAL_Driver/Src/stm32f7xx_hal_sdram.o
                0x0000000008004d8a                HAL_SDRAM_ProgramRefreshRate
 .text.HAL_UART_Init
                0x0000000008004dca       0x9c ./Drivers/STM32F7xx_HAL_Driver/Src/stm32f7xx_hal_uart.o
                0x0000000008004dca                HAL_UART_Init
 *fill*         0x0000000008004e66        0x2 
 .text.HAL_UART_IRQHandler
                0x0000000008004e68      0x5a4 ./Drivers/STM32F7xx_HAL_Driver/Src/stm32f7xx_hal_uart.o
                0x0000000008004e68                HAL_UART_IRQHandler
 .text.HAL_UART_TxCpltCallback
                0x000000000800540c       0x14 ./Drivers/STM32F7xx_HAL_Driver/Src/stm32f7xx_hal_uart.o
                0x000000000800540c                HAL_UART_TxCpltCallback
 .text.HAL_UART_ErrorCallback
                0x0000000008005420       0x14 ./Drivers/STM32F7xx_HAL_Driver/Src/stm32f7xx_hal_uart.o
                0x0000000008005420                HAL_UART_ErrorCallback
 .text.HAL_UARTEx_RxEventCallback
                0x0000000008005434       0x18 ./Drivers/STM32F7xx_HAL_Driver/Src/stm32f7xx_hal_uart.o
                0x0000000008005434                HAL_UARTEx_RxEventCallback
 .text.UART_SetConfig
                0x000000000800544c      0x4c8 ./Drivers/STM32F7xx_HAL_Driver/Src/stm32f7xx_hal_uart.o
                0x000000000800544c                UART_SetConfig
 .text.UART_AdvFeatureConfig
                0x0000000008005914      0x144 ./Drivers/STM32F7xx_HAL_Driver/Src/stm32f7xx_hal_uart.o
                0x0000000008005914                UART_AdvFeatureConfig
 .text.UART_CheckIdleState
                0x0000000008005a58       0x6e ./Drivers/STM32F7xx_HAL_Driver/Src/stm32f7xx_hal_uart.o
                0x0000000008005a58                UART_CheckIdleState
 .text.UART_WaitOnFlagUntilTimeout
                0x0000000008005ac6      0x18c ./Drivers/STM32F7xx_HAL_Driver/Src/stm32f7xx_hal_uart.o
                0x0000000008005ac6                UART_WaitOnFlagUntilTimeout
 .text.UART_EndRxTransfer
                0x0000000008005c52       0xc8 ./Drivers/STM32F7xx_HAL_Driver/Src/stm32f7xx_hal_uart.o
 .text.UART_DMAAbortOnError
                0x0000000008005d1a       0x2c ./Drivers/STM32F7xx_HAL_Driver/Src/stm32f7xx_hal_uart.o
 .text.UART_EndTransmit_IT
                0x0000000008005d46       0x54 ./Drivers/STM32F7xx_HAL_Driver/Src/stm32f7xx_hal_uart.o
 *fill*         0x0000000008005d9a        0x2 
 .text.FMC_SDRAM_Init
                0x0000000008005d9c       0xe4 ./Drivers/STM32F7xx_HAL_Driver/Src/stm32f7xx_ll_fmc.o
                0x0000000008005d9c                FMC_SDRAM_Init
 .text.FMC_SDRAM_Timing_Init
                0x0000000008005e80      0x100 ./Drivers/STM32F7xx_HAL_Driver/Src/stm32f7xx_ll_fmc.o
                0x0000000008005e80                FMC_SDRAM_Timing_Init
 .text.FMC_SDRAM_SendCommand
                0x0000000008005f80       0x42 ./Drivers/STM32F7xx_HAL_Driver/Src/stm32f7xx_ll_fmc.o
                0x0000000008005f80                FMC_SDRAM_SendCommand
 .text.FMC_SDRAM_ProgramRefreshRate
                0x0000000008005fc2       0x26 ./Drivers/STM32F7xx_HAL_Driver/Src/stm32f7xx_ll_fmc.o
                0x0000000008005fc2                FMC_SDRAM_ProgramRefreshRate
 .text.__errno  0x0000000008005fe8        0xc /Applications/STM32CubeIDE.app/Contents/Eclipse/plugins/com.st.stm32cube.ide.mcu.externaltools.gnu-tools-for-stm32.10.3-2021.10.macos64_1.0.200.202301161003/tools/bin/../lib/gcc/arm-none-eabi/10.3.1/../../../../arm-none-eabi/lib/thumb/v7e-m+fp/hard/libc_nano.a(lib_a-errno.o)
                0x0000000008005fe8                __errno
 .text.__libc_init_array
                0x0000000008005ff4       0x48 /Applications/STM32CubeIDE.app/Contents/Eclipse/plugins/com.st.stm32cube.ide.mcu.externaltools.gnu-tools-for-stm32.10.3-2021.10.macos64_1.0.200.202301161003/tools/bin/../lib/gcc/arm-none-eabi/10.3.1/../../../../arm-none-eabi/lib/thumb/v7e-m+fp/hard/libc_nano.a(lib_a-init.o)
                0x0000000008005ff4                __libc_init_array
 .text.memcpy   0x000000000800603c       0x1c /Applications/STM32CubeIDE.app/Contents/Eclipse/plugins/com.st.stm32cube.ide.mcu.externaltools.gnu-tools-for-stm32.10.3-2021.10.macos64_1.0.200.202301161003/tools/bin/../lib/gcc/arm-none-eabi/10.3.1/../../../../arm-none-eabi/lib/thumb/v7e-m+fp/hard/libc_nano.a(lib_a-memcpy-stub.o)
                0x000000000800603c                memcpy
 .text.memset   0x0000000008006058       0x10 /Applications/STM32CubeIDE.app/Contents/Eclipse/plugins/com.st.stm32cube.ide.mcu.externaltools.gnu-tools-for-stm32.10.3-2021.10.macos64_1.0.200.202301161003/tools/bin/../lib/gcc/arm-none-eabi/10.3.1/../../../../arm-none-eabi/lib/thumb/v7e-m+fp/hard/libc_nano.a(lib_a-memset.o)
                0x0000000008006058                memset
 .text.sprintf  0x0000000008006068       0x40 /Applications/STM32CubeIDE.app/Contents/Eclipse/plugins/com.st.stm32cube.ide.mcu.externaltools.gnu-tools-for-stm32.10.3-2021.10.macos64_1.0.200.202301161003/tools/bin/../lib/gcc/arm-none-eabi/10.3.1/../../../../arm-none-eabi/lib/thumb/v7e-m+fp/hard/libc_nano.a(lib_a-sprintf.o)
                0x0000000008006068                sprintf
                0x0000000008006068                siprintf
 .text.__ssputs_r
                0x00000000080060a8       0xb6 /Applications/STM32CubeIDE.app/Contents/Eclipse/plugins/com.st.stm32cube.ide.mcu.externaltools.gnu-tools-for-stm32.10.3-2021.10.macos64_1.0.200.202301161003/tools/bin/../lib/gcc/arm-none-eabi/10.3.1/../../../../arm-none-eabi/lib/thumb/v7e-m+fp/hard/libc_nano.a(lib_a-nano-svfprintf.o)
                0x00000000080060a8                __ssputs_r
 *fill*         0x000000000800615e        0x2 
 .text._svfprintf_r
                0x0000000008006160      0x200 /Applications/STM32CubeIDE.app/Contents/Eclipse/plugins/com.st.stm32cube.ide.mcu.externaltools.gnu-tools-for-stm32.10.3-2021.10.macos64_1.0.200.202301161003/tools/bin/../lib/gcc/arm-none-eabi/10.3.1/../../../../arm-none-eabi/lib/thumb/v7e-m+fp/hard/libc_nano.a(lib_a-nano-svfprintf.o)
                0x0000000008006160                _svfprintf_r
                0x0000000008006160                _svfiprintf_r
 .text._printf_common
                0x0000000008006360       0xda /Applications/STM32CubeIDE.app/Contents/Eclipse/plugins/com.st.stm32cube.ide.mcu.externaltools.gnu-tools-for-stm32.10.3-2021.10.macos64_1.0.200.202301161003/tools/bin/../lib/gcc/arm-none-eabi/10.3.1/../../../../arm-none-eabi/lib/thumb/v7e-m+fp/hard/libc_nano.a(lib_a-nano-vfprintf_i.o)
                0x0000000008006360                _printf_common
 *fill*         0x000000000800643a        0x2 
 .text._printf_i
                0x000000000800643c      0x24c /Applications/STM32CubeIDE.app/Contents/Eclipse/plugins/com.st.stm32cube.ide.mcu.externaltools.gnu-tools-for-stm32.10.3-2021.10.macos64_1.0.200.202301161003/tools/bin/../lib/gcc/arm-none-eabi/10.3.1/../../../../arm-none-eabi/lib/thumb/v7e-m+fp/hard/libc_nano.a(lib_a-nano-vfprintf_i.o)
                0x000000000800643c                _printf_i
 .text.memmove  0x0000000008006688       0x34 /Applications/STM32CubeIDE.app/Contents/Eclipse/plugins/com.st.stm32cube.ide.mcu.externaltools.gnu-tools-for-stm32.10.3-2021.10.macos64_1.0.200.202301161003/tools/bin/../lib/gcc/arm-none-eabi/10.3.1/../../../../arm-none-eabi/lib/thumb/v7e-m+fp/hard/libc_nano.a(lib_a-memmove.o)
                0x0000000008006688                memmove
 .text._free_r  0x00000000080066bc       0x98 /Applications/STM32CubeIDE.app/Contents/Eclipse/plugins/com.st.stm32cube.ide.mcu.externaltools.gnu-tools-for-stm32.10.3-2021.10.macos64_1.0.200.202301161003/tools/bin/../lib/gcc/arm-none-eabi/10.3.1/../../../../arm-none-eabi/lib/thumb/v7e-m+fp/hard/libc_nano.a(lib_a-nano-freer.o)
                0x00000000080066bc                _free_r
 .text.sbrk_aligned
                0x0000000008006754       0x40 /Applications/STM32CubeIDE.app/Contents/Eclipse/plugins/com.st.stm32cube.ide.mcu.externaltools.gnu-tools-for-stm32.10.3-2021.10.macos64_1.0.200.202301161003/tools/bin/../lib/gcc/arm-none-eabi/10.3.1/../../../../arm-none-eabi/lib/thumb/v7e-m+fp/hard/libc_nano.a(lib_a-nano-mallocr.o)
 .text._malloc_r
                0x0000000008006794       0xe8 /Applications/STM32CubeIDE.app/Contents/Eclipse/plugins/com.st.stm32cube.ide.mcu.externaltools.gnu-tools-for-stm32.10.3-2021.10.macos64_1.0.200.202301161003/tools/bin/../lib/gcc/arm-none-eabi/10.3.1/../../../../arm-none-eabi/lib/thumb/v7e-m+fp/hard/libc_nano.a(lib_a-nano-mallocr.o)
                0x0000000008006794                _malloc_r
 .text._realloc_r
                0x000000000800687c       0x5e /Applications/STM32CubeIDE.app/Contents/Eclipse/plugins/com.st.stm32cube.ide.mcu.externaltools.gnu-tools-for-stm32.10.3-2021.10.macos64_1.0.200.202301161003/tools/bin/../lib/gcc/arm-none-eabi/10.3.1/../../../../arm-none-eabi/lib/thumb/v7e-m+fp/hard/libc_nano.a(lib_a-nano-reallocr.o)
                0x000000000800687c                _realloc_r
 *fill*         0x00000000080068da        0x2 
 .text._sbrk_r  0x00000000080068dc       0x20 /Applications/STM32CubeIDE.app/Contents/Eclipse/plugins/com.st.stm32cube.ide.mcu.externaltools.gnu-tools-for-stm32.10.3-2021.10.macos64_1.0.200.202301161003/tools/bin/../lib/gcc/arm-none-eabi/10.3.1/../../../../arm-none-eabi/lib/thumb/v7e-m+fp/hard/libc_nano.a(lib_a-sbrkr.o)
                0x00000000080068dc                _sbrk_r
 .text.__malloc_lock
                0x00000000080068fc        0xc /Applications/STM32CubeIDE.app/Contents/Eclipse/plugins/com.st.stm32cube.ide.mcu.externaltools.gnu-tools-for-stm32.10.3-2021.10.macos64_1.0.200.202301161003/tools/bin/../lib/gcc/arm-none-eabi/10.3.1/../../../../arm-none-eabi/lib/thumb/v7e-m+fp/hard/libc_nano.a(lib_a-mlock.o)
                0x00000000080068fc                __malloc_lock
 .text.__malloc_unlock
                0x0000000008006908        0xc /Applications/STM32CubeIDE.app/Contents/Eclipse/plugins/com.st.stm32cube.ide.mcu.externaltools.gnu-tools-for-stm32.10.3-2021.10.macos64_1.0.200.202301161003/tools/bin/../lib/gcc/arm-none-eabi/10.3.1/../../../../arm-none-eabi/lib/thumb/v7e-m+fp/hard/libc_nano.a(lib_a-mlock.o)
                0x0000000008006908                __malloc_unlock
 .text._malloc_usable_size_r
                0x0000000008006914       0x10 /Applications/STM32CubeIDE.app/Contents/Eclipse/plugins/com.st.stm32cube.ide.mcu.externaltools.gnu-tools-for-stm32.10.3-2021.10.macos64_1.0.200.202301161003/tools/bin/../lib/gcc/arm-none-eabi/10.3.1/../../../../arm-none-eabi/lib/thumb/v7e-m+fp/hard/libc_nano.a(lib_a-nano-msizer.o)
                0x0000000008006914                _malloc_usable_size_r
 .text.__retarget_lock_acquire_recursive
                0x0000000008006924        0x2 /Applications/STM32CubeIDE.app/Contents/Eclipse/plugins/com.st.stm32cube.ide.mcu.externaltools.gnu-tools-for-stm32.10.3-2021.10.macos64_1.0.200.202301161003/tools/bin/../lib/gcc/arm-none-eabi/10.3.1/../../../../arm-none-eabi/lib/thumb/v7e-m+fp/hard/libc_nano.a(lib_a-lock.o)
                0x0000000008006924                __retarget_lock_acquire_recursive
 .text.__retarget_lock_release_recursive
                0x0000000008006926        0x2 /Applications/STM32CubeIDE.app/Contents/Eclipse/plugins/com.st.stm32cube.ide.mcu.externaltools.gnu-tools-for-stm32.10.3-2021.10.macos64_1.0.200.202301161003/tools/bin/../lib/gcc/arm-none-eabi/10.3.1/../../../../arm-none-eabi/lib/thumb/v7e-m+fp/hard/libc_nano.a(lib_a-lock.o)
                0x0000000008006926                __retarget_lock_release_recursive
 *(.glue_7)
 .glue_7        0x0000000008006928        0x0 linker stubs
 *(.glue_7t)
 .glue_7t       0x0000000008006928        0x0 linker stubs
 *(.eh_frame)
 .eh_frame      0x0000000008006928        0x0 /Applications/STM32CubeIDE.app/Contents/Eclipse/plugins/com.st.stm32cube.ide.mcu.externaltools.gnu-tools-for-stm32.10.3-2021.10.macos64_1.0.200.202301161003/tools/bin/../lib/gcc/arm-none-eabi/10.3.1/thumb/v7e-m+fp/hard/crtbegin.o
 *(.init)
 .init          0x0000000008006928        0x4 /Applications/STM32CubeIDE.app/Contents/Eclipse/plugins/com.st.stm32cube.ide.mcu.externaltools.gnu-tools-for-stm32.10.3-2021.10.macos64_1.0.200.202301161003/tools/bin/../lib/gcc/arm-none-eabi/10.3.1/thumb/v7e-m+fp/hard/crti.o
                0x0000000008006928                _init
 .init          0x000000000800692c        0x8 /Applications/STM32CubeIDE.app/Contents/Eclipse/plugins/com.st.stm32cube.ide.mcu.externaltools.gnu-tools-for-stm32.10.3-2021.10.macos64_1.0.200.202301161003/tools/bin/../lib/gcc/arm-none-eabi/10.3.1/thumb/v7e-m+fp/hard/crtn.o
 *(.fini)
 .fini          0x0000000008006934        0x4 /Applications/STM32CubeIDE.app/Contents/Eclipse/plugins/com.st.stm32cube.ide.mcu.externaltools.gnu-tools-for-stm32.10.3-2021.10.macos64_1.0.200.202301161003/tools/bin/../lib/gcc/arm-none-eabi/10.3.1/thumb/v7e-m+fp/hard/crti.o
                0x0000000008006934                _fini
 .fini          0x0000000008006938        0x8 /Applications/STM32CubeIDE.app/Contents/Eclipse/plugins/com.st.stm32cube.ide.mcu.externaltools.gnu-tools-for-stm32.10.3-2021.10.macos64_1.0.200.202301161003/tools/bin/../lib/gcc/arm-none-eabi/10.3.1/thumb/v7e-m+fp/hard/crtn.o
                0x0000000008006940                . = ALIGN (0x4)
                0x0000000008006940                _etext = .

.vfp11_veneer   0x0000000008006940        0x0
 .vfp11_veneer  0x0000000008006940        0x0 linker stubs

.v4_bx          0x0000000008006940        0x0
 .v4_bx         0x0000000008006940        0x0 linker stubs

.iplt           0x0000000008006940        0x0
 .iplt          0x0000000008006940        0x0 /Applications/STM32CubeIDE.app/Contents/Eclipse/plugins/com.st.stm32cube.ide.mcu.externaltools.gnu-tools-for-stm32.10.3-2021.10.macos64_1.0.200.202301161003/tools/bin/../lib/gcc/arm-none-eabi/10.3.1/thumb/v7e-m+fp/hard/crtbegin.o

.rodata         0x0000000008006940     0x1b4c
                0x0000000008006940                . = ALIGN (0x4)
 *(.rodata)
 .rodata        0x0000000008006940       0x3d ./Core/Src/main.o
 *(.rodata*)
 *fill*         0x000000000800697d        0x3 
 .rodata.AHBPrescTable
                0x0000000008006980       0x10 ./Core/Src/system_stm32f7xx.o
                0x0000000008006980                AHBPrescTable
 .rodata.APBPrescTable
                0x0000000008006990        0x8 ./Core/Src/system_stm32f7xx.o
                0x0000000008006990                APBPrescTable
 .rodata.Font24_Table
                0x0000000008006998     0x1ab8 ./Drivers/BSP/stm32f7508_discovery_lcd.o
                0x0000000008006998                Font24_Table
 .rodata.flagBitshiftOffset.0
                0x0000000008008450        0x8 ./Drivers/STM32F7xx_HAL_Driver/Src/stm32f7xx_hal_dma.o
 .rodata._svfprintf_r.str1.1
                0x0000000008008458       0x11 /Applications/STM32CubeIDE.app/Contents/Eclipse/plugins/com.st.stm32cube.ide.mcu.externaltools.gnu-tools-for-stm32.10.3-2021.10.macos64_1.0.200.202301161003/tools/bin/../lib/gcc/arm-none-eabi/10.3.1/../../../../arm-none-eabi/lib/thumb/v7e-m+fp/hard/libc_nano.a(lib_a-nano-svfprintf.o)
 .rodata._printf_i.str1.1
                0x0000000008008469       0x22 /Applications/STM32CubeIDE.app/Contents/Eclipse/plugins/com.st.stm32cube.ide.mcu.externaltools.gnu-tools-for-stm32.10.3-2021.10.macos64_1.0.200.202301161003/tools/bin/../lib/gcc/arm-none-eabi/10.3.1/../../../../arm-none-eabi/lib/thumb/v7e-m+fp/hard/libc_nano.a(lib_a-nano-vfprintf_i.o)
                0x000000000800848c                . = ALIGN (0x4)
 *fill*         0x000000000800848b        0x1 

.ARM.extab      0x000000000800848c        0x0
                0x000000000800848c                . = ALIGN (0x4)
 *(.ARM.extab* .gnu.linkonce.armextab.*)
                0x000000000800848c                . = ALIGN (0x4)

.ARM            0x000000000800848c        0x8
                0x000000000800848c                . = ALIGN (0x4)
                0x000000000800848c                __exidx_start = .
 *(.ARM.exidx*)
 .ARM.exidx     0x000000000800848c        0x8 /Applications/STM32CubeIDE.app/Contents/Eclipse/plugins/com.st.stm32cube.ide.mcu.externaltools.gnu-tools-for-stm32.10.3-2021.10.macos64_1.0.200.202301161003/tools/bin/../lib/gcc/arm-none-eabi/10.3.1/thumb/v7e-m+fp/hard/libgcc.a(_udivmoddi4.o)
                0x0000000008008494                __exidx_end = .
                0x0000000008008494                . = ALIGN (0x4)

.rel.dyn        0x0000000008008494        0x0
 .rel.iplt      0x0000000008008494        0x0 /Applications/STM32CubeIDE.app/Contents/Eclipse/plugins/com.st.stm32cube.ide.mcu.externaltools.gnu-tools-for-stm32.10.3-2021.10.macos64_1.0.200.202301161003/tools/bin/../lib/gcc/arm-none-eabi/10.3.1/thumb/v7e-m+fp/hard/crtbegin.o

.preinit_array  0x0000000008008494        0x0
                0x0000000008008494                . = ALIGN (0x4)
                0x0000000008008494                PROVIDE (__preinit_array_start = .)
 *(.preinit_array*)
                0x0000000008008494                PROVIDE (__preinit_array_end = .)
                0x0000000008008494                . = ALIGN (0x4)

.init_array     0x0000000008008494        0x4
                0x0000000008008494                . = ALIGN (0x4)
                0x0000000008008494                PROVIDE (__init_array_start = .)
 *(SORT_BY_NAME(.init_array.*))
 *(.init_array*)
 .init_array    0x0000000008008494        0x4 /Applications/STM32CubeIDE.app/Contents/Eclipse/plugins/com.st.stm32cube.ide.mcu.externaltools.gnu-tools-for-stm32.10.3-2021.10.macos64_1.0.200.202301161003/tools/bin/../lib/gcc/arm-none-eabi/10.3.1/thumb/v7e-m+fp/hard/crtbegin.o
                0x0000000008008498                PROVIDE (__init_array_end = .)
                0x0000000008008498                . = ALIGN (0x4)

.fini_array     0x0000000008008498        0x4
                0x0000000008008498                . = ALIGN (0x4)
                [!provide]                        PROVIDE (__fini_array_start = .)
 *(SORT_BY_NAME(.fini_array.*))
 *(.fini_array*)
 .fini_array    0x0000000008008498        0x4 /Applications/STM32CubeIDE.app/Contents/Eclipse/plugins/com.st.stm32cube.ide.mcu.externaltools.gnu-tools-for-stm32.10.3-2021.10.macos64_1.0.200.202301161003/tools/bin/../lib/gcc/arm-none-eabi/10.3.1/thumb/v7e-m+fp/hard/crtbegin.o
                [!provide]                        PROVIDE (__fini_array_end = .)
                0x000000000800849c                . = ALIGN (0x4)
                0x000000000800849c                _sidata = LOADADDR (.data)

.data           0x0000000020000000       0x7c load address 0x000000000800849c
                0x0000000020000000                . = ALIGN (0x4)
                0x0000000020000000                _sdata = .
 *(.data)
 *(.data*)
 .data.SystemCoreClock
                0x0000000020000000        0x4 ./Core/Src/system_stm32f7xx.o
                0x0000000020000000                SystemCoreClock
 .data.Font24   0x0000000020000004        0x8 ./Drivers/BSP/stm32f7508_discovery_lcd.o
                0x0000000020000004                Font24
 .data.sdramstatus.3
                0x000000002000000c        0x1 ./Drivers/BSP/stm32f7508_discovery_sdram.o
 *fill*         0x000000002000000d        0x3 
 .data.uwTickPrio
                0x0000000020000010        0x4 ./Drivers/STM32F7xx_HAL_Driver/Src/stm32f7xx_hal.o
                0x0000000020000010                uwTickPrio
 .data.uwTickFreq
                0x0000000020000014        0x1 ./Drivers/STM32F7xx_HAL_Driver/Src/stm32f7xx_hal.o
                0x0000000020000014                uwTickFreq
 *fill*         0x0000000020000015        0x3 
 .data._impure_ptr
                0x0000000020000018        0x4 /Applications/STM32CubeIDE.app/Contents/Eclipse/plugins/com.st.stm32cube.ide.mcu.externaltools.gnu-tools-for-stm32.10.3-2021.10.macos64_1.0.200.202301161003/tools/bin/../lib/gcc/arm-none-eabi/10.3.1/../../../../arm-none-eabi/lib/thumb/v7e-m+fp/hard/libc_nano.a(lib_a-impure.o)
                0x0000000020000018                _impure_ptr
 .data.impure_data
                0x000000002000001c       0x60 /Applications/STM32CubeIDE.app/Contents/Eclipse/plugins/com.st.stm32cube.ide.mcu.externaltools.gnu-tools-for-stm32.10.3-2021.10.macos64_1.0.200.202301161003/tools/bin/../lib/gcc/arm-none-eabi/10.3.1/../../../../arm-none-eabi/lib/thumb/v7e-m+fp/hard/libc_nano.a(lib_a-impure.o)
 *(.RamFunc)
 *(.RamFunc*)
                0x000000002000007c                . = ALIGN (0x4)
                0x000000002000007c                _edata = .

.igot.plt       0x000000002000007c        0x0 load address 0x0000000008008518
 .igot.plt      0x000000002000007c        0x0 /Applications/STM32CubeIDE.app/Contents/Eclipse/plugins/com.st.stm32cube.ide.mcu.externaltools.gnu-tools-for-stm32.10.3-2021.10.macos64_1.0.200.202301161003/tools/bin/../lib/gcc/arm-none-eabi/10.3.1/thumb/v7e-m+fp/hard/crtbegin.o
                0x000000002000007c                . = ALIGN (0x4)

.bss            0x000000002000007c      0x5bc load address 0x0000000008008518
                0x000000002000007c                _sbss = .
                0x000000002000007c                __bss_start__ = _sbss
 *(.bss)
 .bss           0x000000002000007c       0x1c /Applications/STM32CubeIDE.app/Contents/Eclipse/plugins/com.st.stm32cube.ide.mcu.externaltools.gnu-tools-for-stm32.10.3-2021.10.macos64_1.0.200.202301161003/tools/bin/../lib/gcc/arm-none-eabi/10.3.1/thumb/v7e-m+fp/hard/crtbegin.o
 *(.bss*)
 .bss.hcrc      0x0000000020000098       0x24 ./Core/Src/main.o
                0x0000000020000098                hcrc
 .bss.hdma2d    0x00000000200000bc       0x40 ./Core/Src/main.o
                0x00000000200000bc                hdma2d
 .bss.hqspi     0x00000000200000fc       0x4c ./Core/Src/main.o
                0x00000000200000fc                hqspi
 .bss.huart4    0x0000000020000148       0x88 ./Core/Src/main.o
                0x0000000020000148                huart4
 .bss.huart3    0x00000000200001d0       0x88 ./Core/Src/main.o
                0x00000000200001d0                huart3
 .bss.huart6    0x0000000020000258       0x88 ./Core/Src/main.o
                0x0000000020000258                huart6
 .bss.cart      0x00000000200002e0       0xf8 ./Core/Src/main.o
                0x00000000200002e0                cart
 .bss.__sbrk_heap_end
                0x00000000200003d8        0x4 ./Core/Src/sysmem.o
 .bss.hLtdcHandler
                0x00000000200003dc       0xa8 ./Drivers/BSP/stm32f7508_discovery_lcd.o
                0x00000000200003dc                hLtdcHandler
 .bss.hDma2dHandler
                0x0000000020000484       0x40 ./Drivers/BSP/stm32f7508_discovery_lcd.o
 .bss.ActiveLayer
                0x00000000200004c4        0x4 ./Drivers/BSP/stm32f7508_discovery_lcd.o
 .bss.DrawProp  0x00000000200004c8       0x18 ./Drivers/BSP/stm32f7508_discovery_lcd.o
 .bss.periph_clk_init_struct.0
                0x00000000200004e0       0x84 ./Drivers/BSP/stm32f7508_discovery_lcd.o
 .bss.sdramHandle
                0x0000000020000564       0x34 ./Drivers/BSP/stm32f7508_discovery_sdram.o
                0x0000000020000564                sdramHandle
 .bss.Timing    0x0000000020000598       0x1c ./Drivers/BSP/stm32f7508_discovery_sdram.o
 .bss.Command   0x00000000200005b4       0x10 ./Drivers/BSP/stm32f7508_discovery_sdram.o
 .bss.dma_handle.1
                0x00000000200005c4       0x60 ./Drivers/BSP/stm32f7508_discovery_sdram.o
 .bss.uwTick    0x0000000020000624        0x4 ./Drivers/STM32F7xx_HAL_Driver/Src/stm32f7xx_hal.o
                0x0000000020000624                uwTick
 .bss.__malloc_free_list
                0x0000000020000628        0x4 /Applications/STM32CubeIDE.app/Contents/Eclipse/plugins/com.st.stm32cube.ide.mcu.externaltools.gnu-tools-for-stm32.10.3-2021.10.macos64_1.0.200.202301161003/tools/bin/../lib/gcc/arm-none-eabi/10.3.1/../../../../arm-none-eabi/lib/thumb/v7e-m+fp/hard/libc_nano.a(lib_a-nano-mallocr.o)
                0x0000000020000628                __malloc_free_list
 .bss.__malloc_sbrk_start
                0x000000002000062c        0x4 /Applications/STM32CubeIDE.app/Contents/Eclipse/plugins/com.st.stm32cube.ide.mcu.externaltools.gnu-tools-for-stm32.10.3-2021.10.macos64_1.0.200.202301161003/tools/bin/../lib/gcc/arm-none-eabi/10.3.1/../../../../arm-none-eabi/lib/thumb/v7e-m+fp/hard/libc_nano.a(lib_a-nano-mallocr.o)
                0x000000002000062c                __malloc_sbrk_start
 .bss.errno     0x0000000020000630        0x4 /Applications/STM32CubeIDE.app/Contents/Eclipse/plugins/com.st.stm32cube.ide.mcu.externaltools.gnu-tools-for-stm32.10.3-2021.10.macos64_1.0.200.202301161003/tools/bin/../lib/gcc/arm-none-eabi/10.3.1/../../../../arm-none-eabi/lib/thumb/v7e-m+fp/hard/libc_nano.a(lib_a-reent.o)
                0x0000000020000630                errno
 .bss.__lock___malloc_recursive_mutex
                0x0000000020000634        0x1 /Applications/STM32CubeIDE.app/Contents/Eclipse/plugins/com.st.stm32cube.ide.mcu.externaltools.gnu-tools-for-stm32.10.3-2021.10.macos64_1.0.200.202301161003/tools/bin/../lib/gcc/arm-none-eabi/10.3.1/../../../../arm-none-eabi/lib/thumb/v7e-m+fp/hard/libc_nano.a(lib_a-lock.o)
                0x0000000020000634                __lock___malloc_recursive_mutex
 *(COMMON)
                0x0000000020000638                . = ALIGN (0x4)
 *fill*         0x0000000020000635        0x3 
                0x0000000020000638                _ebss = .
                0x0000000020000638                __bss_end__ = _ebss

._user_heap_stack
                0x0000000020000638      0x600 load address 0x0000000008008518
                0x0000000020000638                . = ALIGN (0x8)
                [!provide]                        PROVIDE (end = .)
                0x0000000020000638                PROVIDE (_end = .)
                0x0000000020000838                . = (. + _Min_Heap_Size)
 *fill*         0x0000000020000638      0x200 
                0x0000000020000c38                . = (. + _Min_Stack_Size)
 *fill*         0x0000000020000838      0x400 
                0x0000000020000c38                . = ALIGN (0x8)

/DISCARD/
 libc.a(*)
 libm.a(*)
 libgcc.a(*)

.ARM.attributes
                0x0000000000000000       0x30
 *(.ARM.attributes)
 .ARM.attributes
                0x0000000000000000       0x1e /Applications/STM32CubeIDE.app/Contents/Eclipse/plugins/com.st.stm32cube.ide.mcu.externaltools.gnu-tools-for-stm32.10.3-2021.10.macos64_1.0.200.202301161003/tools/bin/../lib/gcc/arm-none-eabi/10.3.1/thumb/v7e-m+fp/hard/crti.o
 .ARM.attributes
                0x000000000000001e       0x34 /Applications/STM32CubeIDE.app/Contents/Eclipse/plugins/com.st.stm32cube.ide.mcu.externaltools.gnu-tools-for-stm32.10.3-2021.10.macos64_1.0.200.202301161003/tools/bin/../lib/gcc/arm-none-eabi/10.3.1/thumb/v7e-m+fp/hard/crtbegin.o
 .ARM.attributes
                0x0000000000000052       0x34 ./Core/Src/main.o
 .ARM.attributes
                0x0000000000000086       0x34 ./Core/Src/stm32f7xx_hal_msp.o
 .ARM.attributes
                0x00000000000000ba       0x34 ./Core/Src/stm32f7xx_it.o
 .ARM.attributes
                0x00000000000000ee       0x34 ./Core/Src/sysmem.o
 .ARM.attributes
                0x0000000000000122       0x34 ./Core/Src/system_stm32f7xx.o
 .ARM.attributes
                0x0000000000000156       0x21 ./Core/Startup/startup_stm32f750n8hx.o
 .ARM.attributes
                0x0000000000000177       0x34 ./Drivers/BSP/stm32f7508_discovery_lcd.o
 .ARM.attributes
                0x00000000000001ab       0x34 ./Drivers/BSP/stm32f7508_discovery_sdram.o
 .ARM.attributes
                0x00000000000001df       0x34 ./Drivers/STM32F7xx_HAL_Driver/Src/stm32f7xx_hal.o
 .ARM.attributes
                0x0000000000000213       0x34 ./Drivers/STM32F7xx_HAL_Driver/Src/stm32f7xx_hal_cortex.o
 .ARM.attributes
                0x0000000000000247       0x34 ./Drivers/STM32F7xx_HAL_Driver/Src/stm32f7xx_hal_crc.o
 .ARM.attributes
                0x000000000000027b       0x34 ./Drivers/STM32F7xx_HAL_Driver/Src/stm32f7xx_hal_crc_ex.o
 .ARM.attributes
                0x00000000000002af       0x34 ./Drivers/STM32F7xx_HAL_Driver/Src/stm32f7xx_hal_dma.o
 .ARM.attributes
                0x00000000000002e3       0x34 ./Drivers/STM32F7xx_HAL_Driver/Src/stm32f7xx_hal_dma2d.o
 .ARM.attributes
                0x0000000000000317       0x34 ./Drivers/STM32F7xx_HAL_Driver/Src/stm32f7xx_hal_gpio.o
 .ARM.attributes
                0x000000000000034b       0x34 ./Drivers/STM32F7xx_HAL_Driver/Src/stm32f7xx_hal_ltdc.o
 .ARM.attributes
                0x000000000000037f       0x34 ./Drivers/STM32F7xx_HAL_Driver/Src/stm32f7xx_hal_pwr_ex.o
 .ARM.attributes
                0x00000000000003b3       0x34 ./Drivers/STM32F7xx_HAL_Driver/Src/stm32f7xx_hal_qspi.o
 .ARM.attributes
                0x00000000000003e7       0x34 ./Drivers/STM32F7xx_HAL_Driver/Src/stm32f7xx_hal_rcc.o
 .ARM.attributes
                0x000000000000041b       0x34 ./Drivers/STM32F7xx_HAL_Driver/Src/stm32f7xx_hal_rcc_ex.o
 .ARM.attributes
                0x000000000000044f       0x34 ./Drivers/STM32F7xx_HAL_Driver/Src/stm32f7xx_hal_sdram.o
 .ARM.attributes
                0x0000000000000483       0x34 ./Drivers/STM32F7xx_HAL_Driver/Src/stm32f7xx_hal_uart.o
 .ARM.attributes
                0x00000000000004b7       0x34 ./Drivers/STM32F7xx_HAL_Driver/Src/stm32f7xx_ll_fmc.o
 .ARM.attributes
                0x00000000000004eb       0x34 /Applications/STM32CubeIDE.app/Contents/Eclipse/plugins/com.st.stm32cube.ide.mcu.externaltools.gnu-tools-for-stm32.10.3-2021.10.macos64_1.0.200.202301161003/tools/bin/../lib/gcc/arm-none-eabi/10.3.1/../../../../arm-none-eabi/lib/thumb/v7e-m+fp/hard/libc_nano.a(lib_a-errno.o)
 .ARM.attributes
                0x000000000000051f       0x34 /Applications/STM32CubeIDE.app/Contents/Eclipse/plugins/com.st.stm32cube.ide.mcu.externaltools.gnu-tools-for-stm32.10.3-2021.10.macos64_1.0.200.202301161003/tools/bin/../lib/gcc/arm-none-eabi/10.3.1/../../../../arm-none-eabi/lib/thumb/v7e-m+fp/hard/libc_nano.a(lib_a-impure.o)
 .ARM.attributes
                0x0000000000000553       0x34 /Applications/STM32CubeIDE.app/Contents/Eclipse/plugins/com.st.stm32cube.ide.mcu.externaltools.gnu-tools-for-stm32.10.3-2021.10.macos64_1.0.200.202301161003/tools/bin/../lib/gcc/arm-none-eabi/10.3.1/../../../../arm-none-eabi/lib/thumb/v7e-m+fp/hard/libc_nano.a(lib_a-init.o)
 .ARM.attributes
                0x0000000000000587       0x34 /Applications/STM32CubeIDE.app/Contents/Eclipse/plugins/com.st.stm32cube.ide.mcu.externaltools.gnu-tools-for-stm32.10.3-2021.10.macos64_1.0.200.202301161003/tools/bin/../lib/gcc/arm-none-eabi/10.3.1/../../../../arm-none-eabi/lib/thumb/v7e-m+fp/hard/libc_nano.a(lib_a-memcpy-stub.o)
 .ARM.attributes
                0x00000000000005bb       0x34 /Applications/STM32CubeIDE.app/Contents/Eclipse/plugins/com.st.stm32cube.ide.mcu.externaltools.gnu-tools-for-stm32.10.3-2021.10.macos64_1.0.200.202301161003/tools/bin/../lib/gcc/arm-none-eabi/10.3.1/../../../../arm-none-eabi/lib/thumb/v7e-m+fp/hard/libc_nano.a(lib_a-memset.o)
 .ARM.attributes
                0x00000000000005ef       0x34 /Applications/STM32CubeIDE.app/Contents/Eclipse/plugins/com.st.stm32cube.ide.mcu.externaltools.gnu-tools-for-stm32.10.3-2021.10.macos64_1.0.200.202301161003/tools/bin/../lib/gcc/arm-none-eabi/10.3.1/../../../../arm-none-eabi/lib/thumb/v7e-m+fp/hard/libc_nano.a(lib_a-sprintf.o)
 .ARM.attributes
                0x0000000000000623       0x34 /Applications/STM32CubeIDE.app/Contents/Eclipse/plugins/com.st.stm32cube.ide.mcu.externaltools.gnu-tools-for-stm32.10.3-2021.10.macos64_1.0.200.202301161003/tools/bin/../lib/gcc/arm-none-eabi/10.3.1/../../../../arm-none-eabi/lib/thumb/v7e-m+fp/hard/libc_nano.a(lib_a-nano-svfprintf.o)
 .ARM.attributes
                0x0000000000000657       0x34 /Applications/STM32CubeIDE.app/Contents/Eclipse/plugins/com.st.stm32cube.ide.mcu.externaltools.gnu-tools-for-stm32.10.3-2021.10.macos64_1.0.200.202301161003/tools/bin/../lib/gcc/arm-none-eabi/10.3.1/../../../../arm-none-eabi/lib/thumb/v7e-m+fp/hard/libc_nano.a(lib_a-nano-vfprintf_i.o)
 .ARM.attributes
                0x000000000000068b       0x1c /Applications/STM32CubeIDE.app/Contents/Eclipse/plugins/com.st.stm32cube.ide.mcu.externaltools.gnu-tools-for-stm32.10.3-2021.10.macos64_1.0.200.202301161003/tools/bin/../lib/gcc/arm-none-eabi/10.3.1/../../../../arm-none-eabi/lib/thumb/v7e-m+fp/hard/libc_nano.a(lib_a-memchr.o)
 .ARM.attributes
                0x00000000000006a7       0x34 /Applications/STM32CubeIDE.app/Contents/Eclipse/plugins/com.st.stm32cube.ide.mcu.externaltools.gnu-tools-for-stm32.10.3-2021.10.macos64_1.0.200.202301161003/tools/bin/../lib/gcc/arm-none-eabi/10.3.1/../../../../arm-none-eabi/lib/thumb/v7e-m+fp/hard/libc_nano.a(lib_a-memmove.o)
 .ARM.attributes
                0x00000000000006db       0x34 /Applications/STM32CubeIDE.app/Contents/Eclipse/plugins/com.st.stm32cube.ide.mcu.externaltools.gnu-tools-for-stm32.10.3-2021.10.macos64_1.0.200.202301161003/tools/bin/../lib/gcc/arm-none-eabi/10.3.1/../../../../arm-none-eabi/lib/thumb/v7e-m+fp/hard/libc_nano.a(lib_a-nano-freer.o)
 .ARM.attributes
                0x000000000000070f       0x34 /Applications/STM32CubeIDE.app/Contents/Eclipse/plugins/com.st.stm32cube.ide.mcu.externaltools.gnu-tools-for-stm32.10.3-2021.10.macos64_1.0.200.202301161003/tools/bin/../lib/gcc/arm-none-eabi/10.3.1/../../../../arm-none-eabi/lib/thumb/v7e-m+fp/hard/libc_nano.a(lib_a-nano-mallocr.o)
 .ARM.attributes
                0x0000000000000743       0x34 /Applications/STM32CubeIDE.app/Contents/Eclipse/plugins/com.st.stm32cube.ide.mcu.externaltools.gnu-tools-for-stm32.10.3-2021.10.macos64_1.0.200.202301161003/tools/bin/../lib/gcc/arm-none-eabi/10.3.1/../../../../arm-none-eabi/lib/thumb/v7e-m+fp/hard/libc_nano.a(lib_a-nano-reallocr.o)
 .ARM.attributes
                0x0000000000000777       0x34 /Applications/STM32CubeIDE.app/Contents/Eclipse/plugins/com.st.stm32cube.ide.mcu.externaltools.gnu-tools-for-stm32.10.3-2021.10.macos64_1.0.200.202301161003/tools/bin/../lib/gcc/arm-none-eabi/10.3.1/../../../../arm-none-eabi/lib/thumb/v7e-m+fp/hard/libc_nano.a(lib_a-sbrkr.o)
 .ARM.attributes
                0x00000000000007ab       0x34 /Applications/STM32CubeIDE.app/Contents/Eclipse/plugins/com.st.stm32cube.ide.mcu.externaltools.gnu-tools-for-stm32.10.3-2021.10.macos64_1.0.200.202301161003/tools/bin/../lib/gcc/arm-none-eabi/10.3.1/../../../../arm-none-eabi/lib/thumb/v7e-m+fp/hard/libc_nano.a(lib_a-mlock.o)
 .ARM.attributes
                0x00000000000007df       0x34 /Applications/STM32CubeIDE.app/Contents/Eclipse/plugins/com.st.stm32cube.ide.mcu.externaltools.gnu-tools-for-stm32.10.3-2021.10.macos64_1.0.200.202301161003/tools/bin/../lib/gcc/arm-none-eabi/10.3.1/../../../../arm-none-eabi/lib/thumb/v7e-m+fp/hard/libc_nano.a(lib_a-nano-msizer.o)
 .ARM.attributes
                0x0000000000000813       0x34 /Applications/STM32CubeIDE.app/Contents/Eclipse/plugins/com.st.stm32cube.ide.mcu.externaltools.gnu-tools-for-stm32.10.3-2021.10.macos64_1.0.200.202301161003/tools/bin/../lib/gcc/arm-none-eabi/10.3.1/../../../../arm-none-eabi/lib/thumb/v7e-m+fp/hard/libc_nano.a(lib_a-reent.o)
 .ARM.attributes
                0x0000000000000847       0x34 /Applications/STM32CubeIDE.app/Contents/Eclipse/plugins/com.st.stm32cube.ide.mcu.externaltools.gnu-tools-for-stm32.10.3-2021.10.macos64_1.0.200.202301161003/tools/bin/../lib/gcc/arm-none-eabi/10.3.1/../../../../arm-none-eabi/lib/thumb/v7e-m+fp/hard/libc_nano.a(lib_a-lock.o)
 .ARM.attributes
                0x000000000000087b       0x1e /Applications/STM32CubeIDE.app/Contents/Eclipse/plugins/com.st.stm32cube.ide.mcu.externaltools.gnu-tools-for-stm32.10.3-2021.10.macos64_1.0.200.202301161003/tools/bin/../lib/gcc/arm-none-eabi/10.3.1/thumb/v7e-m+fp/hard/libgcc.a(_aeabi_uldivmod.o)
 .ARM.attributes
                0x0000000000000899       0x34 /Applications/STM32CubeIDE.app/Contents/Eclipse/plugins/com.st.stm32cube.ide.mcu.externaltools.gnu-tools-for-stm32.10.3-2021.10.macos64_1.0.200.202301161003/tools/bin/../lib/gcc/arm-none-eabi/10.3.1/thumb/v7e-m+fp/hard/libgcc.a(_udivmoddi4.o)
 .ARM.attributes
                0x00000000000008cd       0x1e /Applications/STM32CubeIDE.app/Contents/Eclipse/plugins/com.st.stm32cube.ide.mcu.externaltools.gnu-tools-for-stm32.10.3-2021.10.macos64_1.0.200.202301161003/tools/bin/../lib/gcc/arm-none-eabi/10.3.1/thumb/v7e-m+fp/hard/libgcc.a(_dvmd_tls.o)
 .ARM.attributes
                0x00000000000008eb       0x1e /Applications/STM32CubeIDE.app/Contents/Eclipse/plugins/com.st.stm32cube.ide.mcu.externaltools.gnu-tools-for-stm32.10.3-2021.10.macos64_1.0.200.202301161003/tools/bin/../lib/gcc/arm-none-eabi/10.3.1/thumb/v7e-m+fp/hard/crtn.o
OUTPUT(test5.elf elf32-littlearm)
LOAD linker stubs
LOAD /Applications/STM32CubeIDE.app/Contents/Eclipse/plugins/com.st.stm32cube.ide.mcu.externaltools.gnu-tools-for-stm32.10.3-2021.10.macos64_1.0.200.202301161003/tools/bin/../lib/gcc/arm-none-eabi/10.3.1/../../../../arm-none-eabi/lib/thumb/v7e-m+fp/hard/libc.a
LOAD /Applications/STM32CubeIDE.app/Contents/Eclipse/plugins/com.st.stm32cube.ide.mcu.externaltools.gnu-tools-for-stm32.10.3-2021.10.macos64_1.0.200.202301161003/tools/bin/../lib/gcc/arm-none-eabi/10.3.1/../../../../arm-none-eabi/lib/thumb/v7e-m+fp/hard/libm.a
LOAD /Applications/STM32CubeIDE.app/Contents/Eclipse/plugins/com.st.stm32cube.ide.mcu.externaltools.gnu-tools-for-stm32.10.3-2021.10.macos64_1.0.200.202301161003/tools/bin/../lib/gcc/arm-none-eabi/10.3.1/thumb/v7e-m+fp/hard/libgcc.a

.debug_info     0x0000000000000000    0x1578f
 .debug_info    0x0000000000000000     0x1bff ./Core/Src/main.o
 .debug_info    0x0000000000001bff     0x1931 ./Core/Src/stm32f7xx_hal_msp.o
 .debug_info    0x0000000000003530      0x793 ./Core/Src/stm32f7xx_it.o
 .debug_info    0x0000000000003cc3      0x171 ./Core/Src/sysmem.o
 .debug_info    0x0000000000003e34      0x72c ./Core/Src/system_stm32f7xx.o
 .debug_info    0x0000000000004560       0x22 ./Core/Startup/startup_stm32f750n8hx.o
 .debug_info    0x0000000000004582     0x2745 ./Drivers/BSP/stm32f7508_discovery_lcd.o
 .debug_info    0x0000000000006cc7     0x10de ./Drivers/BSP/stm32f7508_discovery_sdram.o
 .debug_info    0x0000000000007da5      0xa12 ./Drivers/STM32F7xx_HAL_Driver/Src/stm32f7xx_hal.o
 .debug_info    0x00000000000087b7     0x1060 ./Drivers/STM32F7xx_HAL_Driver/Src/stm32f7xx_hal_cortex.o
 .debug_info    0x0000000000009817      0x57c ./Drivers/STM32F7xx_HAL_Driver/Src/stm32f7xx_hal_crc.o
 .debug_info    0x0000000000009d93      0x38f ./Drivers/STM32F7xx_HAL_Driver/Src/stm32f7xx_hal_crc_ex.o
 .debug_info    0x000000000000a122      0x94f ./Drivers/STM32F7xx_HAL_Driver/Src/stm32f7xx_hal_dma.o
 .debug_info    0x000000000000aa71      0xf9f ./Drivers/STM32F7xx_HAL_Driver/Src/stm32f7xx_hal_dma2d.o
 .debug_info    0x000000000000ba10      0x794 ./Drivers/STM32F7xx_HAL_Driver/Src/stm32f7xx_hal_gpio.o
 .debug_info    0x000000000000c1a4     0x112a ./Drivers/STM32F7xx_HAL_Driver/Src/stm32f7xx_hal_ltdc.o
 .debug_info    0x000000000000d2ce      0x92e ./Drivers/STM32F7xx_HAL_Driver/Src/stm32f7xx_hal_pwr_ex.o
 .debug_info    0x000000000000dbfc     0x135e ./Drivers/STM32F7xx_HAL_Driver/Src/stm32f7xx_hal_qspi.o
 .debug_info    0x000000000000ef5a      0x99c ./Drivers/STM32F7xx_HAL_Driver/Src/stm32f7xx_hal_rcc.o
 .debug_info    0x000000000000f8f6      0x764 ./Drivers/STM32F7xx_HAL_Driver/Src/stm32f7xx_hal_rcc_ex.o
 .debug_info    0x000000000001005a      0xdb3 ./Drivers/STM32F7xx_HAL_Driver/Src/stm32f7xx_hal_sdram.o
 .debug_info    0x0000000000010e0d     0x3ccc ./Drivers/STM32F7xx_HAL_Driver/Src/stm32f7xx_hal_uart.o
 .debug_info    0x0000000000014ad9      0xcb6 ./Drivers/STM32F7xx_HAL_Driver/Src/stm32f7xx_ll_fmc.o

.debug_abbrev   0x0000000000000000     0x2e31
 .debug_abbrev  0x0000000000000000      0x328 ./Core/Src/main.o
 .debug_abbrev  0x0000000000000328      0x25d ./Core/Src/stm32f7xx_hal_msp.o
 .debug_abbrev  0x0000000000000585      0x17b ./Core/Src/stm32f7xx_it.o
 .debug_abbrev  0x0000000000000700       0xbb ./Core/Src/sysmem.o
 .debug_abbrev  0x00000000000007bb      0x136 ./Core/Src/system_stm32f7xx.o
 .debug_abbrev  0x00000000000008f1       0x12 ./Core/Startup/startup_stm32f750n8hx.o
 .debug_abbrev  0x0000000000000903      0x32d ./Drivers/BSP/stm32f7508_discovery_lcd.o
 .debug_abbrev  0x0000000000000c30      0x26f ./Drivers/BSP/stm32f7508_discovery_sdram.o
 .debug_abbrev  0x0000000000000e9f      0x20d ./Drivers/STM32F7xx_HAL_Driver/Src/stm32f7xx_hal.o
 .debug_abbrev  0x00000000000010ac      0x316 ./Drivers/STM32F7xx_HAL_Driver/Src/stm32f7xx_hal_cortex.o
 .debug_abbrev  0x00000000000013c2      0x1d8 ./Drivers/STM32F7xx_HAL_Driver/Src/stm32f7xx_hal_crc.o
 .debug_abbrev  0x000000000000159a      0x146 ./Drivers/STM32F7xx_HAL_Driver/Src/stm32f7xx_hal_crc_ex.o
 .debug_abbrev  0x00000000000016e0      0x25b ./Drivers/STM32F7xx_HAL_Driver/Src/stm32f7xx_hal_dma.o
 .debug_abbrev  0x000000000000193b      0x22e ./Drivers/STM32F7xx_HAL_Driver/Src/stm32f7xx_hal_dma2d.o
 .debug_abbrev  0x0000000000001b69      0x1c4 ./Drivers/STM32F7xx_HAL_Driver/Src/stm32f7xx_hal_gpio.o
 .debug_abbrev  0x0000000000001d2d      0x233 ./Drivers/STM32F7xx_HAL_Driver/Src/stm32f7xx_hal_ltdc.o
 .debug_abbrev  0x0000000000001f60      0x1cb ./Drivers/STM32F7xx_HAL_Driver/Src/stm32f7xx_hal_pwr_ex.o
 .debug_abbrev  0x000000000000212b      0x267 ./Drivers/STM32F7xx_HAL_Driver/Src/stm32f7xx_hal_qspi.o
 .debug_abbrev  0x0000000000002392      0x27b ./Drivers/STM32F7xx_HAL_Driver/Src/stm32f7xx_hal_rcc.o
 .debug_abbrev  0x000000000000260d      0x1b9 ./Drivers/STM32F7xx_HAL_Driver/Src/stm32f7xx_hal_rcc_ex.o
 .debug_abbrev  0x00000000000027c6      0x227 ./Drivers/STM32F7xx_HAL_Driver/Src/stm32f7xx_hal_sdram.o
 .debug_abbrev  0x00000000000029ed      0x2ce ./Drivers/STM32F7xx_HAL_Driver/Src/stm32f7xx_hal_uart.o
 .debug_abbrev  0x0000000000002cbb      0x176 ./Drivers/STM32F7xx_HAL_Driver/Src/stm32f7xx_ll_fmc.o

.debug_aranges  0x0000000000000000     0x1098
 .debug_aranges
                0x0000000000000000       0x90 ./Core/Src/main.o
 .debug_aranges
                0x0000000000000090       0x60 ./Core/Src/stm32f7xx_hal_msp.o
 .debug_aranges
                0x00000000000000f0       0x70 ./Core/Src/stm32f7xx_it.o
 .debug_aranges
                0x0000000000000160       0x20 ./Core/Src/sysmem.o
 .debug_aranges
                0x0000000000000180       0x28 ./Core/Src/system_stm32f7xx.o
 .debug_aranges
                0x00000000000001a8       0x28 ./Core/Startup/startup_stm32f750n8hx.o
 .debug_aranges
                0x00000000000001d0      0x1d8 ./Drivers/BSP/stm32f7508_discovery_lcd.o
 .debug_aranges
                0x00000000000003a8       0x68 ./Drivers/BSP/stm32f7508_discovery_sdram.o
 .debug_aranges
                0x0000000000000410      0x100 ./Drivers/STM32F7xx_HAL_Driver/Src/stm32f7xx_hal.o
 .debug_aranges
                0x0000000000000510      0x118 ./Drivers/STM32F7xx_HAL_Driver/Src/stm32f7xx_hal_cortex.o
 .debug_aranges
                0x0000000000000628       0x60 ./Drivers/STM32F7xx_HAL_Driver/Src/stm32f7xx_hal_crc.o
 .debug_aranges
                0x0000000000000688       0x30 ./Drivers/STM32F7xx_HAL_Driver/Src/stm32f7xx_hal_crc_ex.o
 .debug_aranges
                0x00000000000006b8       0x90 ./Drivers/STM32F7xx_HAL_Driver/Src/stm32f7xx_hal_dma.o
 .debug_aranges
                0x0000000000000748      0x118 ./Drivers/STM32F7xx_HAL_Driver/Src/stm32f7xx_hal_dma2d.o
 .debug_aranges
                0x0000000000000860       0x58 ./Drivers/STM32F7xx_HAL_Driver/Src/stm32f7xx_hal_gpio.o
 .debug_aranges
                0x00000000000008b8      0x158 ./Drivers/STM32F7xx_HAL_Driver/Src/stm32f7xx_hal_ltdc.o
 .debug_aranges
                0x0000000000000a10       0x80 ./Drivers/STM32F7xx_HAL_Driver/Src/stm32f7xx_hal_pwr_ex.o
 .debug_aranges
                0x0000000000000a90      0x170 ./Drivers/STM32F7xx_HAL_Driver/Src/stm32f7xx_hal_qspi.o
 .debug_aranges
                0x0000000000000c00       0x88 ./Drivers/STM32F7xx_HAL_Driver/Src/stm32f7xx_hal_rcc.o
 .debug_aranges
                0x0000000000000c88       0x50 ./Drivers/STM32F7xx_HAL_Driver/Src/stm32f7xx_hal_rcc_ex.o
 .debug_aranges
                0x0000000000000cd8       0xd0 ./Drivers/STM32F7xx_HAL_Driver/Src/stm32f7xx_hal_sdram.o
 .debug_aranges
                0x0000000000000da8      0x228 ./Drivers/STM32F7xx_HAL_Driver/Src/stm32f7xx_hal_uart.o
 .debug_aranges
                0x0000000000000fd0       0xc8 ./Drivers/STM32F7xx_HAL_Driver/Src/stm32f7xx_ll_fmc.o

.debug_ranges   0x0000000000000000      0xf60
 .debug_ranges  0x0000000000000000       0x80 ./Core/Src/main.o
 .debug_ranges  0x0000000000000080       0x50 ./Core/Src/stm32f7xx_hal_msp.o
 .debug_ranges  0x00000000000000d0       0x60 ./Core/Src/stm32f7xx_it.o
 .debug_ranges  0x0000000000000130       0x10 ./Core/Src/sysmem.o
 .debug_ranges  0x0000000000000140       0x18 ./Core/Src/system_stm32f7xx.o
 .debug_ranges  0x0000000000000158       0x20 ./Core/Startup/startup_stm32f750n8hx.o
 .debug_ranges  0x0000000000000178      0x1c8 ./Drivers/BSP/stm32f7508_discovery_lcd.o
 .debug_ranges  0x0000000000000340       0x58 ./Drivers/BSP/stm32f7508_discovery_sdram.o
 .debug_ranges  0x0000000000000398       0xf0 ./Drivers/STM32F7xx_HAL_Driver/Src/stm32f7xx_hal.o
 .debug_ranges  0x0000000000000488      0x108 ./Drivers/STM32F7xx_HAL_Driver/Src/stm32f7xx_hal_cortex.o
 .debug_ranges  0x0000000000000590       0x50 ./Drivers/STM32F7xx_HAL_Driver/Src/stm32f7xx_hal_crc.o
 .debug_ranges  0x00000000000005e0       0x20 ./Drivers/STM32F7xx_HAL_Driver/Src/stm32f7xx_hal_crc_ex.o
 .debug_ranges  0x0000000000000600       0x80 ./Drivers/STM32F7xx_HAL_Driver/Src/stm32f7xx_hal_dma.o
 .debug_ranges  0x0000000000000680      0x108 ./Drivers/STM32F7xx_HAL_Driver/Src/stm32f7xx_hal_dma2d.o
 .debug_ranges  0x0000000000000788       0x48 ./Drivers/STM32F7xx_HAL_Driver/Src/stm32f7xx_hal_gpio.o
 .debug_ranges  0x00000000000007d0      0x148 ./Drivers/STM32F7xx_HAL_Driver/Src/stm32f7xx_hal_ltdc.o
 .debug_ranges  0x0000000000000918       0x70 ./Drivers/STM32F7xx_HAL_Driver/Src/stm32f7xx_hal_pwr_ex.o
 .debug_ranges  0x0000000000000988      0x160 ./Drivers/STM32F7xx_HAL_Driver/Src/stm32f7xx_hal_qspi.o
 .debug_ranges  0x0000000000000ae8       0x78 ./Drivers/STM32F7xx_HAL_Driver/Src/stm32f7xx_hal_rcc.o
 .debug_ranges  0x0000000000000b60       0x40 ./Drivers/STM32F7xx_HAL_Driver/Src/stm32f7xx_hal_rcc_ex.o
 .debug_ranges  0x0000000000000ba0       0xc0 ./Drivers/STM32F7xx_HAL_Driver/Src/stm32f7xx_hal_sdram.o
 .debug_ranges  0x0000000000000c60      0x248 ./Drivers/STM32F7xx_HAL_Driver/Src/stm32f7xx_hal_uart.o
 .debug_ranges  0x0000000000000ea8       0xb8 ./Drivers/STM32F7xx_HAL_Driver/Src/stm32f7xx_ll_fmc.o

.debug_macro    0x0000000000000000    0x28e4e
 .debug_macro   0x0000000000000000      0x3e5 ./Core/Src/main.o
 .debug_macro   0x00000000000003e5      0xa78 ./Core/Src/main.o
 .debug_macro   0x0000000000000e5d      0x2b1 ./Core/Src/main.o
 .debug_macro   0x000000000000110e       0x2e ./Core/Src/main.o
 .debug_macro   0x000000000000113c       0x3b ./Core/Src/main.o
 .debug_macro   0x0000000000001177       0x22 ./Core/Src/main.o
 .debug_macro   0x0000000000001199       0x8e ./Core/Src/main.o
 .debug_macro   0x0000000000001227       0x51 ./Core/Src/main.o
 .debug_macro   0x0000000000001278      0x103 ./Core/Src/main.o
 .debug_macro   0x000000000000137b       0x6a ./Core/Src/main.o
 .debug_macro   0x00000000000013e5      0x1df ./Core/Src/main.o
 .debug_macro   0x00000000000015c4       0x1c ./Core/Src/main.o
 .debug_macro   0x00000000000015e0       0x22 ./Core/Src/main.o
 .debug_macro   0x0000000000001602       0xd9 ./Core/Src/main.o
 .debug_macro   0x00000000000016db     0x12cd ./Core/Src/main.o
 .debug_macro   0x00000000000029a8      0x11f ./Core/Src/main.o
 .debug_macro   0x0000000000002ac7       0x19 ./Core/Src/main.o
 .debug_macro   0x0000000000002ae0    0x19864 ./Core/Src/main.o
 .debug_macro   0x000000000001c344       0x6d ./Core/Src/main.o
 .debug_macro   0x000000000001c3b1     0x3749 ./Core/Src/main.o
 .debug_macro   0x000000000001fafa      0x174 ./Core/Src/main.o
 .debug_macro   0x000000000001fc6e       0x63 ./Core/Src/main.o
 .debug_macro   0x000000000001fcd1     0x1939 ./Core/Src/main.o
 .debug_macro   0x000000000002160a      0x6c4 ./Core/Src/main.o
 .debug_macro   0x0000000000021cce      0x185 ./Core/Src/main.o
 .debug_macro   0x0000000000021e53      0x115 ./Core/Src/main.o
 .debug_macro   0x0000000000021f68      0x1fd ./Core/Src/main.o
 .debug_macro   0x0000000000022165       0xa5 ./Core/Src/main.o
 .debug_macro   0x000000000002220a      0x24f ./Core/Src/main.o
 .debug_macro   0x0000000000022459       0x41 ./Core/Src/main.o
 .debug_macro   0x000000000002249a       0x58 ./Core/Src/main.o
 .debug_macro   0x00000000000224f2      0x236 ./Core/Src/main.o
 .debug_macro   0x0000000000022728       0xc7 ./Core/Src/main.o
 .debug_macro   0x00000000000227ef       0x4c ./Core/Src/main.o
 .debug_macro   0x000000000002283b      0x208 ./Core/Src/main.o
 .debug_macro   0x0000000000022a43      0x124 ./Core/Src/main.o
 .debug_macro   0x0000000000022b67      0x230 ./Core/Src/main.o
 .debug_macro   0x0000000000022d97       0x12 ./Core/Src/main.o
 .debug_macro   0x0000000000022da9      0x516 ./Core/Src/main.o
 .debug_macro   0x00000000000232bf      0x22c ./Core/Src/main.o
 .debug_macro   0x00000000000234eb       0x61 ./Core/Src/main.o
 .debug_macro   0x000000000002354c       0xa5 ./Core/Src/main.o
 .debug_macro   0x00000000000235f1      0x255 ./Core/Src/main.o
 .debug_macro   0x0000000000023846      0x12e ./Core/Src/main.o
 .debug_macro   0x0000000000023974      0x108 ./Core/Src/main.o
 .debug_macro   0x0000000000023a7c       0x35 ./Core/Src/main.o
 .debug_macro   0x0000000000023ab1      0x2d4 ./Core/Src/main.o
 .debug_macro   0x0000000000023d85      0x757 ./Core/Src/main.o
 .debug_macro   0x00000000000244dc      0x19f ./Core/Src/main.o
 .debug_macro   0x000000000002467b      0x56d ./Core/Src/main.o
 .debug_macro   0x0000000000024be8       0x44 ./Core/Src/main.o
 .debug_macro   0x0000000000024c2c      0x15b ./Core/Src/main.o
 .debug_macro   0x0000000000024d87       0x22 ./Core/Src/main.o
 .debug_macro   0x0000000000024da9       0x40 ./Core/Src/main.o
 .debug_macro   0x0000000000024de9       0xa0 ./Core/Src/main.o
 .debug_macro   0x0000000000024e89      0x25f ./Core/Src/main.o
 .debug_macro   0x00000000000250e8       0x10 ./Core/Src/main.o
 .debug_macro   0x00000000000250f8      0x119 ./Core/Src/main.o
 .debug_macro   0x0000000000025211       0x52 ./Core/Src/main.o
 .debug_macro   0x0000000000025263       0x1e ./Core/Src/main.o
 .debug_macro   0x0000000000025281       0x3c ./Core/Src/main.o
 .debug_macro   0x00000000000252bd       0x34 ./Core/Src/main.o
 .debug_macro   0x00000000000252f1       0x16 ./Core/Src/main.o
 .debug_macro   0x0000000000025307       0x35 ./Core/Src/main.o
 .debug_macro   0x000000000002533c      0x341 ./Core/Src/main.o
 .debug_macro   0x000000000002567d       0x10 ./Core/Src/main.o
 .debug_macro   0x000000000002568d       0x16 ./Core/Src/main.o
 .debug_macro   0x00000000000256a3       0x43 ./Core/Src/main.o
 .debug_macro   0x00000000000256e6       0x34 ./Core/Src/main.o
 .debug_macro   0x000000000002571a       0x10 ./Core/Src/main.o
 .debug_macro   0x000000000002572a       0x58 ./Core/Src/main.o
 .debug_macro   0x0000000000025782       0x71 ./Core/Src/main.o
 .debug_macro   0x00000000000257f3       0x1c ./Core/Src/main.o
 .debug_macro   0x000000000002580f      0x12a ./Core/Src/main.o
 .debug_macro   0x0000000000025939       0x10 ./Core/Src/main.o
 .debug_macro   0x0000000000025949       0x1c ./Core/Src/main.o
 .debug_macro   0x0000000000025965       0x52 ./Core/Src/main.o
 .debug_macro   0x00000000000259b7       0x22 ./Core/Src/main.o
 .debug_macro   0x00000000000259d9       0x10 ./Core/Src/main.o
 .debug_macro   0x00000000000259e9       0x52 ./Core/Src/main.o
 .debug_macro   0x0000000000025a3b       0xd5 ./Core/Src/main.o
 .debug_macro   0x0000000000025b10       0x1c ./Core/Src/main.o
 .debug_macro   0x0000000000025b2c       0x3d ./Core/Src/main.o
 .debug_macro   0x0000000000025b69       0x16 ./Core/Src/main.o
 .debug_macro   0x0000000000025b7f      0x145 ./Core/Src/main.o
 .debug_macro   0x0000000000025cc4      0x247 ./Core/Src/stm32f7xx_hal_msp.o
 .debug_macro   0x0000000000025f0b      0x251 ./Core/Src/stm32f7xx_it.o
 .debug_macro   0x000000000002615c       0xff ./Core/Src/sysmem.o
 .debug_macro   0x000000000002625b      0x23b ./Core/Src/sysmem.o
 .debug_macro   0x0000000000026496      0x238 ./Core/Src/system_stm32f7xx.o
 .debug_macro   0x00000000000266ce      0x29b ./Drivers/BSP/stm32f7508_discovery_lcd.o
 .debug_macro   0x0000000000026969       0x9a ./Drivers/BSP/stm32f7508_discovery_lcd.o
 .debug_macro   0x0000000000026a03      0x247 ./Drivers/BSP/stm32f7508_discovery_sdram.o
 .debug_macro   0x0000000000026c4a      0x25c ./Drivers/STM32F7xx_HAL_Driver/Src/stm32f7xx_hal.o
 .debug_macro   0x0000000000026ea6      0x238 ./Drivers/STM32F7xx_HAL_Driver/Src/stm32f7xx_hal_cortex.o
 .debug_macro   0x00000000000270de      0x238 ./Drivers/STM32F7xx_HAL_Driver/Src/stm32f7xx_hal_crc.o
 .debug_macro   0x0000000000027316      0x238 ./Drivers/STM32F7xx_HAL_Driver/Src/stm32f7xx_hal_crc_ex.o
 .debug_macro   0x000000000002754e      0x23e ./Drivers/STM32F7xx_HAL_Driver/Src/stm32f7xx_hal_dma.o
 .debug_macro   0x000000000002778c      0x247 ./Drivers/STM32F7xx_HAL_Driver/Src/stm32f7xx_hal_dma2d.o
 .debug_macro   0x00000000000279d3      0x23e ./Drivers/STM32F7xx_HAL_Driver/Src/stm32f7xx_hal_gpio.o
 .debug_macro   0x0000000000027c11      0x238 ./Drivers/STM32F7xx_HAL_Driver/Src/stm32f7xx_hal_ltdc.o
 .debug_macro   0x0000000000027e49      0x250 ./Drivers/STM32F7xx_HAL_Driver/Src/stm32f7xx_hal_pwr_ex.o
 .debug_macro   0x0000000000028099      0x25c ./Drivers/STM32F7xx_HAL_Driver/Src/stm32f7xx_hal_qspi.o
 .debug_macro   0x00000000000282f5      0x25c ./Drivers/STM32F7xx_HAL_Driver/Src/stm32f7xx_hal_rcc.o
 .debug_macro   0x0000000000028551      0x238 ./Drivers/STM32F7xx_HAL_Driver/Src/stm32f7xx_hal_rcc_ex.o
 .debug_macro   0x0000000000028789      0x238 ./Drivers/STM32F7xx_HAL_Driver/Src/stm32f7xx_hal_sdram.o
 .debug_macro   0x00000000000289c1      0x255 ./Drivers/STM32F7xx_HAL_Driver/Src/stm32f7xx_hal_uart.o
 .debug_macro   0x0000000000028c16      0x238 ./Drivers/STM32F7xx_HAL_Driver/Src/stm32f7xx_ll_fmc.o

.debug_line     0x0000000000000000    0x14b02
 .debug_line    0x0000000000000000      0xdf5 ./Core/Src/main.o
 .debug_line    0x0000000000000df5      0x998 ./Core/Src/stm32f7xx_hal_msp.o
 .debug_line    0x000000000000178d      0x8b3 ./Core/Src/stm32f7xx_it.o
 .debug_line    0x0000000000002040      0x52b ./Core/Src/sysmem.o
 .debug_line    0x000000000000256b      0x840 ./Core/Src/system_stm32f7xx.o
 .debug_line    0x0000000000002dab       0x86 ./Core/Startup/startup_stm32f750n8hx.o
 .debug_line    0x0000000000002e31     0x17aa ./Drivers/BSP/stm32f7508_discovery_lcd.o
 .debug_line    0x00000000000045db      0x98d ./Drivers/BSP/stm32f7508_discovery_sdram.o
 .debug_line    0x0000000000004f68      0xad1 ./Drivers/STM32F7xx_HAL_Driver/Src/stm32f7xx_hal.o
 .debug_line    0x0000000000005a39      0xd57 ./Drivers/STM32F7xx_HAL_Driver/Src/stm32f7xx_hal_cortex.o
 .debug_line    0x0000000000006790      0xb01 ./Drivers/STM32F7xx_HAL_Driver/Src/stm32f7xx_hal_crc.o
 .debug_line    0x0000000000007291      0x876 ./Drivers/STM32F7xx_HAL_Driver/Src/stm32f7xx_hal_crc_ex.o
 .debug_line    0x0000000000007b07     0x1020 ./Drivers/STM32F7xx_HAL_Driver/Src/stm32f7xx_hal_dma.o
 .debug_line    0x0000000000008b27     0x125d ./Drivers/STM32F7xx_HAL_Driver/Src/stm32f7xx_hal_dma2d.o
 .debug_line    0x0000000000009d84      0xc45 ./Drivers/STM32F7xx_HAL_Driver/Src/stm32f7xx_hal_gpio.o
 .debug_line    0x000000000000a9c9     0x17bb ./Drivers/STM32F7xx_HAL_Driver/Src/stm32f7xx_hal_ltdc.o
 .debug_line    0x000000000000c184      0xa46 ./Drivers/STM32F7xx_HAL_Driver/Src/stm32f7xx_hal_pwr_ex.o
 .debug_line    0x000000000000cbca     0x152e ./Drivers/STM32F7xx_HAL_Driver/Src/stm32f7xx_hal_qspi.o
 .debug_line    0x000000000000e0f8      0xf12 ./Drivers/STM32F7xx_HAL_Driver/Src/stm32f7xx_hal_rcc.o
 .debug_line    0x000000000000f00a      0xecd ./Drivers/STM32F7xx_HAL_Driver/Src/stm32f7xx_hal_rcc_ex.o
 .debug_line    0x000000000000fed7      0xd0c ./Drivers/STM32F7xx_HAL_Driver/Src/stm32f7xx_hal_sdram.o
 .debug_line    0x0000000000010be3     0x3185 ./Drivers/STM32F7xx_HAL_Driver/Src/stm32f7xx_hal_uart.o
 .debug_line    0x0000000000013d68      0xd9a ./Drivers/STM32F7xx_HAL_Driver/Src/stm32f7xx_ll_fmc.o

.debug_str      0x0000000000000000    0xf95a3
 .debug_str     0x0000000000000000    0xf4d67 ./Core/Src/main.o
                                      0xf55be (size before relaxing)
 .debug_str     0x00000000000f4d67      0x345 ./Core/Src/stm32f7xx_hal_msp.o
                                      0xef8d7 (size before relaxing)
 .debug_str     0x00000000000f50ac      0x11b ./Core/Src/stm32f7xx_it.o
                                      0xee9f8 (size before relaxing)
 .debug_str     0x00000000000f51c7      0x4da ./Core/Src/sysmem.o
                                       0x5dca (size before relaxing)
 .debug_str     0x00000000000f56a1      0x1a4 ./Core/Src/system_stm32f7xx.o
                                      0xee68e (size before relaxing)
 .debug_str     0x00000000000f5845       0x36 ./Core/Startup/startup_stm32f750n8hx.o
                                         0x72 (size before relaxing)
 .debug_str     0x00000000000f587b      0xbec ./Drivers/BSP/stm32f7508_discovery_lcd.o
                                      0xf16e9 (size before relaxing)
 .debug_str     0x00000000000f6467      0x45a ./Drivers/BSP/stm32f7508_discovery_sdram.o
                                      0xef70c (size before relaxing)
 .debug_str     0x00000000000f68c1      0x40c ./Drivers/STM32F7xx_HAL_Driver/Src/stm32f7xx_hal.o
                                      0xef006 (size before relaxing)
 .debug_str     0x00000000000f6ccd      0x312 ./Drivers/STM32F7xx_HAL_Driver/Src/stm32f7xx_hal_cortex.o
                                      0xeeff1 (size before relaxing)
 .debug_str     0x00000000000f6fdf       0xc6 ./Drivers/STM32F7xx_HAL_Driver/Src/stm32f7xx_hal_crc.o
                                      0xee6c9 (size before relaxing)
 .debug_str     0x00000000000f70a5       0x69 ./Drivers/STM32F7xx_HAL_Driver/Src/stm32f7xx_hal_crc_ex.o
                                      0xee683 (size before relaxing)
 .debug_str     0x00000000000f710e      0x30d ./Drivers/STM32F7xx_HAL_Driver/Src/stm32f7xx_hal_dma.o
                                      0xee9cd (size before relaxing)
 .debug_str     0x00000000000f741b      0x361 ./Drivers/STM32F7xx_HAL_Driver/Src/stm32f7xx_hal_dma2d.o
                                      0xeeba1 (size before relaxing)
 .debug_str     0x00000000000f777c       0xcc ./Drivers/STM32F7xx_HAL_Driver/Src/stm32f7xx_hal_gpio.o
                                      0xee74c (size before relaxing)
 .debug_str     0x00000000000f7848      0x251 ./Drivers/STM32F7xx_HAL_Driver/Src/stm32f7xx_hal_ltdc.o
                                      0xeebd7 (size before relaxing)
 .debug_str     0x00000000000f7a99      0x1d1 ./Drivers/STM32F7xx_HAL_Driver/Src/stm32f7xx_hal_pwr_ex.o
                                      0xee8fd (size before relaxing)
 .debug_str     0x00000000000f7c6a      0x70c ./Drivers/STM32F7xx_HAL_Driver/Src/stm32f7xx_hal_qspi.o
                                      0xef029 (size before relaxing)
 .debug_str     0x00000000000f8376      0x247 ./Drivers/STM32F7xx_HAL_Driver/Src/stm32f7xx_hal_rcc.o
                                      0xee9f0 (size before relaxing)
 .debug_str     0x00000000000f85bd      0x147 ./Drivers/STM32F7xx_HAL_Driver/Src/stm32f7xx_hal_rcc_ex.o
                                      0xee928 (size before relaxing)
 .debug_str     0x00000000000f8704      0x2c7 ./Drivers/STM32F7xx_HAL_Driver/Src/stm32f7xx_hal_sdram.o
                                      0xeec79 (size before relaxing)
 .debug_str     0x00000000000f89cb      0x844 ./Drivers/STM32F7xx_HAL_Driver/Src/stm32f7xx_hal_uart.o
                                      0xef33d (size before relaxing)
 .debug_str     0x00000000000f920f      0x394 ./Drivers/STM32F7xx_HAL_Driver/Src/stm32f7xx_ll_fmc.o
                                      0xeeacf (size before relaxing)

.comment        0x0000000000000000       0x50
 .comment       0x0000000000000000       0x50 ./Core/Src/main.o
                                         0x51 (size before relaxing)
 .comment       0x0000000000000050       0x51 ./Core/Src/stm32f7xx_hal_msp.o
 .comment       0x0000000000000050       0x51 ./Core/Src/stm32f7xx_it.o
 .comment       0x0000000000000050       0x51 ./Core/Src/sysmem.o
 .comment       0x0000000000000050       0x51 ./Core/Src/system_stm32f7xx.o
 .comment       0x0000000000000050       0x51 ./Drivers/BSP/stm32f7508_discovery_lcd.o
 .comment       0x0000000000000050       0x51 ./Drivers/BSP/stm32f7508_discovery_sdram.o