../Core/Src/main.c:88:5:main	264	static
../Core/Src/main.c:174:6:SystemClock_Config	88	static
../Core/Src/main.c:228:13:MX_CRC_Init	8	static
../Core/Src/main.c:259:13:MX_DMA2D_Init	8	static
../Core/Src/main.c:296:13:MX_LTDC_Init	112	static
../Core/Src/main.c:378:13:MX_QUADSPI_Init	8	static
../Core/Src/main.c:413:13:MX_UART4_Init	8	static
../Core/Src/main.c:448:13:MX_USART6_UART_Init	8	static
../Core/Src/main.c:483:13:MX_GPIO_Init	40	static
../Core/Src/main.c:503:13:LCD_Config	8	static
../Core/Src/main.c:527:6:Error_Handler	4	static,ignoring_inline_asm
