../Core/Src/main.c:89:5:main	264	static
../Core/Src/main.c:175:13:LCD_Config	8	static
../Core/Src/main.c:192:6:SystemClock_Config	88	static
../Core/Src/main.c:246:13:MX_CRC_Init	8	static
../Core/Src/main.c:277:13:MX_DMA2D_Init	8	static
../Core/Src/main.c:314:13:MX_LTDC_Init	112	static
../Core/Src/main.c:396:13:MX_QUADSPI_Init	8	static
../Core/Src/main.c:431:13:MX_USART6_UART_Init	8	static
../Core/Src/main.c:466:13:MX_GPIO_Init	40	static
../Core/Src/main.c:493:6:Error_Handler	4	static,ignoring_inline_asm
