../Drivers/BSP/stm32f7508_discovery_sd.c:132:9:BSP_SD_Init	16	static
../Drivers/BSP/stm32f7508_discovery_sd.c:183:9:BSP_SD_DeInit	16	static
../Drivers/BSP/stm32f7508_discovery_sd.c:206:9:BSP_SD_ITConfig	32	static
../Drivers/BSP/stm32f7508_discovery_sd.c:228:9:BSP_SD_IsDetected	16	static
../Drivers/BSP/stm32f7508_discovery_sd.c:249:9:BSP_SD_ReadBlocks	32	static
../Drivers/BSP/stm32f7508_discovery_sd.c:269:9:BSP_SD_WriteBlocks	32	static
../Drivers/BSP/stm32f7508_discovery_sd.c:288:9:BSP_SD_ReadBlocks_DMA	24	static
../Drivers/BSP/stm32f7508_discovery_sd.c:308:9:BSP_SD_WriteBlocks_DMA	24	static
../Drivers/BSP/stm32f7508_discovery_sd.c:327:9:BSP_SD_Erase	16	static
../Drivers/BSP/stm32f7508_discovery_sd.c:345:13:BSP_SD_MspInit	56	static
../Drivers/BSP/stm32f7508_discovery_sd.c:444:13:BSP_SD_Detect_MspInit	40	static
../Drivers/BSP/stm32f7508_discovery_sd.c:464:13:BSP_SD_MspDeInit	16	static
../Drivers/BSP/stm32f7508_discovery_sd.c:501:9:BSP_SD_GetCardState	8	static
../Drivers/BSP/stm32f7508_discovery_sd.c:512:6:BSP_SD_GetCardInfo	16	static
../Drivers/BSP/stm32f7508_discovery_sd.c:523:6:HAL_SD_AbortCallback	16	static
../Drivers/BSP/stm32f7508_discovery_sd.c:533:6:HAL_SD_TxCpltCallback	16	static
../Drivers/BSP/stm32f7508_discovery_sd.c:543:6:HAL_SD_RxCpltCallback	16	static
../Drivers/BSP/stm32f7508_discovery_sd.c:552:13:BSP_SD_AbortCallback	4	static
../Drivers/BSP/stm32f7508_discovery_sd.c:561:13:BSP_SD_WriteCpltCallback	4	static
../Drivers/BSP/stm32f7508_discovery_sd.c:570:13:BSP_SD_ReadCpltCallback	4	static
